06-29 13:16:07.037 D/BL-ProcStateCpuUsage(15666): dbusUid is null
06-29 13:16:07.037 D/BL-ProcStateCpuUsage(15666): dbusUid is null
06-29 13:16:07.037 D/BL-ProcStateCpuUsage(15666): totalRunningTime is 0
06-29 13:16:07.037 D/BL-ProcStateCpuUsage(15666): dbusUid is null
06-29 13:16:07.037 D/BL-ProcStateCpuUsage(15666): dbusUid is null
06-29 13:16:07.037 D/BL-ProcStateCpuUsage(15666): dbusUid is null
06-29 13:16:07.037 D/BL-ProcStateCpuUsage(15666): dbusUid is null
06-29 13:16:07.037 D/BL-ProcStateCpuUsage(15666): dbusUid is null
06-29 13:16:07.037 D/BL-ProcStateCpuUsage(15666): dbusUid is null
06-29 13:16:07.037 D/BL-ProcStateCpuUsage(15666): totalRunningTime is 0
06-29 13:16:07.037 D/BL-ProcStateCpuUsage(15666): dbusUid is null
06-29 13:16:07.037 D/BL-ProcStateCpuUsage(15666): totalRunningTime is 0
06-29 13:16:07.037 D/BL-ProcStateCpuUsage(15666): dbusUid is null
06-29 13:16:07.037 D/BL-ProcStateCpuUsage(15666): totalRunningTime is 0
06-29 13:16:07.037 D/BL-ProcStateCpuUsage(15666): dbusUid is null
06-29 13:16:07.037 D/BL-ProcStateCpuUsage(15666): dbusUid is null
06-29 13:16:07.037 D/BL-ProcStateCpuUsage(15666): totalRunningTime is 0
06-29 13:16:07.037 D/BL-ProcStateCpuUsage(15666): dbusUid is null
06-29 13:16:07.037 D/BL-ProcStateCpuUsage(15666): dbusUid is null
06-29 13:16:07.037 D/BL-ProcStateCpuUsage(15666): totalRunningTime is 0
06-29 13:16:07.037 D/BL-ProcStateCpuUsage(15666): totalRunningTime is 0
06-29 13:16:07.037 D/BL-ProcStateCpuUsage(15666): dbusUid is null
06-29 13:16:07.037 D/BL-ProcStateCpuUsage(15666): dbusUid is null
06-29 13:16:07.037 D/BL-ProcStateCpuUsage(15666): dbusUid is null
06-29 13:16:07.037 D/BL-ProcStateCpuUsage(15666): dbusUid is null
06-29 13:16:07.037 D/BL-ProcStateCpuUsage(15666): totalRunningTime is 0
06-29 13:16:07.037 D/BL-ProcStateCpuUsage(15666): dbusUid is null
06-29 13:16:07.037 D/BL-ProcStateCpuUsage(15666): dbusUid is null
06-29 13:16:07.037 D/BL-ProcStateCpuUsage(15666): totalRunningTime is 0
06-29 13:16:07.037 D/BL-ProcStateCpuUsage(15666): totalRunningTime is 0
06-29 13:16:07.037 D/BL-ProcStateCpuUsage(15666): dbusUid is null
06-29 13:16:07.037 D/BL-ProcStateCpuUsage(15666): totalRunningTime is 0
06-29 13:16:07.037 D/BL-ProcStateCpuUsage(15666): totalRunningTime is 0
06-29 13:16:07.037 D/BL-ProcStateCpuUsage(15666): dbusUid is null
06-29 13:16:07.037 D/BL-ProcStateCpuUsage(15666): dbusUid is null
06-29 13:16:07.037 D/BL-ProcStateCpuUsage(15666): totalRunningTime is 0
06-29 13:16:07.037 D/BL-ProcStateCpuUsage(15666): totalRunningTime is 0
06-29 13:16:07.037 D/BL-ProcStateCpuUsage(15666): totalRunningTime is 0
06-29 13:16:07.037 D/BL-ProcStateCpuUsage(15666): dbusUid is null
06-29 13:16:07.037 D/BL-ProcStateCpuUsage(15666): dbusUid is null
06-29 13:16:07.037 D/BL-ProcStateCpuUsage(15666): totalRunningTime is 0
06-29 13:16:07.037 D/BL-ProcStateCpuUsage(15666): totalRunningTime is 0
06-29 13:16:07.037 D/BL-ProcStateCpuUsage(15666): totalRunningTime is 0
06-29 13:16:07.037 D/BL-ProcStateCpuUsage(15666): dbusUid is null
06-29 13:16:07.037 D/BL-ProcStateCpuUsage(15666): dbusUid is null
06-29 13:16:07.037 D/BL-ProcStateCpuUsage(15666): totalRunningTime is 0
06-29 13:16:07.037 D/BL-ProcStateCpuUsage(15666): totalRunningTime is 0
06-29 13:16:07.037 D/BL-ProcStateCpuUsage(15666): totalRunningTime is 0
06-29 13:16:07.037 D/BL-ProcStateCpuUsage(15666): totalRunningTime is 0
06-29 13:16:07.037 D/BL-ProcStateCpuUsage(15666): totalRunningTime is 0
06-29 13:16:07.037 D/BL-ProcStateCpuUsage(15666): dbusUid is null
06-29 13:16:07.037 D/BL-ProcStateCpuUsage(15666): totalRunningTime is 0
06-29 13:16:07.037 D/BL-ProcStateCpuUsage(15666): totalRunningTime is 0
06-29 13:16:07.037 D/BL-ProcStateCpuUsage(15666): totalRunningTime is 0
06-29 13:16:07.037 D/BL-ProcStateCpuUsage(15666): dbusUid is null
06-29 13:16:07.037 D/BL-ProcStateCpuUsage(15666): dbusUid is null
06-29 13:16:07.037 D/BL-ProcStateCpuUsage(15666): totalRunningTime is 0
06-29 13:16:07.037 D/BL-ProcStateCpuUsage(15666): dbusUid is null
06-29 13:16:07.037 D/BL-ProcStateCpuUsage(15666): totalRunningTime is 0
06-29 13:16:07.037 D/BL-ProcStateCpuUsage(15666): dbusUid is null
06-29 13:16:07.037 D/BL-ProcStateCpuUsage(15666): totalRunningTime is 0
06-29 13:16:07.037 D/BL-ProcStateCpuUsage(15666): totalRunningTime is 0
06-29 13:16:07.037 D/BL-ProcStateCpuUsage(15666): totalRunningTime is 0
06-29 13:16:07.037 D/BL-ProcStateCpuUsage(15666): totalRunningTime is 0
06-29 13:16:07.037 D/BL-ProcStateCpuUsage(15666): totalRunningTime is 0
06-29 13:16:07.037 D/BL-ProcStateCpuUsage(15666): totalRunningTime is 0
06-29 13:16:07.037 D/BL-ProcStateCpuUsage(15666): totalRunningTime is 0
06-29 13:16:07.037 D/BL-ProcStateCpuUsage(15666): totalRunningTime is 0
06-29 13:16:07.037 D/BL-ProcStateCpuUsage(15666): totalRunningTime is 0
06-29 13:16:07.037 D/BL-ProcStateCpuUsage(15666): totalRunningTime is 0
06-29 13:16:07.037 D/BL-ProcStateCpuUsage(15666): totalRunningTime is 0
06-29 13:16:07.037 D/BL-ProcStateCpuUsage(15666): totalRunningTime is 0
06-29 13:16:07.037 D/BL-ProcStateCpuUsage(15666): totalRunningTime is 0
06-29 13:16:07.037 D/BL-ProcStateCpuUsage(15666): totalRunningTime is 0
06-29 13:16:07.037 D/BL-ProcStateCpuUsage(15666): totalRunningTime is 0
06-29 13:16:07.037 D/BL-ProcStateCpuUsage(15666): totalRunningTime is 0
06-29 13:16:07.037 D/BL-ProcStateCpuUsage(15666): totalRunningTime is 0
06-29 13:16:07.038 W/DFS-DeltaDataManager(15666): Warning! fileIndex is same as last one.
06-29 13:16:07.040 D/DFS-DetectorManager(15666): detector is com.miui.powerkeeper.dfs.detector.AppDetector@b7d4388
06-29 13:16:07.041 D/DFS-AppDetector(15666): Skip! totalStateTime is too big, totalStateTime=20874, totalTime=1794
06-29 13:16:07.041 D/DFS-AppDetector(15666): Skip! totalStateTime is too big, totalStateTime=26391, totalTime=7636
06-29 13:16:07.041 D/DFS-AppDetector(15666): Skip! totalStateTime is too big, totalStateTime=28321, totalTime=62
06-29 13:16:07.044 D/JavaheapMonitor(15666): Java heap used=7M max=256M, proc: com.miui.powerkeeper
06-29 13:16:07.044 V/JavaheapMonitor(15666): Check java heap usage finished! Next check delay: 300000
06-29 13:16:07.044 I/GID     (21821): PKG: com.google.android.apps.wellbeing IG ? false
06-29 13:16:07.045 D/DFS-AppDetector(15666): Skip! totalStateTime is too big, totalStateTime=18883, totalTime=5099
06-29 13:16:07.047 I/GID     (21821): PKG: com.xiaomi.discover IG ? false
06-29 13:16:07.047 D/DFS-AppDetector(15666): Skip! totalStateTime is too big, totalStateTime=17120, totalTime=4741
06-29 13:16:07.048 I/GID     (21821): PKG: com.google.android.apps.tachyon IG ? false
06-29 13:16:07.048 D/DFS-AppDetector(15666): Skip! totalStateTime is too big, totalStateTime=13652, totalTime=1147
06-29 13:16:07.048 D/DFS-AppDetector(15666): Skip! totalStateTime is too big, totalStateTime=24723, totalTime=3071
06-29 13:16:07.050 I/GID     (21821): PKG: com.google.android.apps.youtube.music IG ? false
06-29 13:16:07.051 I/GID     (21821): PKG: hr.asseco.android.zaba.new IG ? false
06-29 13:16:07.052 I/GID     (21821): PKG: com.restaumatic.restoran_santa_maria IG ? false
06-29 13:16:07.052 D/DFS-AppDetector(15666): Skip! totalStateTime is too big, totalStateTime=120627, totalTime=96642
06-29 13:16:07.053 E/vendor.xiaomi.hardware.micharge-service( 1938): micharge getBatteryCommonInfo
06-29 13:16:07.054 D/IMiCharge(15666): MiCharge get common method : getRawChargeFull result : 
06-29 13:16:07.056 D/BL-BSHelper(15666): getTotalBatteryCapacity charge_full=5383000,sChargeFullShift=1000
06-29 13:16:07.056 D/DFS-DetectorManager(15666): detector is com.miui.powerkeeper.dfs.detector.SystemDetector@ec9946
06-29 13:16:07.056 D/DFS-FaultReporter(15666): reportFault:Fault:[eventId=903000000:W-CPU, level=1, faultClass=0, multiple=false, duration=1250872, endTime=1782731766546, endTimeString=2026-06-29 13:16:07.053, chargeCounter=5383.0, screenOnTime=1175477, screenOffTime=75395, onBatteryTime=1250872, discharge=167, avgCurrent=480, logFlags=4354179, startLevel=87, endLevel=84, chargeFull=5383, descArray=0:CPU#cache ratio , version=3106010, desc=CPU#cache ratio] ## AppFault[uid=10444, pkg='com.duckduckgo.mobile.android', appFaultType=1[CPU, null, null, null, null, null, null, null, null, null, null, null], power=40.207043999999996, cpuInfo=CpuInfo{totalTime=369593, power=22.221622999999994, userTime=270780, systemTime=98813, cpuUsage=54, fgTime=171475, fgUsage=42, fgsTime=0, fgsUsage=0, bgTime=99369, bgUsage=0, cacheTime=105600, cacheUsage=38, bigCoreUsage=58}, runningInfo=RunningInfo{totalRunningTime=675788, fgActivityTime=402794, fgServiceTime=0, bgTime=31, cacheTime=272963}, wifiInfo=null, mobileInfo=null, audioDuration=null, videoDuration=null, alarmCount=0, cameraDuration=null, flashlightDuration=null, wakelockInfo=null, sensorInfo=null, gpsInfo=null, btInfo=null]
06-29 13:16:07.057 D/MiSight:(15666):  sendEvent id=903000002
06-29 13:16:07.057 D/MiSightJni(15666): MiSight: Java_com_miui_misight_MiSight_nativeSendEvent enter called. '{"packageName":"com.duckduckgo.mobile.android","appPower":40,"uid":10444,"appVersion":"5.285.0","appFaultType":["CPU"],"logRequired":"abhmnorw","checkScene":0,"desc":"CPU#cache ratio","commonInfo":{"discharged":167,"avgCurrent":480,"duration":1250872,"endTime":"2026-06-29 13:16:07.053","screenOnTime":1175477,"screenOffTime":75395,"onBatteryTime":1250872,"startLevel":87,"endLevel":84,"chargeFull":5383,"temperature":36206,"multiple":false,"version":3106010},"runningInfo":{"fgActivityTime":402794,"fgServiceTime":0,"bgTime":31,"cacheTime":272963,"totalRunningTime":675788},"cpu":{"power":22,"totalTime":369593,"userTime":270780,"systemTime":98813,"fgRatio":42,"fgsRatio":0,"bgRatio":0,"cacheRatio":38,"totalRatio":54,"bigCoreRatio":58,"energyDetail":0,"powerDetail":0}}'
06-29 13:16:07.057 D/MiEvent (15666): MiEvent: this 0x7cb98427f0, paylod=0xb400007d7c2cd2c0
06-29 13:16:07.057 D/MiEvent (15666): flatten EventId 903000002 -t 1782731767 -paraList {"appFaultType":["CPU"],"appPower":40,"appVersion":"5.285.0","checkScene":0,"commonInfo":{"avgCurrent":480,"chargeFull":5383,"discharged":167,"duration":1250872,"endLevel":84,"endTime":"2026-06-29 13:16:07.053","multiple":false,"onBatteryTime":1250872,"screenOffTime":75395,"screenOnTime":1175477,"startLevel":87,"temperature":36206,"version":3106010},"cpu":{"bgRatio":0,"bigCoreRatio":58,"cacheRatio":38,"energyDetail":0,"fgRatio":42,"fgsRatio":0,"power":22,"powerDetail":0,"systemTime":98813,"totalRatio":54,"totalTime":369593,"userTime":270780},"desc":"CPU#cache ratio","logRequired":"abhmnorw","packageName":"com.duckduckgo.mobile.android","runningInfo":{"bgTime":31,"cacheTime":272963,"fgActivityTime":402794,"fgServiceTime":0,"totalRunningTime":675788},"uid":10444}
06-29 13:16:07.057 D/MiEvent (15666): report:EventId 903000002 -t 1782731767 -paraList {"appFaultType":["CPU"],"appPower":40,"appVersion":"5.285.0","checkScene":0,"commonInfo":{"avgCurrent":480,"chargeFull":5383,"discharged":167,"duration":1250872,"endLevel":84,"endTime":"2026-06-29 13:16:07.053","multiple":false,"onBatteryTime":1250872,"screenOffTime":75395,"screenOnTime":1175477,"startLevel":87,"temperature":36206,"version":3106010},"cpu":{"bgRatio":0,"bigCoreRatio":58,"cacheRatio":38,"energyDetail":0,"fgRatio":42,"fgsRatio":0,"power":22,"powerDetail":0,"systemTime":98813,"totalRatio":54,"totalTime":369593,"userTime":270780},"desc":"CPU#cache ratio","logRequired":"abhmnorw","packageName":"com.duckduckgo.mobile.android","runningInfo":{"bgTime":31,"cacheTime":272963,"fgActivityTime":402794,"fgServiceTime":0,"totalRunningTime":675788},"uid":10444} success
06-29 13:16:07.057 D/MiEvent (15666): ~MiEvent: this 0x7cb98427f0, paylod=0xb400007d7c2cd2c0
06-29 13:16:07.057 D/DFS-DetectorManager(15666): doCheck finished.
06-29 13:16:07.058 I/misight ( 2248): OnEvent EventPrivacyCompliance event=903000002
06-29 13:16:07.058 D/misight ( 2248): ProcessEvent devVersion==OS3.0.301.0.WPQEUXM,faultLevel=2,prv=3 region=eea
06-29 13:16:07.059 D/misight ( 2248): ProcessEvent devVersion==OS3.0.301.0.WPQEUXM,faultLevel=2,prv=3 region=eea
06-29 13:16:07.059 D/misight ( 2248): ProcessEvent devVersion==OS3.0.301.0.WPQEUXM,faultLevel=2,prv=3 region=eea
06-29 13:16:07.060 D/misight ( 2248): ProcessEvent devVersion==OS3.0.301.0.WPQEUXM,faultLevel=2,prv=3 region=eea
06-29 13:16:07.060 D/misight ( 2248): GetDefJsonValue not include bluetooth
06-29 13:16:07.060 D/misight ( 2248): GetDefJsonValue not include wifi
06-29 13:16:07.060 D/misight ( 2248): GetDefJsonValue not include modem
06-29 13:16:07.061 D/misight ( 2248): GetDefJsonValue not include sensor
06-29 13:16:07.061 D/misight ( 2248): GetDefJsonValue not include audio
06-29 13:16:07.061 D/misight ( 2248): GetDefJsonValue not include video
06-29 13:16:07.061 D/misight ( 2248): GetDefJsonValue not include camera
06-29 13:16:07.061 D/misight ( 2248): GetDefJsonValue not include flashlight
06-29 13:16:07.061 D/misight ( 2248): GetDefJsonValue not include gps
06-29 13:16:07.061 D/misight ( 2248): GetDefJsonValue not include wakelock
06-29 13:16:07.061 D/misight ( 2248): GetDefJsonValue not include alarm
06-29 13:16:07.061 I/misight ( 2248): OnEvent EventStorageManager event=903000002,2
06-29 13:16:07.061 D/misight ( 2248): ProcessNewDayEvent event happen time 1782731767,start time=1782684000,restart=1
06-29 13:16:07.062 D/misight ( 2248): ProcessNewDayEvent event happen time 1782731767, last=1782731691,start time=1782684000,next day =1782770400, interval=39574
06-29 13:16:07.062 D/misight ( 2248): Execute start execute sql /data/miuilog/misight/event.db:select id,event_id,daily_cnt,over_cnt,hour_cnt,next_expire_time,last_happen_time,last_log_time from event_daily where event_id = '903000002' limit 1
06-29 13:16:07.062 D/misight ( 2248): GetEventQuota parser retrun sub domain 903000002 in [903000000,903114999]
06-29 13:16:07.062 D/misight ( 2248): IsPluginInPipeline not find plugin EventLogProcessor
06-29 13:16:07.062 D/misight ( 2248): CheckAndGetLogTime plugin log catch not exist, no check upload xml
06-29 13:16:07.063 D/misight ( 2248): Execute start execute sql /data/miuilog/misight/event.db:insert into event_daily (event_id,daily_cnt,over_cnt,hour_cnt,next_expire_time,last_happen_time,last_log_time)  values ( 903000002,1,0,1,1782735367,1782731767,0) 
06-29 13:16:07.064 D/DFS-DebugDataManager(15666): createFileIfNeeded, file not exists: /data/miuilog/power/dfs_debug_data/260629.131606/CPU.csv
06-29 13:16:07.065 D/misight ( 2248): Execute start execute sql /data/miuilog/misight/event.db:select id,occured_cnt from event_info where event_id = '903000002' and version_id = '4' and param_list = '{"appFaultType":["CPU"],"appPower":40,"appVersion":"5.285.0","checkScene":0,"commonInfo":{"avgCurrent":480,"chargeFull":5383,"discharged":167,"duration":1250872,"endLevel":84,"endTime":"2026-06-29 13:16:07.053","multiple":0,"onBatteryTime":1250872,"screenOffTime":75395,"screenOnTime":1175477,"startLevel":87,"temperature":36206,"version":3106010},"cpu":{"bgRatio":0,"bigCoreRatio":58,"cacheRatio":38,"energyDetail":0,"fgRatio":42,"fgsRatio":0,"power":22,"powerDetail":0,"systemTime":98813,"totalRatio":54,"totalTime":369593,"userTime":270780},"desc":"CPU#cache ratio","logRequired":"abhmnorw","packageName":"com.duckduckgo.mobile.android","runningInfo":{"bgTime":31,"cacheTime":272963,"fgActivityTime":402794,"fgServiceTime":0,"totalRunningTime":675788},"uid":10444}' and time_id = '52' limit 1
06-29 13:16:07.073 D/misight ( 2248): Execute start execute sql /data/miuilog/misight/event.db:insert into event_info (event_id,version_id,occured_cnt,first_time,param_list,expire,visible,time_id)  values ( 903000002,4,1,1782731767,'{"appFaultType":["CPU"],"appPower":40,"appVersion":"5.285.0","checkScene":0,"commonInfo":{"avgCurrent":480,"chargeFull":5383,"discharged":167,"duration":1250872,"endLevel":84,"endTime":"2026-06-29 13:16:07.053","multiple":0,"onBatteryTime":1250872,"screenOffTime":75395,"screenOnTime":1175477,"startLevel":87,"temperature":36206,"version":3106010},"cpu":{"bgRatio":0,"bigCoreRatio":58,"cacheRatio":38,"energyDetail":0,"fgRatio":42,"fgsRatio":0,"power":22,"powerDetail":0,"systemTime":98813,"totalRatio":54,"totalTime":369593,"userTime":270780},"desc":"CPU#cache ratio","logRequired":"abhmnorw","packageName":"com.duckduckgo.mobile.android","runningInfo":{"bgTime":31,"cacheTime":272963,"fgActivityTime":402794,"fgServiceTime":0,"totalRunningTime":675788},"uid":10444}',0,0,52) 
06-29 13:16:07.075 D/vendor.qti.bluetooth@1.0-wake_lock( 1773): Release wakelock is released 
06-29 13:16:07.075 E/h:DaemonService(32134): hiddenapi: Accessing hidden method Landroid/os/Debug$MemoryInfo;->getOtherSwappedOutPss(I)I (runtime_flags=0, domain=platform, api=max-target-o) from Lhealth/compact/a/ReflectionUtils; (domain=app, TargetSdkVersion=34) using reflection: denied
06-29 13:16:07.075 E/h:DaemonService(32134): hiddenapi: Accessing hidden method Landroid/os/Debug$MemoryInfo;->getOtherSwappedOutPss(I)I (runtime_flags=0, domain=platform, api=max-target-o) from Lhealth/compact/a/ReflectionUtils; (domain=app, TargetSdkVersion=34) using reflection: denied
06-29 13:16:07.075 E/h:DaemonService(32134): hiddenapi: Accessing hidden method Landroid/os/Debug$MemoryInfo;->getOtherSwappedOutPss(I)I (runtime_flags=0, domain=platform, api=max-target-o) from Lhealth/compact/a/ReflectionUtils; (domain=app, TargetSdkVersion=34) using reflection: denied
06-29 13:16:07.075 E/h:DaemonService(32134): hiddenapi: Accessing hidden method Landroid/os/Debug$MemoryInfo;->getOtherSwappedOutPss(I)I (runtime_flags=0, domain=platform, api=max-target-o) from Lhealth/compact/a/ReflectionUtils; (domain=app, TargetSdkVersion=34) using reflection: denied
06-29 13:16:07.075 E/h:DaemonService(32134): hiddenapi: Accessing hidden method Landroid/os/Debug$MemoryInfo;->getOtherSwappedOut(I)I (runtime_flags=0, domain=platform, api=max-target-o) from Lhealth/compact/a/ReflectionUtils; (domain=app, TargetSdkVersion=34) using reflection: denied
06-29 13:16:07.075 E/h:DaemonService(32134): hiddenapi: Accessing hidden method Landroid/os/Debug$MemoryInfo;->getOtherSwappedOut(I)I (runtime_flags=0, domain=platform, api=max-target-o) from Lhealth/compact/a/ReflectionUtils; (domain=app, TargetSdkVersion=34) using reflection: denied
06-29 13:16:07.076 I/HAF_MemoryUtils(32134): 1600104310|R|I|total-pss=62518, java-heap=19224, native-heap=14204, code=3600, system=20742, threads=67, importance=(125, 0), dex-mmap=(18978, 2908, 0, 0), ver=16.1.4.310
06-29 13:16:07.077 I/HAF_ScreenUtil(32134): 1600104310|R|I|isScreenOn false
06-29 13:16:07.077 I/misight ( 2248): OnEvent EventInfoPack event 903000002
06-29 13:16:07.078 E/th:PhoneService(32237): hiddenapi: Accessing hidden method Landroid/os/Debug$MemoryInfo;->getOtherSwappedOutPss(I)I (runtime_flags=0, domain=platform, api=max-target-o) from Lhealth/compact/a/ReflectionUtils; (domain=app, TargetSdkVersion=34) using reflection: denied
06-29 13:16:07.078 E/th:PhoneService(32237): hiddenapi: Accessing hidden method Landroid/os/Debug$MemoryInfo;->getOtherSwappedOutPss(I)I (runtime_flags=0, domain=platform, api=max-target-o) from Lhealth/compact/a/ReflectionUtils; (domain=app, TargetSdkVersion=34) using reflection: denied
06-29 13:16:07.206 I/ActivityManager( 2823): unbindService com.android.server.am.ActiveServices@748405a conn=android.os.BinderProxy@fdc5f05 callingPid=446
06-29 13:16:07.207 I/vendor.qti.hardware.servicetrackeraidl-service( 1910): unbindService is called for service : com.google.android.gms/.chimera.PersistentDirectBootAwareApiService and for client com.google.android.gm
06-29 13:16:07.207 I/vendor.qti.hardware.servicetrackeraidl-service( 1910): size of client connections for client: com.google.android.gmafter removal is 4
06-29 13:16:07.935 D/vendor.xiaomi.hardware.mimd2( 1638): TimerManager::Polling: epoll_wait cause a yield, e_num:-1
06-29 13:16:07.935 D/vendor.xiaomi.hardware.mimd2( 1638): PsiMonitorManager::Polling: epoll_wait cause a yield
06-29 13:16:07.935 D/vendor.xiaomi.hardware.mimd2( 1638): PsiMonitorManager::Polling: epoll_wait invalid return errno=4 Interrupted system call
06-29 13:16:07.935 D/vendor.xiaomi.hardware.mimd2( 1638): TimerManager::Polling: epoll_wait invalid return errno=4 Interrupted system call
06-29 13:16:07.937 E/vendor.qti.hardware.perf2-hal-service( 1901): ExtendedPerfBoost: timer_thread_start() 63: timer_thread_start: epoll wait failed, errno = 4
06-29 13:16:07.938 E/libusbconfigfs( 1817): epoll wait did not return descriptor number
06-29 13:16:07.939 D/tcmd    ( 2184): waiting on events (-1ms)
06-29 13:16:07.945 I/AidlSensorManager( 2823): aidl_ssvc_poll: spurious wake up, back to work
06-29 13:16:07.983 W/libc    ( 1014): Access denied finding property "suspend.debug.wakestats_log.enabled"
06-29 13:16:07.984 I/QLM-Service( 6647): LimitsService daemon exited
06-29 13:16:07.984 E/PowerInsightClientProxy( 2823): framework 254 WLAN_CE_2 suspendEnd 54872848 suspendDuration 567
06-29 13:16:07.986 I/libc    (    1): kill: send 9 to pid -6647
06-29 13:16:07.986 I/libc    (    1): debug pid reuse, real pid -6647
06-29 13:16:07.986 E/PowerInsightPolicy( 2823): sPowerInsightService null!
06-29 13:16:08.227 E/vendor.qti.hardware.perf2-hal-service( 1901): ExtendedPerfBoost: timer_thread_start() 63: timer_thread_start: epoll wait failed, errno = 4
06-29 13:16:08.228 D/tcmd    ( 2184): waiting on events (-1ms)
06-29 13:16:08.228 E/libusbconfigfs( 1817): epoll wait did not return descriptor number
06-29 13:16:08.236 I/AidlSensorManager( 2823): aidl_ssvc_poll: spurious wake up, back to work
06-29 13:16:08.272 W/libc    ( 1014): Access denied finding property "suspend.debug.wakestats_log.enabled"
06-29 13:16:08.273 E/PowerInsightClientProxy( 2823): framework Abort: Device alarmtimer.0.auto failed to suspend: error -16 suspendEnd 54873136 suspendDuration 0
06-29 13:16:08.273 E/PowerInsightPolicy( 2823): sPowerInsightService null!
06-29 13:16:08.618 D/ActionExecute( 2823): frozen uid = 10430 reason=check binder
06-29 13:16:08.619 D/ActionExecute( 2823): setPkgData uid = 10430 time=0
06-29 13:16:08.619 D/ExternalInterface( 2823): setUidState, uid = 10430 allow = false
06-29 13:16:08.620 D/MiSensorServiceImpl( 2823): PowerKeeperSensor stop iUid:10430 but app has Controlled
06-29 13:16:08.620 D/ActionExecute( 2823): setPkgData uid = 10430 time=3000
06-29 13:16:08.681 E/VRI[StatusBar]( 4790): performDraw: Not drawing due to screen off
06-29 13:16:08.686 D/ControlCenterHeaderExpandController( 4790): onExpansionChanged: progress =  0.0
06-29 13:16:08.687 D/ControlCenterHeaderExpandController( 4790): onExpansionChanged: progress =  0.0
06-29 13:16:08.691 I/ClockDeviceConfig( 4790): get bounds = Rect(0, 0 - 1080, 2392)
06-29 13:16:08.696 D/ControlCenterHeaderExpandController( 4790): onExpansionChanged: progress =  0.0
06-29 13:16:08.697 E/VRI[NotificationShade]( 4790): performDraw: Not drawing due to screen off
06-29 13:16:09.207 D/LogUtil_LogConfig(32237): getLogFile(): logFilePath = /data/user/0/com.huawei.health/files/com.huawei.health/com.huawei.health_PhoneService/
06-29 13:16:09.208 D/LogUtil_LogConfig(32237): acquireMaxLogFileLengthContainsOffset describe: com.huawei.health:PhoneService result:10485760
06-29 13:16:09.363 D/AlarmManager( 2823): [xiaomi_power]sending alarm Alarm{457c8df type 2 origWhen 54874225 whenElapsed 54874225 com.xiaomi.xmsf} with listener tag null stats tag *walarm*:com.xiaomi.push.PING_TIMER package name com.xiaomi.xmsf at 54874225 ms
06-29 13:16:09.366 D/AlarmManager( 2823): mBroadcastRefCount -> 1
06-29 13:16:09.367 D/PowerManagerService( 2823): [xiaomi_power]acquireWakeLockInternal: lock=197778990, flags=0x1, tag="*alarm*", ws=WorkSource{10224 chains=WorkChain{(10185), (1000, JobScheduler)}}, uid=1000, pid=2823
06-29 13:16:09.370 I/whetstone.activity( 2823): Power Event callback listener is empty for resId=128
06-29 13:16:09.371 D/BatteryStatsManagerStub( 2823): notifyEvent for resId=128 used 1ms
06-29 13:16:09.395 W/PushService(13161): [Tid:2] onStart() with intent.Action = com.xiaomi.push.timer, chid = null, pkg = null|null
06-29 13:16:09.396 W/PushService(13161): [Tid:492] [Job] Handle intent action = com.xiaomi.push.timer
06-29 13:16:09.397 W/PushService(13161): [Tid:492] [Alarm] Service called on timer
06-29 13:16:09.397 W/PushService(13161): [Tid:492] [Alarm] register alarm. (false)
06-29 13:16:09.397 W/PushService(13161): [Tid:492] [HB] ping interval:600000
06-29 13:16:09.403 W/PushService(13161): [Tid:492] [Slim] SND ping id=0
06-29 13:16:09.406 W/PushService(13161): [Tid:484] [Alarm] heartbeat alarm finish in 22
06-29 13:16:09.409 D/AlarmManager( 2823): mBroadcastRefCount -> 0
06-29 13:16:09.409 D/AlarmManager( 2823): mPendingIntent -> PendingIntent{30d3a75: PendingIntentRecord{4203114 com.xiaomi.xmsf broadcastIntent}}
06-29 13:16:09.409 D/PowerManagerService( 2823): [xiaomi_power]releaseWakeLockInternal: lock=197778990 [*alarm*], flags=0x0
06-29 13:16:09.677 D/GreezeManager( 2823): FZ uid = 10374 reason =from system success !
06-29 13:16:09.679 D/ActionExecute( 2823): frozen uid = 10374 reason=from system
06-29 13:16:09.680 D/ActionExecute( 2823): setPkgData uid = 10374 time=0
06-29 13:16:09.681 D/ExternalInterface( 2823): setUidState, uid = 10374 allow = false
06-29 13:16:09.682 D/ActionExecute( 2823): setPkgData uid = 10374 time=3000
06-29 13:16:09.821 D/LogUtil_LogConfig(32134): getLogFile(): logFilePath = /data/user/0/com.huawei.health/files/com.huawei.health/com.huawei.health_DaemonService/
06-29 13:16:09.931 W/PushService(13161): [Tid:862] [Slim] RCV ping id=0
06-29 13:16:09.972 D/SLM-SRV-SLAService( 2823): checktemp temperature = 34882 temperature_average = 35611 isPerformanceMode = false thermal_enable_slm = true
06-29 13:16:09.998 I/MiuiNetworkPolicy( 2823): updateUidState uid = 10102, uidState = 19
06-29 13:16:10.017 D/JavaheapMonitor(12090): Java heap used=39M max=256M, proc: com.google.android.apps.messaging
06-29 13:16:10.017 V/JavaheapMonitor(12090): Check java heap usage finished! Next check delay: 300000
06-29 13:16:11.217 D/vendor.xiaomi.hardware.mimd2( 1638): TimerManager::Polling: epoll_wait cause a yield, e_num:-1
06-29 13:16:11.217 D/vendor.xiaomi.hardware.mimd2( 1638): TimerManager::Polling: epoll_wait invalid return errno=4 Interrupted system call
06-29 13:16:11.219 E/vendor.qti.hardware.perf2-hal-service( 1901): ExtendedPerfBoost: timer_thread_start() 63: timer_thread_start: epoll wait failed, errno = 4
06-29 13:16:11.219 E/libusbconfigfs( 1817): epoll wait did not return descriptor number
06-29 13:16:11.219 D/vendor.xiaomi.hardware.mimd2( 1638): PsiMonitorManager::Polling: epoll_wait cause a yield
06-29 13:16:11.220 D/vendor.xiaomi.hardware.mimd2( 1638): PsiMonitorManager::Polling: epoll_wait invalid return errno=4 Interrupted system call
06-29 13:16:11.222 D/tcmd    ( 2184): waiting on events (-1ms)
06-29 13:16:11.228 I/AidlSensorManager( 2823): aidl_ssvc_poll: spurious wake up, back to work
06-29 13:16:11.265 D/JavaheapMonitor(14462): Java heap used=2M max=256M, proc: android.process.media
06-29 13:16:11.265 V/JavaheapMonitor(14462): Check java heap usage finished! Next check delay: 300000
06-29 13:16:11.266 E/PowerInsightClientProxy( 2823): framework 254 WLAN_CE_2 suspendEnd 54876129 suspendDuration 861
06-29 13:16:11.266 E/PowerInsightPolicy( 2823): sPowerInsightService null!
06-29 13:16:11.377 D/JavaheapMonitor(10513): Java heap used=8M max=512M, proc: android.process.acore
06-29 13:16:11.378 V/JavaheapMonitor(10513): Check java heap usage finished! Next check delay: 300000
06-29 13:16:11.937 E/vendor.qti.hardware.perf2-hal-service( 1901): ExtendedPerfBoost: timer_thread_start() 63: timer_thread_start: epoll wait failed, errno = 4
06-29 13:16:11.937 E/libusbconfigfs( 1817): epoll wait did not return descriptor number
06-29 13:16:11.939 D/tcmd    ( 2184): waiting on events (-1ms)
06-29 13:16:11.946 I/AidlSensorManager( 2823): aidl_ssvc_poll: spurious wake up, back to work
06-29 13:16:11.979 I/adbd    (10515): adbd service requested 'shell,v2:export ANDROID_LOG_TAGS=''; exec logcat '-d' '-v' 'time''
06-29 13:16:11.987 E/PowerInsightClientProxy( 2823): framework 254 WLAN_CE_2 suspendEnd 54876850 suspendDuration 411
06-29 13:16:11.988 E/PowerInsightPolicy( 2823): sPowerInsightService null!
