06-29 13:17:50.688 I/ClockDeviceConfig( 4790): get bounds = Rect(0, 0 - 1080, 2392)
06-29 13:17:50.688 W/SDM     ( 1897): HWEventsDRM::SetEventState: Registration of already registered hw event 14 occurred!!
06-29 13:17:50.689 D/ClassicClockView( 4790): lineCount= 1 signatureMaxWidth=688 textWidth=0.0 signatureLineMoreThanSingle=false
06-29 13:17:50.689 D/ClockBaseAnimation( 4790): com.android.keyguard.clock.animation.classic.ClassicClockAnimation@2966999 updateTimeViewAlpha alpha: 1.0
06-29 13:17:50.689 I/ClassicClockView( 4790): setShowFullTime = true
06-29 13:17:50.691 D/TouchInteractionService( 3958): onSystemUiFlagsChanged, mSystemUiStateFlags=580001ce
06-29 13:17:50.692 D/KeyguardPanelViewController( 4790): WallpaperParam   toLock WallPaperAnimProcess : 0.0
06-29 13:17:50.692 I/IPCThreadState( 2037): oneway function results for code 79 on binder at 0xb40000744c78dfa0 will be dropped but finished with status 1 (Unknown error -1)
06-29 13:17:50.692 I/IPCThreadState( 2037): oneway function results for code 80 on binder at 0xb40000744c78dfa0 will be dropped but finished with status 1 (Unknown error -1)
06-29 13:17:50.692 I/IPCThreadState( 2037): oneway function results for code 79 on binder at 0xb40000744c78dfa0 will be dropped but finished with status 1 (Unknown error -1)
06-29 13:17:50.692 D/QtiLinkBandwidthEstimator-1( 4725): handleMessage: 4
06-29 13:17:50.692 D/QtiLinkBandwidthEstimator-0( 4725): handleMessage: 4
06-29 13:17:50.693 I/ClockDeviceConfig( 4790): get bounds = Rect(0, 0 - 1080, 2392)
06-29 13:17:50.694 D/NotificationHeaderExpandController( 4790): onExpansionChanged: progress =  1.0
06-29 13:17:50.695 W/SDM-histogram( 1897): Discarding event blob-id: 8F
06-29 13:17:50.696 D/MI-SF   ( 2037): ScreenFadeAnim Changed hasScreenFadeAnim=0
06-29 13:17:50.697 D/MI-SF   ( 2037): FodEngineCore  onChangeState:  stateIndex:2  value:0
06-29 13:17:50.697 D/KeyguardViewMediator( 4790): handleKeyguardDoneDrawing
06-29 13:17:50.697 D/KeyguardViewMediator( 4790): KeyguardViewMediator queue processing message: KEYGUARD_DONE_DRAWING
06-29 13:17:50.698 E/HwcComposer( 2037): presentOrValidateDisplay 0 presentFence:-1
06-29 13:17:50.698 D/BroadcastExecutor(11396): BroadcastExecutor : 2
06-29 13:17:50.698 W/SDM     ( 1897): HWEventsDRM::SetEventState: Registration of already registered hw event 14 occurred!!
06-29 13:17:50.700 I/ClockDeviceConfig( 4790): get bounds = Rect(0, 0 - 1080, 2392)
06-29 13:17:50.701 D/odm-fp-daemon( 2389): extCmd: cmd=2, param=0
06-29 13:17:50.703 I/NearbyDiscovery( 5534): (REDACTED) FastPairHandler: Received action %s
06-29 13:17:50.701 D/odm-fp-daemon( 2389): FodEngineCore  fingerprintConditionUpdate stateIndex:2 value:0
06-29 13:17:50.704 W/RenderInspector( 4790): DequeueBuffer time out on NotificationShade, count=21, avg=28 ms, max=99 ms.
06-29 13:17:50.704 D/odm-fp-daemon( 2389): checkFodTouchStatus FP:0 gxzwAnim:0 colorfade:0 lockoutmode:0 powermode:2 TouchEnable:0
06-29 13:17:50.704 E/HwcComposer( 2037): presentOrValidateDisplay 0 presentFence:-1
06-29 13:17:50.705 W/SDM     ( 1897): HWEventsDRM::SetEventState: Registration of already registered hw event 14 occurred!!
06-29 13:17:50.705 I/NearbyDiscovery( 5534): (REDACTED) PureOffloadFastPairScanner: eventType=%s, isInternalReq=%s, isScanning=%s, isScanningAllowed=%s
06-29 13:17:50.705 D/TouchInteractionService( 3958): onSystemUiFlagsChanged, mSystemUiStateFlags=500001ce
06-29 13:17:50.707 I/ClockDeviceConfig( 4790): get bounds = Rect(0, 0 - 1080, 2392)
06-29 13:17:50.707 E/msys    (32049): E[N mns:DGWClient]_LogError(328)=>Failed to resolve using system DNS resolver, getaddrinfo(): No address associated with hostname
06-29 13:17:50.712 E/HwcComposer( 2037): presentOrValidateDisplay 0 presentFence:-1
06-29 13:17:50.713 W/SDM     ( 1897): HWEventsDRM::SetEventState: Registration of already registered hw event 14 occurred!!
06-29 13:17:50.715 I/sensors-hal( 1798): handle_indication_realtime:467,  SCHED_FIFO(10) for qmi_cbk
06-29 13:17:50.715 I/ClockDeviceConfig( 4790): get bounds = Rect(0, 0 - 1080, 2392)
06-29 13:17:50.717 D/MiRadioProxy( 4384): delayNotifyNrIcon, newIconVal = 1, no delay report
06-29 13:17:50.717 D/ExtTelephonyServiceImpl( 4384): Retrieved callbacks for event = 20 list = [com.qti.extphone.IExtPhoneCallback$Stub$Proxy@f8bbb42, com.qti.extphone.IExtPhoneCallback$Stub$Proxy@94c78f]
06-29 13:17:50.717 D/QtiRadioProxy( 4384): onNrIconType: Responding back for transaction = null
06-29 13:17:50.718 D/PowerKeeper.Audio(15666): COMMON_MSG_SCREEN_ON handleUidAudioMusicZeroResume
06-29 13:17:50.719 I/PowerKeeper.Audio(15666): mMusicZeroDisguiseState is {} size is 0
06-29 13:17:50.719 I/PowerKeeper.Audio(15666): mMusicZeroDisguiseState clear
06-29 13:17:50.719 D/powerkeeper.dfsmutstart(15666): get last app SCREEN_OFF duration is over 1 min
06-29 13:17:50.719 D/powerkeeper.dfsanalyze(15666): screen is on
06-29 13:17:50.718 I/ndroid.systemui( 4790): Background young concurrent mark compact GC freed 18MB AllocSpace bytes, 14(260KB) LOS objects, 25% free, 51MB/69MB, paused 1.957ms,2.184ms total 202.713ms
06-29 13:17:50.719 D/BL-BatteryLifeChecker(15666):  onScreenChanged. screenOn = true
06-29 13:17:50.720 E/vendor.xiaomi.hardware.micharge-service( 1938): micharge getBatteryCommonInfo
06-29 13:17:50.721 E/HwcComposer( 2037): presentOrValidateDisplay 0 presentFence:-1
06-29 13:17:50.721 E/msys    (32049): E[N mns:DGWClient]_LogError(328)=>Failed to resolve using system DNS resolver, getaddrinfo(): No address associated with hostname
06-29 13:17:50.721 W/SDM     ( 1897): HWEventsDRM::SetEventState: Registration of already registered hw event 14 occurred!!
06-29 13:17:50.723 D/FiveGServiceClient( 4790): onNrIconType: slotId = 0 token = Token: -1 statusStatus: 1 NrIconType = NrIconType: 1
06-29 13:17:50.723 I/ClockDeviceConfig( 4790): get bounds = Rect(0, 0 - 1080, 2392)
06-29 13:17:50.723 D/QtiRadioProxy( 4384): onNrIconType: Responding back for transaction = null
06-29 13:17:50.723 W/Settings( 4725): Setting airplane_mode_on has moved from android.provider.Settings.System to android.provider.Settings.Global, returning read-only value.
06-29 13:17:50.724 D/QtiRadioProxyHandler: ( 4384): handleMessage msg.what = 1
06-29 13:17:50.724 D/QtiRadioProxyHandler: ( 4384): EVENT_ON_NR_ICON_TYPE
06-29 13:17:50.724 D/MiRadioProxy( 4384): delayNotifyNrIcon, slotId = 1 newResult = Result{mToken=Token: -1, mStatus=Status: 1, mData=NrIconType: 0} updatedResult = Result{mToken=null, mStatus=null, mData=null}
06-29 13:17:50.724 D/MiRadioProxy( 4384): delayNotifyNrIcon, nonDDS slot event, no delay report
06-29 13:17:50.724 D/ExtTelephonyServiceImpl( 4384): Retrieved callbacks for event = 20 list = [com.qti.extphone.IExtPhoneCallback$Stub$Proxy@f8bbb42, com.qti.extphone.IExtPhoneCallback$Stub$Proxy@94c78f]
06-29 13:17:50.724 D/QtiRadioProxy( 4384): onNrIconType: Responding back for transaction = null
06-29 13:17:50.724 D/FiveGServiceClient( 4790): onNrIconType: slotId = 1 token = Token: -1 statusStatus: 1 NrIconType = NrIconType: 0
06-29 13:17:50.724 W/System.err( 4790): android.provider.Settings$SettingNotFoundException: display_density_forced
06-29 13:17:50.724 D/QtiRadioProxy( 4384): onNrIconType: Responding back for transaction = null
06-29 13:17:50.726 D/BroadcastExecutor(14912): BroadcastExecutor : 2
06-29 13:17:50.729 E/HwcComposer( 2037): presentOrValidateDisplay 0 presentFence:-1
06-29 13:17:50.730 W/SDM     ( 1897): HWEventsDRM::SetEventState: Registration of already registered hw event 14 occurred!!
06-29 13:17:50.732 I/ClockDeviceConfig( 4790): get bounds = Rect(0, 0 - 1080, 2392)
06-29 13:17:50.732 W/System.err( 4790): 	at android.provider.Settings.parseIntSetting(Settings.java:4105)
06-29 13:17:50.732 W/System.err( 4790): 	at android.provider.Settings.-$$Nest$smparseIntSetting(Settings.java:0)
06-29 13:17:50.732 W/System.err( 4790): 	at android.provider.Settings$Secure.getIntForUser(Settings.java:7507)
06-29 13:17:50.732 W/System.err( 4790): 	at android.provider.Settings$Secure.getInt(Settings.java:7500)
06-29 13:17:50.732 W/System.err( 4790): 	at com.miui.keyguard.biometrics.faceunlock.MiuiKeyguardFaceUnlockView.updateFaceUnlockViewForNotch(go/retraceme 5fd7a5fecf668d1cd4618a8a62663351a96d666d334b76e0baadb9128e0dc961:236)
06-29 13:17:50.732 W/System.err( 4790): 	at com.miui.keyguard.biometrics.faceunlock.MiuiKeyguardFaceUnlockView.onFinishInflate(go/retraceme 5fd7a5fecf668d1cd4618a8a62663351a96d666d334b76e0baadb9128e0dc961:9)
06-29 13:17:50.732 W/System.err( 4790): 	at android.view.LayoutInflater.rInflate(LayoutInflater.java:1044)
06-29 13:17:50.732 W/System.err( 4790): 	at android.view.LayoutInflater.rInflateChildren(LayoutInflater.java:987)
06-29 13:17:50.732 W/System.err( 4790): 	at android.view.LayoutInflater.parseInclude(LayoutInflater.java:1166)
06-29 13:17:50.732 W/System.err( 4790): 	at android.view.LayoutInflater.rInflate(LayoutInflater.java:1022)
06-29 13:17:50.732 W/System.err( 4790): 	at android.view.LayoutInflater.rInflateChildren(LayoutInflater.java:987)
06-29 13:17:50.732 W/System.err( 4790): 	at android.view.LayoutInflater.parseInclude(LayoutInflater.java:1166)
06-29 13:17:50.732 W/System.err( 4790): 	at android.view.LayoutInflater.rInflate(LayoutInflater.java:1022)
06-29 13:17:50.732 W/System.err( 4790): 	at android.view.LayoutInflater.rInflateChildren(LayoutInflater.java:987)
06-29 13:17:50.732 W/System.err( 4790): 	at android.view.LayoutInflater.inflate(LayoutInflater.java:585)
06-29 13:17:50.732 W/System.err( 4790): 	at android.view.LayoutInflater.inflate(LayoutInflater.java:469)
06-29 13:17:50.732 W/System.err( 4790): 	at androidx.asynclayoutinflater.view.AsyncLayoutInflater$InflateThread.run(go/retraceme 5fd7a5fecf668d1cd4618a8a62663351a96d666d334b76e0baadb9128e0dc961:18)
06-29 13:17:50.733 D/com.android.bluetooth.ble.app.broadcast.MiuiBleAdvertiseService( 5977): stopScan
06-29 13:17:50.733 I/syswrapper-ble-jni(13451): syswrapper::JNIBleStartBleScanWithDataMask:472 in jni
06-29 13:17:50.734 I/NullBinder( 5534): NullBinder for android.net.action.RECOMMEND_NETWORKS triggering remote TransactionTooLargeException due to Service without Chimera impl, calling uid: 1000, calling pid: 0
06-29 13:17:50.734 W/.gms.persistent( 5534): Large reply transaction of 1056768 bytes, interface descriptor , code 1
06-29 13:17:50.735 I/lyra-BleScanner(13451): startBleScanning enter 0
06-29 13:17:50.735 D/FiveGServiceClient( 4790): cellIdentity = CellIdentityLte:{ mBandwidth=20000 mMcc=219 mMnc=10 mAlphaLong=tomato mAlphaShort=tomato mAdditionalPlmns={} mCsgInfo=null}cellIdentityLte = CellIdentityLte:{ mBandwidth=20000 mMcc=219 mMnc=10 mAlphaLong=tomato mAlphaShort=tomato mAdditionalPlmns={} mCsgInfo=null}, slotId = 0
06-29 13:17:50.735 I/FiveGServiceClient( 4790): invalid subId -1 for slot 1
06-29 13:17:50.735 D/WM-WorkConstraintsTrack(12090): NetworkRequestConstraintController onCapabilitiesChanged callback
06-29 13:17:50.735 D/FiveGServiceClient( 4790): isSameOperatorCard = false, isSameCell = false, dataSlotIdState = mBearerAllocationStatus=0, mPlmn=0, mUpperLayerInd=0, mDcnr=0, mLevel=0, mNrConfigType=0, mIconGroup=IconGroup(5Ge), mNrIconType=1, viceSlotIdState = mBearerAllocationStatus=0, mPlmn=0, mUpperLayerInd=0, mDcnr=0, mLevel=0, mNrConfigType=0, mIconGroup=IconGroup(Unknown), mNrIconType=0, mIsDualNrEnabled = true, mDefaultDataSlotId = 0
06-29 13:17:50.736 I/NetBusNetworkMonitor(13451): onCapabilitiesChanged Cellular
06-29 13:17:50.737 E/HwcComposer( 2037): presentOrValidateDisplay 0 presentFence:-1
06-29 13:17:50.738 W/SDM     ( 1897): HWEventsDRM::SetEventState: Registration of already registered hw event 14 occurred!!
06-29 13:17:50.739 I/adbd    (10515): adbd service requested 'shell,v2,TERM=xterm-256color,raw:am force-stop com.example.quizmaster'
06-29 13:17:50.741 D/IMiCharge(15666): MiCharge get common method : getRawChargeCounter result : 
06-29 13:17:50.741 I/SurfaceComposerClient( 4790): setScreenFadeAnim fadeType:0 0.32
06-29 13:17:50.743 I/lyra-BleScanner(13451): ScanFilter [BluetoothLeScanFilter [mDeviceName=null, mDeviceAddress=null, mUuid=null, mUuidMask=null, mServiceSolicitationUuid=null, mServiceSolicitationUuidMask=null, mServiceDataUuid=0000fcc0-0000-1000-8000-00805f9b34fb, mServiceData=[0, 1, 0, 0, 0, 0, 0, 13, -64], mServiceDataMask=[0, 1, 0, 0, 0, 0, 0, -1, -1], mManufacturerId=-1, mManufacturerData=null, mManufacturerDataMask=null, mAdvertisingDataType=-1, mAdvertisingData=null, mAdvertisingDataMask=null, mTransportBlockFilter=null, mGroupBasedFiltering=false]]
06-29 13:17:50.743 I/lyra-BleScanner(13451): ScanFilter [BluetoothLeScanFilter [mDeviceName=null, mDeviceAddress=null, mUuid=null, mUuidMask=null, mServiceSolicitationUuid=null, mServiceSolicitationUuidMask=null, mServiceDataUuid=null, mServiceData=null, mServiceDataMask=null, mManufacturerId=911, mManufacturerData=[0, 18, 0, 1, 0, 0, 0, 0, 0, 13, -64], mManufacturerDataMask=[0, -1, 0, 1, 0, 0, 0, 0, 0, -1, -1], mAdvertisingDataType=-1, mAdvertisingData=null, mAdvertisingDataMask=null, mTransportBlockFilter=null, mGroupBasedFiltering=false]]
06-29 13:17:50.744 D/BluetoothAdapter(13451): isLeEnabled(): ON
06-29 13:17:50.745 W/libc    ( 1879): Access denied finding property "ro.camera.req.fmq.size"
06-29 13:17:50.746 W/libsensor-boledalgo( 2430): startCalculateLux: drop some sensordata screen on!!!
06-29 13:17:50.746 D/BL-BatteryLifePolicy(15666):  addLastFoldStatusData, discard because screen off.
06-29 13:17:50.746 W/libc    ( 1879): Access denied finding property "ro.camera.res.fmq.size"
06-29 13:17:50.749 I/NullBinder( 5534): NullBinder for android.net.action.RECOMMEND_NETWORKS triggering remote TransactionTooLargeException due to Service without Chimera impl, calling uid: 1000, calling pid: 0
06-29 13:17:50.750 W/.gms.persistent( 5534): Large reply transaction of 1056768 bytes, interface descriptor , code 1
06-29 13:17:50.750 I/CameraImpl( 2222): initializeDeviceInfo 454 roleId:1 cameraId:1
06-29 13:17:50.751 E/HwcComposer( 2037): presentOrValidateDisplay 0 presentFence:-1
06-29 13:17:50.752 W/SDM     ( 1897): HWEventsDRM::SetEventState: Registration of already registered hw event 14 occurred!!
06-29 13:17:50.754 I/ClockDeviceConfig( 4790): get bounds = Rect(0, 0 - 1080, 2392)
06-29 13:17:50.755 D/FiveGServiceClient( 4790): update5GIcon FiveGServiceState: mBearerAllocationStatus=0, mPlmn=0, mUpperLayerInd=0, mDcnr=0, mLevel=0, mNrConfigType=0, mIconGroup=IconGroup(5Ge), mNrIconType=1, mIsUserFiveGEnabled=true, mIsDualNrEnabled=true, cmccSim=false
06-29 13:17:50.755 D/BroadcastExecutor(15666): BroadcastExecutor : 2
06-29 13:17:50.757 D/Camera3-Utils( 2222): Set regular priority for thread (tid 26582)
06-29 13:17:50.760 E/HwcComposer( 2037): presentOrValidateDisplay 0 presentFence:-1
06-29 13:17:50.760 W/SDM     ( 1897): HWEventsDRM::SetEventState: Registration of already registered hw event 14 occurred!!
06-29 13:17:50.762 D/AudioFlingerImpl( 2012): setGameParameters keyvalue: cameraFacing=front
06-29 13:17:50.762 D/DeviceHalAidl( 2012): [default] setParameters: parameters: "cameraFacing=front"
06-29 13:17:50.762 I/AHAL_ModulePrimary_MI( 1838): setVendorParameters: parameter count 1, async: 0
06-29 13:17:50.762 D/AHAL_ModulePrimary_MI( 1838): setVendorParameters parameters id = cameraFacing
06-29 13:17:50.762 D/AHAL_HFP_QTI( 1838): hfp_set_parameters enter
06-29 13:17:50.762 D/AHAL_HFP_QTI( 1838): hfp_set_parameters Exit
06-29 13:17:50.762 D/DeviceHalAidl( 2012): [usb] setParameters: parameters: "cameraFacing=front"
06-29 13:17:50.762 I/ClockDeviceConfig( 4790): get bounds = Rect(0, 0 - 1080, 2392)
06-29 13:17:50.763 E/ConversionHelperAidl( 2012): Function: parseAndSetVendorParameters Line: 94 Failed 
06-29 13:17:50.763 D/DeviceHalAidl( 2012): [r_submix] setParameters: parameters: "cameraFacing=front"
06-29 13:17:50.763 E/ConversionHelperAidl( 2012): Function: parseAndSetVendorParameters Line: 94 Failed 
06-29 13:17:50.763 D/DeviceHalAidl( 2012): [bluetooth] setParameters: parameters: "cameraFacing=front"
06-29 13:17:50.763 I/SurfaceComposerClient( 4790): setScreenFadeAnim fadeType:0 0.41
06-29 13:17:50.763 E/ConversionHelperAidl( 2012): Function: parseAndSetVendorParameters Line: 94 Failed 
06-29 13:17:50.764 D/GreezeManager( 2823): noteCamera uid=1000 on=true
06-29 13:17:50.766 D/MediaPlayer( 4790): finalize() native_finalize called
06-29 13:17:50.766 D/MediaPlayer( 4790): finalize() native_finalize finished
06-29 13:17:50.766 W/Settings(21821): Setting device_provisioned has moved from android.provider.Settings.Secure to android.provider.Settings.Global.
06-29 13:17:50.767 W/System  ( 4790): A resource failed to call release. 
06-29 13:17:50.767 I/JoyoseCloudControlManager3(21821): network metered changed, network metered: false, deviceProvisioned: true, scAllowConn: true, try to setNetworkAccessEnabled: true
06-29 13:17:50.768 E/HwcComposer( 2037): presentOrValidateDisplay 0 presentFence:-1
06-29 13:17:50.768 W/System  ( 4790): A resource failed to call release. 
06-29 13:17:50.768 W/System  ( 4790): A resource failed to call release. 
06-29 13:17:50.768 W/System  ( 4790): A resource failed to call release. 
06-29 13:17:50.768 W/System  ( 4790): A resource failed to call release. 
06-29 13:17:50.768 W/System  ( 4790): A resource failed to call release. 
06-29 13:17:50.768 W/System  ( 4790): A resource failed to call release. 
06-29 13:17:50.768 W/SDM     ( 1897): HWEventsDRM::SetEventState: Registration of already registered hw event 14 occurred!!
06-29 13:17:50.769 I/ClockDeviceConfig( 4790): get bounds = Rect(0, 0 - 1080, 2392)
06-29 13:17:50.768 W/System  ( 4790): A resource failed to call release. 
06-29 13:17:50.771 D/FiveGServiceClient( 4790): cellIdentity = CellIdentityLte:{ mBandwidth=20000 mMcc=219 mMnc=10 mAlphaLong=tomato mAlphaShort=tomato mAdditionalPlmns={} mCsgInfo=null}cellIdentityLte = CellIdentityLte:{ mBandwidth=20000 mMcc=219 mMnc=10 mAlphaLong=tomato mAlphaShort=tomato mAdditionalPlmns={} mCsgInfo=null}, slotId = 0
06-29 13:17:50.771 I/FiveGServiceClient( 4790): invalid subId -1 for slot 1
06-29 13:17:50.771 D/FiveGServiceClient( 4790): isSameOperatorCard = false, isSameCell = false, dataSlotIdState = mBearerAllocationStatus=0, mPlmn=0, mUpperLayerInd=0, mDcnr=0, mLevel=0, mNrConfigType=0, mIconGroup=IconGroup(5Ge), mNrIconType=1, viceSlotIdState = mBearerAllocationStatus=0, mPlmn=0, mUpperLayerInd=0, mDcnr=0, mLevel=0, mNrConfigType=0, mIconGroup=IconGroup(Unknown), mNrIconType=0, mIsDualNrEnabled = true, mDefaultDataSlotId = 0
06-29 13:17:50.773 D/BroadcastExecutor(14912): BroadcastExecutor : 2
06-29 13:17:50.773 W/System  ( 4790): A resource failed to call release. 
06-29 13:17:50.773 I/miface-camera( 1853): open camera success!
06-29 13:17:50.775 D/BroadcastExecutor(15666): BroadcastExecutor : 2
06-29 13:17:50.776 E/HwcComposer( 2037): presentOrValidateDisplay 0 presentFence:-1
06-29 13:17:50.776 I/ClockDeviceConfig( 4790): get bounds = Rect(0, 0 - 1080, 2392)
06-29 13:17:50.777 W/SDM     ( 1897): HWEventsDRM::SetEventState: Registration of already registered hw event 14 occurred!!
06-29 13:17:50.777 W/System  ( 4790): A resource failed to call release. 
06-29 13:17:50.777 W/System  ( 4790): A resource failed to call release. 
06-29 13:17:50.778 W/System  ( 4790): A resource failed to call release. 
06-29 13:17:50.778 D/ScanController( 4286): registerScanner() - UUID=ca3057a7-6b9b-4933-937c-022daeaaf787
06-29 13:17:50.778 E/VendorTagDescriptor( 2222): lookupTag: Tag name 'customizeFunctionMask' does not exist.
06-29 13:17:50.778 E/CameraImpl( 2222): createCustomDefaultRequest 967 failed to find tag customizeFunctionMask
06-29 13:17:50.778 E/VendorTagDescriptor( 2222): lookupTag: Tag name 'trdCloudSwitch' does not exist.
06-29 13:17:50.778 E/CameraImpl( 2222): createCustomDefaultRequest 986 failed to find tag trdCloudSwitch
06-29 13:17:50.779 D/JavaheapMonitor( 4790): Java heap used=51M max=256M, proc: com.android.systemui
06-29 13:17:50.779 V/JavaheapMonitor( 4790): Check java heap usage finished! Next check delay: 180000
06-29 13:17:50.779 I/NetBusNetworkMonitor(13451): onCapabilitiesChanged WIFI isPrimary = true
06-29 13:17:50.779 W/System  ( 4790): A resource failed to call release. 
06-29 13:17:50.779 W/System  ( 4790): A resource failed to call release. 
06-29 13:17:50.779 W/System  ( 4790): A resource failed to call release. 
06-29 13:17:50.781 I/NetworkBoostStatusManager( 2823): handle: 102
06-29 13:17:50.782 I/NetworkBoostStatusManager( 2823): interfaceOnCapabilitiesChanged interface name:wlan0
06-29 13:17:50.782 I/SmartPower: com.mi.appfinder/10171(16873)( 2823): idle->background(76724ms) R(broadcast start Intent { act=android.intent.action.SCREEN_ON flg=0x50200010 }) adj=0.
06-29 13:17:50.782 I/ClockDeviceConfig( 4790): get bounds = Rect(0, 0 - 1080, 2392)
06-29 13:17:50.784 D/AODWakeLock( 4790): longWakeLock : release from:DozeUi#transitionTo hold:false
06-29 13:17:50.784 D/AODWakeLock( 4790): longWakeLock : release after:DozeUi#transitionTo hold:false
06-29 13:17:50.784 D/AODWakeLock( 4790): longWakeLock : release from:DozeMachine#requestState hold:true
06-29 13:17:50.784 E/HwcComposer( 2037): presentOrValidateDisplay 0 presentFence:-1
06-29 13:17:50.785 W/SDM     ( 1897): HWEventsDRM::SetEventState: Registration of already registered hw event 14 occurred!!
06-29 13:17:50.785 D/AODWakeLock( 4790): longWakeLock : release after:DozeMachine#requestState hold:false
06-29 13:17:50.783 I/bt_shim_scanner( 4286): system/main/shim/le_scanning_manager.cc:150 RegisterScanner: in shim layer, UUID=ca3057a7-6b9b-4933-937c-022daeaaf787
06-29 13:17:50.786 D/FiveGServiceClient( 4790): update5GIcon FiveGServiceState: mBearerAllocationStatus=0, mPlmn=0, mUpperLayerInd=0, mDcnr=0, mLevel=0, mNrConfigType=0, mIconGroup=IconGroup(Unknown), mNrIconType=0, mIsUserFiveGEnabled=true, mIsDualNrEnabled=true, cmccSim=false
06-29 13:17:50.786 D/ScanController( 4286): onScannerRegistered() - UUID=ca3057a7-6b9b-4933-937c-022daeaaf787, scannerId=2, status=0
06-29 13:17:50.788 I/SurfaceComposerClient( 4790): setScreenFadeAnim fadeType:0 0.50
06-29 13:17:50.790 I/NetBusNetworkMonitor(13451): gateway=192.$)+.$.1
06-29 13:17:50.792 D/BluetoothLeScanner(13451): onScannerRegistered() - status=0 scannerId=2 mScannerId=0
06-29 13:17:50.792 E/HwcComposer( 2037): presentOrValidateDisplay 0 presentFence:-1
06-29 13:17:50.793 W/SDM     ( 1897): HWEventsDRM::SetEventState: Registration of already registered hw event 14 occurred!!
06-29 13:17:50.794 I/ClockDeviceConfig( 4790): get bounds = Rect(0, 0 - 1080, 2392)
06-29 13:17:50.793 W/binder:1853_2( 1853): type=1400 audit(0.0:11278): avc:  denied  { read } for  name="u:object_r:vendor_frc_prop:s0" dev="tmpfs" ino=511 scontext=u:r:hal_miface_default:s0 tcontext=u:object_r:vendor_frc_prop:s0 tclass=file permissive=0
06-29 13:17:50.800 W/libc    ( 1853): Access denied finding property "vendor.gpp.create_frc_extension"
06-29 13:17:50.801 E/HwcComposer( 2037): presentOrValidateDisplay 0 presentFence:-1
06-29 13:17:50.802 D/ScanController( 4286): Start scan with filters
06-29 13:17:50.802 D/BroadcastExecutor(21821): BroadcastExecutor : 2
06-29 13:17:50.802 W/SDM     ( 1897): HWEventsDRM::SetEventState: Registration of already registered hw event 14 occurred!!
06-29 13:17:50.804 I/ClockDeviceConfig( 4790): get bounds = Rect(0, 0 - 1080, 2392)
06-29 13:17:50.805 D/QCNEJ/NativeAidlConnector( 4670): -> SND notifyDefaultNetworkChanged(1)
06-29 13:17:50.808 I/ClockDeviceConfig( 4790): get bounds = Rect(0, 0 - 1080, 2392)
06-29 13:17:50.808 D/BroadcastExecutor(21821): BroadcastExecutor : 2
06-29 13:17:50.801 W/binder:2222_6( 2222): type=1400 audit(0.0:11279): avc:  denied  { read } for  name="u:object_r:vendor_frc_prop:s0" dev="tmpfs" ino=511 scontext=u:r:cameraserver:s0 tcontext=u:object_r:vendor_frc_prop:s0 tclass=file permissive=0
06-29 13:17:50.808 W/libc    ( 2222): Access denied finding property "vendor.gpp.create_frc_extension"
06-29 13:17:50.809 E/HwcComposer( 2037): presentOrValidateDisplay 0 presentFence:-1
06-29 13:17:50.810 W/SDM     ( 1897): HWEventsDRM::SetEventState: Registration of already registered hw event 14 occurred!!
06-29 13:17:50.805 W/binder:2222_6( 2222): type=1400 audit(0.0:11280): avc:  denied  { read } for  name="u:object_r:vendor_frc_prop:s0" dev="tmpfs" ino=511 scontext=u:r:cameraserver:s0 tcontext=u:object_r:vendor_frc_prop:s0 tclass=file permissive=0
06-29 13:17:50.811 W/libc    ( 2222): Access denied finding property "vendor.gpp.create_frc_extension"
06-29 13:17:50.812 I/cameraserver( 2222): roundBufferDimensionNearest: can't find size 640x480 in xiaomi size
06-29 13:17:50.813 D/ConnectivityService( 2823): NetReassign [no changes] [c 1] [a 49] [i 7]
06-29 13:17:50.814 I/NetBusNetworkMonitor(13451): addConnectNetworkInterface mediumType:256, detail:NetworkDetailInfo{mIsConnected=false, mIsSupportTdls=true, mNetworkType=0, mIpAddress=192.$)+.$.245, mIfName=wlan0, mGateway=192.$)+.$.1, mNetmask=255.%((.%((.0, mSsid=H**38}
06-29 13:17:50.814 I/NearbyMediums( 5534): Wifi changed new SSID: "HT_102938"
06-29 13:17:50.814 I/NearbyMediums( 5534): WifiLanConnectivityInfo is not changed, skip notify.
06-29 13:17:50.815 D/cneJni  ( 4670): sendDefaultNwMsg start
06-29 13:17:50.815 I/ClockDeviceConfig( 4790): get bounds = Rect(0, 0 - 1080, 2392)
06-29 13:17:50.818 E/HwcComposer( 2037): presentOrValidateDisplay 0 presentFence:-1
06-29 13:17:50.818 W/SDM     ( 1897): HWEventsDRM::SetEventState: Registration of already registered hw event 14 occurred!!
06-29 13:17:50.820 I/NetBusNetworkMonitor(13451): onCapabilitiesChanged WIFI handle=450082295821, mediumType=256, ifName=wlan0
06-29 13:17:50.821 I/SurfaceComposerClient( 4790): setScreenFadeAnim fadeType:0 0.62
06-29 13:17:50.822 D/ScanController( 4286): enforcePrivilegedPermissionIfNeeded([BluetoothLeScanFilter [mDeviceName=null, mDeviceAddress=null, mUuid=null, mUuidMask=null, mServiceSolicitationUuid=null, mServiceSolicitationUuidMask=null, mServiceDataUuid=0000fcc0-0000-1000-8000-00805f9b34fb, mServiceData=[0, 1, 0, 0, 0, 0, 0, 13, -64], mServiceDataMask=[0, 1, 0, 0, 0, 0, 0, -1, -1], mManufacturerId=-1, mManufacturerData=null, mManufacturerDataMask=null, mAdvertisingDataType=-1, mAdvertisingData=null, mAdvertisingDataMask=null, mTransportBlockFilter=null, mGroupBasedFiltering=false], BluetoothLeScanFilter [mDeviceName=null, mDeviceAddress=null, mUuid=null, mUuidMask=null, mServiceSolicitationUuid=null, mServiceSolicitationUuidMask=null, mServiceDataUuid=null, mServiceData=null, mServiceDataMask=null, mManufacturerId=911, mManufacturerData=[0, 18, 0, 1, 0, 0, 0, 0, 0, 13, -64], mManufacturerDataMask=[0, -1, 0, 1, 0, 0, 0, 0, 0, -1, -1], mAdvertisingDataType=-1, mAdvertisingData=null, mAdvertisingDataMask=null, mTransportBlockFilter=null, mGroupBasedFiltering=false]])
06-29 13:17:50.824 D/CameraImpl( 2222): updateSessionParams 481 sucessfully update com.miui.face
06-29 13:17:50.824 E/VendorTagDescriptor( 2222): lookupTag: Tag name 'customizeFunctionMask' does not exist.
06-29 13:17:50.824 E/CameraImpl( 2222): updateSessionParams 506 failed to find tag customizeFunctionMask
06-29 13:17:50.824 E/VendorTagDescriptor( 2222): lookupTag: Tag name 'trdCloudSwitch' does not exist.
06-29 13:17:50.824 E/CameraImpl( 2222): updateSessionParams 525 failed to find tag trdCloudSwitch
06-29 13:17:50.824 E/VendorTagDescriptor( 2222): lookupTag: Tag name 'operation' does not exist.
06-29 13:17:50.824 E/CameraImpl( 2222): updateSessionParams 552 failed to find sessionparams.operation
06-29 13:17:50.824 D/Camera3-Utils( 2222): Set real time priority for thread (tid 25020)
06-29 13:17:50.824 I/MiCameraSceneIdentify( 2222): setParameters: stream 0  height is 480 width is 640  format is 35 usecase is 0
06-29 13:17:50.824 D/CameraImpl( 2222): executeSceneIdentify MiStreamUsecase value is 2 
06-29 13:17:50.824 E/VendorTagDescriptor( 2222): lookupTag: Tag name 'MiStreamUsecase' does not exist.
06-29 13:17:50.824 E/CameraImpl( 2222): executeSceneIdentify 1440 failed to find tag
06-29 13:17:50.824 E/VendorTagDescriptor( 2222): lookupTag: Tag name 'activityName' does not exist.
06-29 13:17:50.824 D/ControlCenterHeaderExpandController( 4790): onExpansionChanged: progress =  0.0
06-29 13:17:50.824 D/ControlCenterHeaderExpandController( 4790): onExpansionChanged: progress =  0.0
06-29 13:17:50.825 I/ClockDeviceConfig( 4790): get bounds = Rect(0, 0 - 1080, 2392)
06-29 13:17:50.826 E/HwcComposer( 2037): presentOrValidateDisplay 0 presentFence:-1
06-29 13:17:50.826 D/ControlCenterHeaderExpandController( 4790): onExpansionChanged: progress =  0.0
06-29 13:17:50.827 W/SDM     ( 1897): HWEventsDRM::SetEventState: Registration of already registered hw event 14 occurred!!
06-29 13:17:50.829 E/HwcComposer( 2037): getLuts failed Status(-129, EX_TRANSACTION_FAILED): 'UNKNOWN_TRANSACTION: '
06-29 13:17:50.830 D/InsetsController( 4790): NotificationShade  show: navigationBars android.view.InsetsController@c06a009 android.view.InsetsController.applyAnimation:2241 android.view.InsetsController.applyAnimation:2212 android.view.InsetsController.show:1321 android.view.InsetsController.show:1235 com.android.systemui.statusbar.phone.StatusBarKeyguardViewManager$8.run:31 android.view.Choreographer$CallbackRecord.run:2088 
06-29 13:17:50.831 D/InsetsController( 4790): Setting requestedVisibleTypes to -9 (was -11)
06-29 13:17:50.832 W/InsetsSource( 4790): Has no intersection or mTmpFrame.height(), return Insets.NONE mTmpFrame.height() =0 hasIntersection =false
06-29 13:17:50.832 W/InsetsSource( 4790): Has no intersection or mTmpFrame.height(), return Insets.NONE mTmpFrame.height() =0 hasIntersection =false
06-29 13:17:50.832 W/InsetsSource( 4790): Has no intersection or mTmpFrame.height(), return Insets.NONE mTmpFrame.height() =0 hasIntersection =false
06-29 13:17:50.832 W/InsetsSource( 4790): Has no intersection or mTmpFrame.height(), return Insets.NONE mTmpFrame.height() =0 hasIntersection =false
06-29 13:17:50.832 D/BarFollowAnimation( 2823): updateVisibility currentVisible = true
06-29 13:17:50.834 E/HwcComposer( 2037): presentOrValidateDisplay 0 presentFence:-1
06-29 13:17:50.834 I/SmartPower: com.miui.analytics/10187(31210)( 2823): idle->background(76746ms) R(broadcast start Intent { act=android.intent.action.SCREEN_ON flg=0x50200010 }) adj=100.
06-29 13:17:50.834 D/MainPanelItemViewHolder( 4790): updateHeight 1 352
06-29 13:17:50.834 D/WindowManager( 2823): updateSystemBarAttributes displayId: 0 Window{19ac4b7 u0 NotificationShade} winAppearance=
06-29 13:17:50.835 W/SDM     ( 1897): HWEventsDRM::SetEventState: Registration of already registered hw event 14 occurred!!
06-29 13:17:50.836 D/WmSystemUiDebug( 2823): on system bar attributes changed displayId=0 appearance= appearanceRegions=[] navbarColorManagedByIme=false behavior=2 requestedVisibleTypes=[statusBars navigationBars captionBar systemGestures mandatorySystemGestures tappableElement displayCutout windowDecor systemOverlays] packageName=com.android.systemui letterboxDetails=[]
06-29 13:17:50.836 D/DisplayContentStubImpl( 2823): onNewImeFrame: isImeVisible = false, imeFrame = Rect(0, 0 - 0, 0)
06-29 13:17:50.836 W/InsetsSource( 2823): Has no intersection or mTmpFrame.height(), return Insets.NONE mTmpFrame.height() =0 hasIntersection =false
06-29 13:17:50.836 W/InsetsSource( 2823): Has no intersection or mTmpFrame.height(), return Insets.NONE mTmpFrame.height() =0 hasIntersection =false
06-29 13:17:50.836 D/MiuiRefreshRatePolicy( 2823): reset
06-29 13:17:50.837 I/ClockDeviceConfig( 4790): get bounds = Rect(0, 0 - 1080, 2392)
06-29 13:17:50.837 D/ControlCenterHeaderExpandController( 4790): onExpansionChanged: progress =  0.0
06-29 13:17:50.838 D/InsetsController( 4790): default animation onReady types: 2 controller=android.view.InsetsAnimationControlImpl@49b1559
06-29 13:17:50.838 D/ViewRootImplStubImpl( 4790): requestedTypes: 2
06-29 13:17:50.838 D/ViewRootImplStubImpl( 4790): notifyImeAnimEvent: isForShow = true, isAnimStart = true, has context = true, has AutofillManager = true, isMiuiAnim = false
06-29 13:17:50.838 D/ImeExtFillUIController( 2823): onNewImeAnimEvent: isForShow = true, animState = ON_START
06-29 13:17:50.838 D/ImeExtFillUIController( 2823): onImeVisibilityChanged: ui = null, old ime frame = Rect(0, 0 - 0, 0), old ime visible = false, new ime visible = true, old isImeShowAnimDone = false, new isImeShowAnimDone = false
06-29 13:17:50.838 W/InsetsSource( 4790): Has no intersection or mTmpFrame.height(), return Insets.NONE mTmpFrame.height() =0 hasIntersection =false
06-29 13:17:50.838 W/InsetsSource( 4790): Has no intersection or mTmpFrame.height(), return Insets.NONE mTmpFrame.height() =0 hasIntersection =false
06-29 13:17:50.838 W/InsetsSource( 4790): Has no intersection or mTmpFrame.height(), return Insets.NONE mTmpFrame.height() =0 hasIntersection =false
06-29 13:17:50.838 W/InsetsSource( 4790): Has no intersection or mTmpFrame.height(), return Insets.NONE mTmpFrame.height() =0 hasIntersection =false
06-29 13:17:50.841 D/MulWinSwitchDecorViewModel( 4790): setWindowState:: window = 2 state = WINDOW_STATE_SHOWING
06-29 13:17:50.841 D/NavigationBar( 4790): insetsHeight: 133
06-29 13:17:50.841 W/libsensor-boledalgo( 2430): startCalculateLux: drop some sensordata screen on!!!
06-29 13:17:50.841 I/WindowManager( 2823): >>> OPEN TRANSACTION animate
06-29 13:17:50.842 D/NavigationBar( 4790): insetsHeight: 133
06-29 13:17:50.842 I/WindowManager( 2823): SURFACE controller=Surface(name=cameraBlackCovered#6893)/@0x233c806 alpha=1.0 HScale=1.0, VScale=1.0: Window{c2b21d7 u0 cameraBlackCovered}
06-29 13:17:50.842 D/NavigationBar( 4790): insetsHeight: 133
06-29 13:17:50.842 I/WindowManager( 2823): <<< CLOSE TRANSACTION animate
06-29 13:17:50.843 D/CommandQueueCallback( 4790): onSystemBarAttributesChanged (0, 0)
06-29 13:17:50.843 E/HwcComposer( 2037): presentOrValidateDisplay 0 presentFence:-1
06-29 13:17:50.844 W/InsetsSource( 4790): Has no intersection or mTmpFrame.height(), return Insets.NONE mTmpFrame.height() =0 hasIntersection =false
06-29 13:17:50.844 W/InsetsSource( 4790): Has no intersection or mTmpFrame.height(), return Insets.NONE mTmpFrame.height() =0 hasIntersection =false
06-29 13:17:50.844 W/InsetsSource( 4790): Has no intersection or mTmpFrame.height(), return Insets.NONE mTmpFrame.height() =0 hasIntersection =false
06-29 13:17:50.844 W/InsetsSource( 4790): Has no intersection or mTmpFrame.height(), return Insets.NONE mTmpFrame.height() =0 hasIntersection =false
06-29 13:17:50.844 W/SDM     ( 1897): HWEventsDRM::SetEventState: Registration of already registered hw event 14 occurred!!
06-29 13:17:50.845 D/VRI[NavigationBar0]( 4790): getMiuiFreeformStackInfo mTmpFrames.miuiFreeFormStackInfo: null
06-29 13:17:50.846 D/DisplayContentStubImpl( 2823): onNewImeFrame: isImeVisible = false, imeFrame = Rect(0, 0 - 0, 0)
06-29 13:17:50.846 D/ImeExtFillUIController( 2823): onNewImeFrame: ui = null, old isImeVisible = true, new isImeVisible = false, old imeFrame = Rect(0, 0 - 0, 0), new imeFrame = Rect(0, 0 - 0, 0), old isImeShowAnimDone = false, new isImeShowAnimDone = false
06-29 13:17:50.845 D/TouchInteractionService( 3958): onSystemUiFlagsChanged, mSystemUiStateFlags=500001cc
06-29 13:17:50.846 W/InsetsSource( 2823): Has no intersection or mTmpFrame.height(), return Insets.NONE mTmpFrame.height() =0 hasIntersection =false
06-29 13:17:50.846 W/InsetsSource( 2823): Has no intersection or mTmpFrame.height(), return Insets.NONE mTmpFrame.height() =0 hasIntersection =false
06-29 13:17:50.846 D/MiuiRefreshRatePolicy( 2823): reset
06-29 13:17:50.847 I/ClockDeviceConfig( 4790): get bounds = Rect(0, 0 - 1080, 2392)
06-29 13:17:50.847 I/SmartPower: com.xiaomi.discover/10203(31336)( 2823): idle->background(7690ms) R(broadcast start Intent { act=android.intent.action.SCREEN_ON flg=0x50200010 }) adj=800.
06-29 13:17:50.850 W/InsetsSource( 4790): Has no intersection or mTmpFrame.height(), return Insets.NONE mTmpFrame.height() =0 hasIntersection =false
06-29 13:17:50.850 W/InsetsSource( 4790): Has no intersection or mTmpFrame.height(), return Insets.NONE mTmpFrame.height() =0 hasIntersection =false
06-29 13:17:50.850 W/InsetsSource( 4790): Has no intersection or mTmpFrame.height(), return Insets.NONE mTmpFrame.height() =0 hasIntersection =false
06-29 13:17:50.850 W/InsetsSource( 4790): Has no intersection or mTmpFrame.height(), return Insets.NONE mTmpFrame.height() =0 hasIntersection =false
06-29 13:17:50.850 W/InsetsSource( 4790): Has no intersection or mTmpFrame.height(), return Insets.NONE mTmpFrame.height() =0 hasIntersection =false
06-29 13:17:50.850 W/InsetsSource( 4790): Has no intersection or mTmpFrame.height(), return Insets.NONE mTmpFrame.height() =0 hasIntersection =false
06-29 13:17:50.851 W/InsetsSource( 4790): Has no intersection or mTmpFrame.height(), return Insets.NONE mTmpFrame.height() =0 hasIntersection =false
06-29 13:17:50.851 W/InsetsSource( 4790): Has no intersection or mTmpFrame.height(), return Insets.NONE mTmpFrame.height() =0 hasIntersection =false
06-29 13:17:50.851 W/InsetsSource( 4790): Has no intersection or mTmpFrame.height(), return Insets.NONE mTmpFrame.height() =0 hasIntersection =false
06-29 13:17:50.851 W/InsetsSource( 4790): Has no intersection or mTmpFrame.height(), return Insets.NONE mTmpFrame.height() =0 hasIntersection =false
06-29 13:17:50.851 W/InsetsSource( 4790): Has no intersection or mTmpFrame.height(), return Insets.NONE mTmpFrame.height() =0 hasIntersection =false
06-29 13:17:50.851 W/InsetsSource( 4790): Has no intersection or mTmpFrame.height(), return Insets.NONE mTmpFrame.height() =0 hasIntersection =false
06-29 13:17:50.851 W/InsetsSource( 4790): Has no intersection or mTmpFrame.height(), return Insets.NONE mTmpFrame.height() =0 hasIntersection =false
06-29 13:17:50.851 W/InsetsSource( 4790): Has no intersection or mTmpFrame.height(), return Insets.NONE mTmpFrame.height() =0 hasIntersection =false
06-29 13:17:50.851 W/InsetsSource( 4790): Has no intersection or mTmpFrame.height(), return Insets.NONE mTmpFrame.height() =0 hasIntersection =false
06-29 13:17:50.851 W/InsetsSource( 4790): Has no intersection or mTmpFrame.height(), return Insets.NONE mTmpFrame.height() =0 hasIntersection =false
06-29 13:17:50.851 W/InsetsSource( 4790): Has no intersection or mTmpFrame.height(), return Insets.NONE mTmpFrame.height() =0 hasIntersection =false
06-29 13:17:50.851 W/InsetsSource( 4790): Has no intersection or mTmpFrame.height(), return Insets.NONE mTmpFrame.height() =0 hasIntersection =false
06-29 13:17:50.851 W/InsetsSource( 4790): Has no intersection or mTmpFrame.height(), return Insets.NONE mTmpFrame.height() =0 hasIntersection =false
06-29 13:17:50.851 W/InsetsSource( 4790): Has no intersection or mTmpFrame.height(), return Insets.NONE mTmpFrame.height() =0 hasIntersection =false
06-29 13:17:50.851 W/InsetsSource( 4790): Has no intersection or mTmpFrame.height(), return Insets.NONE mTmpFrame.height() =0 hasIntersection =false
06-29 13:17:50.851 W/InsetsSource( 4790): Has no intersection or mTmpFrame.height(), return Insets.NONE mTmpFrame.height() =0 hasIntersection =false
06-29 13:17:50.851 W/InsetsSource( 4790): Has no intersection or mTmpFrame.height(), return Insets.NONE mTmpFrame.height() =0 hasIntersection =false
06-29 13:17:50.851 W/InsetsSource( 4790): Has no intersection or mTmpFrame.height(), return Insets.NONE mTmpFrame.height() =0 hasIntersection =false
06-29 13:17:50.851 W/InsetsSource( 4790): Has no intersection or mTmpFrame.height(), return Insets.NONE mTmpFrame.height() =0 hasIntersection =false
06-29 13:17:50.851 W/InsetsSource( 4790): Has no intersection or mTmpFrame.height(), return Insets.NONE mTmpFrame.height() =0 hasIntersection =false
06-29 13:17:50.851 W/InsetsSource( 4790): Has no intersection or mTmpFrame.height(), return Insets.NONE mTmpFrame.height() =0 hasIntersection =false
06-29 13:17:50.851 E/HwcComposer( 2037): presentOrValidateDisplay 0 presentFence:-1
06-29 13:17:50.851 D/DynamicIslandWindowViewImpl( 4790): onApplyWindowInsets r=1
06-29 13:17:50.852 W/SDM     ( 1897): HWEventsDRM::SetEventState: Registration of already registered hw event 14 occurred!!
06-29 13:17:50.853 I/vendor.qti.camera.provider-service_64( 1879): vendor/qcom/proprietary/adsprpc/src/fastrpc_apps_user.c:3884: Successfully opened /vendor/dsp/cdsp/fastrpc_shell_3, domain 3
06-29 13:17:50.853 I/ClockDeviceConfig( 4790): get bounds = Rect(0, 0 - 1080, 2392)
06-29 13:17:50.854 I/SurfaceComposerClient( 4790): setScreenFadeAnim fadeType:0 0.71
06-29 13:17:50.856 W/InsetsSource( 4790): Has no intersection or mTmpFrame.height(), return Insets.NONE mTmpFrame.height() =0 hasIntersection =false
06-29 13:17:50.856 W/InsetsSource( 4790): Has no intersection or mTmpFrame.height(), return Insets.NONE mTmpFrame.height() =0 hasIntersection =false
06-29 13:17:50.856 W/InsetsSource( 4790): Has no intersection or mTmpFrame.height(), return Insets.NONE mTmpFrame.height() =0 hasIntersection =false
06-29 13:17:50.856 W/InsetsSource( 4790): Has no intersection or mTmpFrame.height(), return Insets.NONE mTmpFrame.height() =0 hasIntersection =false
06-29 13:17:50.857 I/ScanManager( 4286): msg.what = MSG_RECORD_CALLER, msg.arg1 = None
06-29 13:17:50.858 I/ClockDeviceConfig( 4790): get bounds = Rect(0, 0 - 1080, 2392)
06-29 13:17:50.859 D/cneJni  ( 4670): sendWifiStatus start
06-29 13:17:50.860 E/HwcComposer( 2037): presentOrValidateDisplay 0 presentFence:-1
06-29 13:17:50.860 W/SDM     ( 1897): HWEventsDRM::SetEventState: Registration of already registered hw event 14 occurred!!
06-29 13:17:50.862 D/ScanManager( 4286): startScan()  [ScanClient scanModeApp 0 scanModeUsed 0 scannerId 2 [appScanStats android.uid.system:1000]]
06-29 13:17:50.862 W/BatteryStatsImpl( 2823): noteBluetoothScanStartedLocked deltaScanCount: 710 uid:1000
06-29 13:17:50.863 I/ScanManager( 4286): msg.what = MSG_START_BLE_SCAN, msg.arg1 = None
06-29 13:17:50.864 W/InsetsSource( 4790): Has no intersection or mTmpFrame.height(), return Insets.NONE mTmpFrame.height() =0 hasIntersection =false
06-29 13:17:50.864 W/InsetsSource( 4790): Has no intersection or mTmpFrame.height(), return Insets.NONE mTmpFrame.height() =0 hasIntersection =false
06-29 13:17:50.864 D/ScanManager( 4286): handling starting scan
06-29 13:17:50.864 W/InsetsSource( 4790): Has no intersection or mTmpFrame.height(), return Insets.NONE mTmpFrame.height() =0 hasIntersection =false
06-29 13:17:50.864 W/InsetsSource( 4790): Has no intersection or mTmpFrame.height(), return Insets.NONE mTmpFrame.height() =0 hasIntersection =false
06-29 13:17:50.849 I/WindowManager( 2823): OUT SURFACE Surface(name=com.miui.miwallpaper.wallpaperservice.MiuiKeyguardPictorialWallpaper#66)/@0xc14e97c: copied
06-29 13:17:50.865 D/DisplayContentStubImpl( 2823): onNewImeFrame: isImeVisible = false, imeFrame = Rect(0, 0 - 0, 0)
06-29 13:17:50.866 W/InsetsSource( 2823): Has no intersection or mTmpFrame.height(), return Insets.NONE mTmpFrame.height() =0 hasIntersection =false
06-29 13:17:50.866 W/InsetsSource( 2823): Has no intersection or mTmpFrame.height(), return Insets.NONE mTmpFrame.height() =0 hasIntersection =false
06-29 13:17:50.866 I/ClockDeviceConfig( 4790): get bounds = Rect(0, 0 - 1080, 2392)
06-29 13:17:50.866 D/MiuiRefreshRatePolicy( 2823): reset
06-29 13:17:50.867 D/RefreshRateSelector( 2037): Touch Boost
06-29 13:17:50.867 I/WindowManager( 2823): >>> OPEN TRANSACTION animate
06-29 13:17:50.867 I/WindowManager( 2823): SURFACE controller=Surface(name=cameraBlackCovered#6893)/@0x233c806 alpha=1.0 HScale=1.0, VScale=1.0: Window{c2b21d7 u0 cameraBlackCovered}
06-29 13:17:50.868 I/WindowManager( 2823): <<< CLOSE TRANSACTION animate
06-29 13:17:50.868 E/HwcComposer( 2037): presentOrValidateDisplay 0 presentFence:-1
06-29 13:17:50.869 W/SDM     ( 1897): HWEventsDRM::SetEventState: Registration of already registered hw event 14 occurred!!
06-29 13:17:50.870 I/NearbyDiscovery( 5534): (REDACTED) ApFastPairScanner: isScreenOn=%s, isLocationEnabled=%s, disableLocationRequirement=%s, isDiscoveryScanningEnabled=%s, during24GhzWifiWarmingUpPeriod=%s
06-29 13:17:50.870 I/lyra-ble-scan_cb(13451): BleScanCallback::PostDelayScanResultSuccess:89 this 0xb400007cec27fa10 -> 0xb400007d8c256010 delay_ms 100
06-29 13:17:50.871 W/InsetsSource( 4005): Has no intersection or mTmpFrame.height(), return Insets.NONE mTmpFrame.height() =0 hasIntersection =false
06-29 13:17:50.871 W/InsetsSource( 4005): Has no intersection or mTmpFrame.height(), return Insets.NONE mTmpFrame.height() =0 hasIntersection =false
06-29 13:17:50.871 W/InsetsSource( 4005): Has no intersection or mTmpFrame.height(), return Insets.NONE mTmpFrame.height() =0 hasIntersection =false
06-29 13:17:50.871 W/InsetsSource( 4005): Has no intersection or mTmpFrame.height(), return Insets.NONE mTmpFrame.height() =0 hasIntersection =false
06-29 13:17:50.872 W/InsetsSource( 4790): Has no intersection or mTmpFrame.height(), return Insets.NONE mTmpFrame.height() =0 hasIntersection =false
06-29 13:17:50.872 I/MiuiNetworkPolicy( 2823): updateUidState uid = 10203, uidState = 10
06-29 13:17:50.872 W/InsetsSource( 4790): Has no intersection or mTmpFrame.height(), return Insets.NONE mTmpFrame.height() =0 hasIntersection =false
06-29 13:17:50.872 W/InsetsSource( 4790): Has no intersection or mTmpFrame.height(), return Insets.NONE mTmpFrame.height() =0 hasIntersection =false
06-29 13:17:50.872 W/InsetsSource( 4790): Has no intersection or mTmpFrame.height(), return Insets.NONE mTmpFrame.height() =0 hasIntersection =false
06-29 13:17:50.872 I/lyra-disc(13451): DiscoveryPlatformBleAdapter::OnDiscoveryStateChanged:222 
06-29 13:17:50.872 D/BluetoothAdapter( 5534): isLeEnabled(): ON
06-29 13:17:50.873 I/NearbyDiscovery( 5534): (REDACTED) ApFastPairScanner: eventType=%s, intReq=%s, scanning=%s, scanAllowed=%s, bleEnabled=%s, lockScanRate=%s, startScanningByLowPowerMode=%s
06-29 13:17:50.873 I/NearbyDiscovery( 5534): FastPairController: onSystemStateChanged: skip due to flag disabled [CONTEXT service_id=265 ]
06-29 13:17:50.873 I/ClockDeviceConfig( 4790): get bounds = Rect(0, 0 - 1080, 2392)
06-29 13:17:50.874 I/WindowManager( 2823): >>> OPEN TRANSACTION animate
06-29 13:17:50.874 W/CloudControlUtil( 4286):  isAllowGattScanInDeepDoze: false
06-29 13:17:50.875 I/WindowManager( 2823): SURFACE controller=Surface(name=cameraBlackCovered#6893)/@0x233c806 alpha=1.0 HScale=1.0, VScale=1.0: Window{c2b21d7 u0 cameraBlackCovered}
06-29 13:17:50.875 I/WindowManager( 2823): <<< CLOSE TRANSACTION animate
06-29 13:17:50.876 I/SDM     ( 1897): Using previously loaded IMapper library.
06-29 13:17:50.876 E/HwcComposer( 2037): presentOrValidateDisplay 0 presentFence:-1
06-29 13:17:50.877 W/SDM     ( 1897): HWEventsDRM::SetEventState: Registration of already registered hw event 14 occurred!!
06-29 13:17:50.878 D/ScanManager( 4286): isAptXLowLatencyModeEnabled: false
06-29 13:17:50.879 D/ScanManager( 4286): processBeforeScanModeChange: Not started yet
06-29 13:17:50.879 D/ScanManager( 4286): scanMode is upgraded to SCAN_MODE_BALANCED for  [ScanClient scanModeApp 0 scanModeUsed 1 scannerId 2 [appScanStats android.uid.system:1000]]
06-29 13:17:50.880 W/InsetsSource( 4790): Has no intersection or mTmpFrame.height(), return Insets.NONE mTmpFrame.height() =0 hasIntersection =false
06-29 13:17:50.880 W/InsetsSource( 4790): Has no intersection or mTmpFrame.height(), return Insets.NONE mTmpFrame.height() =0 hasIntersection =false
06-29 13:17:50.880 W/InsetsSource( 4790): Has no intersection or mTmpFrame.height(), return Insets.NONE mTmpFrame.height() =0 hasIntersection =false
06-29 13:17:50.880 W/InsetsSource( 4790): Has no intersection or mTmpFrame.height(), return Insets.NONE mTmpFrame.height() =0 hasIntersection =false
06-29 13:17:50.884 E/HwcComposer( 2037): presentOrValidateDisplay 0 presentFence:-1
06-29 13:17:50.885 W/SDM     ( 1897): HWEventsDRM::SetEventState: Registration of already registered hw event 14 occurred!!
06-29 13:17:50.885 D/ScanManager( 4286): setScanModeTimeoutRecently() - , newScanMode = 1, availableScanTime = 180000, isFirst = true, scanInfoId = 16
06-29 13:17:50.885 D/ScanManager( 4286): track LE scan event: callerPackage = [com.xiaomi.mi_connect_service], scanMode = [1], reportDelayMillis = [0], behavior = [1], scannerId = [2], duration = [0]
06-29 13:17:50.886 D/BT_OneTrack_I/F( 4286): region:HR
06-29 13:17:50.886 I/bt_shim_scanner( 4286): system/main/shim/le_scanning_manager.cc:251 ScanFilterEnable: in shim layer
06-29 13:17:50.887 D/ScanController( 4286): onScanFilterEnableDisabled() - clientIf=2, status=0, action=1
06-29 13:17:50.887 D/ScanManager( 4286): callback done for scannerId - 2 status - 0
06-29 13:17:50.888 I/ClockDeviceConfig( 4790): get bounds = Rect(0, 0 - 1080, 2392)
06-29 13:17:50.888 D/BroadcastExecutor(31336): BroadcastExecutor : 2
06-29 13:17:50.889 I/vendor.qti.bluetooth@1.0-ibs_handler( 1773): ProcessIbsCmd: Received IBS_WAKE_IND: 0xFD
06-29 13:17:50.889 I/vendor.qti.bluetooth@1.0-ibs_handler( 1773): ProcessIbsCmd: Writing IBS_WAKE_ACK
06-29 13:17:50.889 D/ScanManager( 4286): configureScanFilters rssiThreshold: -128, 4
06-29 13:17:50.889 I/bt_shim_scanner( 4286): system/main/shim/le_scanning_manager.cc:228 ScanFilterAdd: in shim layer
06-29 13:17:50.890 W/InsetsSource( 4790): Has no intersection or mTmpFrame.height(), return Insets.NONE mTmpFrame.height() =0 hasIntersection =false
06-29 13:17:50.890 W/InsetsSource( 4790): Has no intersection or mTmpFrame.height(), return Insets.NONE mTmpFrame.height() =0 hasIntersection =false
06-29 13:17:50.890 W/InsetsSource( 4790): Has no intersection or mTmpFrame.height(), return Insets.NONE mTmpFrame.height() =0 hasIntersection =false
06-29 13:17:50.890 W/InsetsSource( 4790): Has no intersection or mTmpFrame.height(), return Insets.NONE mTmpFrame.height() =0 hasIntersection =false
