06-29 13:17:53.635 E/ACameraDeviceVendor( 1853): onCaptureStarted: request = 0xb400006e17c95840
06-29 13:17:53.638 E/CamOpt_Service( 2823): Error reading temp from /sys/class/thermal/thermal_zone17/temp: read failed: ETIMEDOUT (Connection timed out)
06-29 13:17:53.640 E/HwcComposer( 2037): presentOrValidateDisplay 0 presentFence:-1
06-29 13:17:53.640 W/SDM     ( 1897): HWEventsDRM::SetEventState: Registration of already registered hw event 14 occurred!!
06-29 13:17:53.643 I/libsensor-boledalgo( 2430): dbv:82,lux:1.4,hsv:-1.0,dc:0CWB R:4314.8,G:4353.2,B:4385.7Event ALS:2.8,IR:0.0Cali ALS:1.1,IR:0.0
06-29 13:17:53.648 E/HwcComposer( 2037): presentOrValidateDisplay 0 presentFence:-1
06-29 13:17:53.648 W/SDM     ( 1897): HWEventsDRM::SetEventState: Registration of already registered hw event 14 occurred!!
06-29 13:17:53.649 D/BluetoothRemoteDevices( 4286): Update property, device=XX:XX:XX:XX:28:E6, type: 1
06-29 13:17:53.650 D/BluetoothRemoteDevices( 4286): Skip name update for XX:XX:XX:XX:28:E6
06-29 13:17:53.651 D/BluetoothRemoteDevices( 4286): Update property, device=XX:XX:XX:XX:28:E6, type: 4
06-29 13:17:53.651 D/BluetoothRemoteDevices( 4286): Skip class update, device=XX:XX:XX:XX:28:E6, cod=0x1f00
06-29 13:17:53.651 D/BluetoothRemoteDevices( 4286): Update property, device=XX:XX:XX:XX:28:E6, type: 5
06-29 13:17:53.651 D/BluetoothRemoteDevices( 4286):  BT_PROPERTY_TYPE_OF_DEVICE addr:CC:DB:A7:D8:28:E6 deviceType:2
06-29 13:17:53.651 D/HyperRemoteDevicesAdapter( 4286): Update property, device=CC:DB:A7:D8:28:E6, type: 1
06-29 13:17:53.651 D/HyperRemoteDevicesAdapter( 4286): Remote device name is: 1265R25491392BLE type = 2 CC:DB:A7:D8:28:E6
06-29 13:17:53.651 D/HyperRemoteDevicesAdapter( 4286): update name for XX:XX:XX:XX:28:E6 type = 2 name = 1265R25491392BLE 0
06-29 13:17:53.651 D/HyperRemoteDevicesAdapter( 4286): Update property, device=CC:DB:A7:D8:28:E6, type: 4
06-29 13:17:53.652 D/HyperRemoteDevicesAdapter( 4286): Update property, device=CC:DB:A7:D8:28:E6, type: 5
06-29 13:17:53.652 V/ScanController( 4286): onScanResult() - eventType=0x1b, addressType=0, address=XX:XX:XX:XX:28:E6, primaryPhy=1, secondaryPhy=0, advertisingSid=0xff, txPower=127, rssi=-49, periodicAdvInt=0x0, originalAddress=CC:DB:A7:D8:28:E6
06-29 13:17:53.653 V/ScanController( 4286): Skipping client: permission=true matches=false
06-29 13:17:53.653 V/ScanController( 4286): Skipping client: permission=true matches=false
06-29 13:17:53.653 V/ScanController( 4286): Skipping client: permission=true matches=false
06-29 13:17:53.654 V/ScanController( 4286): Skipping client: permission=true matches=false
06-29 13:17:53.655 V/ScanController( 4286): Skipping client: permission=true matches=false
06-29 13:17:53.655 E/libhme  ( 1879): hme_process: 1066: hme_dsp_process done, rc = 
06-29 13:17:53.656 E/HwcComposer( 2037): presentOrValidateDisplay 0 presentFence:-1
06-29 13:17:53.656 W/CHIUSECASE( 1879): [WARN   ] chifeature2realtime.cpp:1813 PopulateSensorModeOnMetadataResult() [InSensorZoom] FRO-URO:18_RealtimeFG:RealTime_0 Fail to translate ROI metadata for InSensorZoom: Required data unavailable: pMetadata: 0xb400006ff6001f50, pInSensorZoomInfo: 0x0, m_pRoiTranslator: 0x0 pCameraInfo 0x6ee645ffe8
06-29 13:17:53.656 W/SDM     ( 1897): HWEventsDRM::SetEventState: Registration of already registered hw event 14 occurred!!
06-29 13:17:53.660 E/CamOpt_Service( 2823): Error reading temp from /sys/class/thermal/thermal_zone15/temp: read failed: ETIMEDOUT (Connection timed out)
06-29 13:17:53.664 W/CHIUSECASE( 1879): [WARN   ] chifeature2graph.cpp:3753 ProcessResultMetadataMessage() pOutputLinkData->linkState in unexpected state: 1; expected OutputPending
06-29 13:17:53.664 I/miface-camera( 1853): on_image_available enter, frame_event_counter: 19, state: process
06-29 13:17:53.664 I/SmartPower: com.mi.globalminusscreen/10175(11396)( 2823): background->idle(3001ms) R(broadcast start Intent { act=android.intent.action.SCREEN_ON flg=0x50200010 }) adj=0.
06-29 13:17:53.664 E/HwcComposer( 2037): presentOrValidateDisplay 0 presentFence:-1
06-29 13:17:53.665 W/CHIUSECASE( 1879): [WARN   ] chifeature2usecaserequestobject.cpp:532 Initialize() pUsecaseSettings is NULL!!
06-29 13:17:53.665 W/SDM     ( 1897): HWEventsDRM::SetEventState: Registration of already registered hw event 14 occurred!!
06-29 13:17:53.670 E/vendor.qti.hardware.perf2-hal-service( 1901): ExtendedPerfBoost: extended_perfboost_applyopt() 155: FD = 89 boostparams= boost:0 returnvalue=1
06-29 13:17:53.671 I/miface-ree( 1853): [Error][Faceulock] detect_align(596):detect no face.
06-29 13:17:53.672 D/AurogonBandwidthController( 2823): skinTemperature:32.993
06-29 13:17:53.672 E/HwcComposer( 2037): presentOrValidateDisplay 0 presentFence:-1
06-29 13:17:53.673 D/AurogonBandwidthController( 2823): skinTemperature:32.993
06-29 13:17:53.673 W/SDM     ( 1897): HWEventsDRM::SetEventState: Registration of already registered hw event 14 occurred!!
06-29 13:17:53.677 I/miface-ree( 1853): [Error][Faceulock] detect_align(596):detect no face.
06-29 13:17:53.679 I/PowerManagerServiceImpl( 2823): Partial wakeLock:[PARTIAL_WAKE_LOCK                 'wake:com.google.firebase.messaging' (uid=10249 pid=31480 pkg=com.xiaomi.mipicks)], disabled: true, procState: 19, reason: Process Priority
06-29 13:17:53.680 E/HwcComposer( 2037): presentOrValidateDisplay 0 presentFence:-1
06-29 13:17:53.681 E/CamOpt_Service( 2823): Error reading temp from /sys/class/thermal/thermal_zone13/temp: read failed: ETIMEDOUT (Connection timed out)
06-29 13:17:53.681 W/SDM     ( 1897): HWEventsDRM::SetEventState: Registration of already registered hw event 14 occurred!!
06-29 13:17:53.682 I/miface-ree( 1853): [Error][Faceulock] detect_align(596):detect no face.
06-29 13:17:53.686 I/vendor.qti.bluetooth@1.0-ibs_handler( 1773): ProcessIbsCmd: Received IBS_SLEEP_IND: 0xFE
06-29 13:17:53.687 D/vendor.qti.bluetooth@1.0-ibs_handler( 1773): SerialClockVote: vote for UART CLK OFF
06-29 13:17:53.687 I/miface-ree( 1853): [Error][Faceulock] detect_align(596):detect no face.
06-29 13:17:53.687 I/miface-ree( 1853): [Error][Faceulock] st_tee_detect(784):All directions align failed!
06-29 13:17:53.687 I/miface-unlock( 1853): frame[19:18] algo code: 5, compare time: 23ms
06-29 13:17:53.688 E/HwcComposer( 2037): presentOrValidateDisplay 0 presentFence:-1
06-29 13:17:53.689 W/SDM     ( 1897): HWEventsDRM::SetEventState: Registration of already registered hw event 14 occurred!!
06-29 13:17:53.689 D/BiometricStatusRepositoryImpl( 4790): authenticationState updated: Acquired(biometricSourceType=FACE, requestReason=DeviceEntryAuthentication, acquiredInfo=11)
06-29 13:17:53.690 I/vendor.qti.hardware.servicetrackeraidl-service( 1910): bindService is called for service : com.google.android.gms/.gcm.PushMessagingRegistrarProxy and for client com.xiaomi.mipicks
06-29 13:17:53.690 I/vendor.qti.hardware.servicetrackeraidl-service( 1910): total connections for service : com.google.android.gms/.gcm.PushMessagingRegistrarProxyare :1
06-29 13:17:53.690 I/vendor.qti.hardware.servicetrackeraidl-service( 1910): total connections for client : com.xiaomi.mipicksare :4
06-29 13:17:53.690 D/BiometricStatusRepositoryImpl( 4790): authenticationState updated: Help(biometricSourceType=FACE, helpString=Gledajte izravnije prema uređaju., helpCode=11, requestReason=DeviceEntryAuthentication)
06-29 13:17:53.695 I/vendor.qti.bluetooth@1.0-ibs_handler( 1773): ProcessIbsCmd: Received IBS_WAKE_IND: 0xFD
06-29 13:17:53.695 D/vendor.qti.bluetooth@1.0-ibs_handler( 1773): SerialClockVote: vote for UART CLK ON
06-29 13:17:53.695 I/vendor.qti.bluetooth@1.0-ibs_handler( 1773): ProcessIbsCmd: Writing IBS_WAKE_ACK
06-29 13:17:53.696 I/ActivityManager( 2823): unbindService com.android.server.am.ActiveServices@748405a conn=android.os.BinderProxy@3055689 callingPid=31480
06-29 13:17:53.696 E/HwcComposer( 2037): presentOrValidateDisplay 0 presentFence:-1
06-29 13:17:53.697 I/vendor.qti.hardware.servicetrackeraidl-service( 1910): unbindService is called for service : com.google.android.gms/.gcm.PushMessagingRegistrarProxy and for client com.xiaomi.mipicks
06-29 13:17:53.697 I/vendor.qti.hardware.servicetrackeraidl-service( 1910): size of service connections for service: com.google.android.gms/.gcm.PushMessagingRegistrarProxyafter removal is 0
06-29 13:17:53.697 I/vendor.qti.hardware.servicetrackeraidl-service( 1910): size of client connections for client: com.xiaomi.mipicksafter removal is 3
06-29 13:17:53.697 W/SDM     ( 1897): HWEventsDRM::SetEventState: Registration of already registered hw event 14 occurred!!
06-29 13:17:53.697 I/vendor.qti.hardware.servicetrackeraidl-service( 1910): destroyService is called for service : com.google.android.gms/.gcm.PushMessagingRegistrarProxy
06-29 13:17:53.697 D/BluetoothRemoteDevices( 4286): Update property, device=XX:XX:XX:XX:28:E6, type: 1
06-29 13:17:53.698 D/BluetoothRemoteDevices( 4286): Skip name update for XX:XX:XX:XX:28:E6
06-29 13:17:53.698 D/BluetoothRemoteDevices( 4286): Update property, device=XX:XX:XX:XX:28:E6, type: 4
06-29 13:17:53.698 D/BluetoothRemoteDevices( 4286): Skip class update, device=XX:XX:XX:XX:28:E6, cod=0x1f00
06-29 13:17:53.698 D/BluetoothRemoteDevices( 4286): Update property, device=XX:XX:XX:XX:28:E6, type: 5
06-29 13:17:53.698 D/BluetoothRemoteDevices( 4286):  BT_PROPERTY_TYPE_OF_DEVICE addr:CC:DB:A7:D8:28:E6 deviceType:2
06-29 13:17:53.699 D/HyperRemoteDevicesAdapter( 4286): Update property, device=CC:DB:A7:D8:28:E6, type: 1
06-29 13:17:53.699 D/HyperRemoteDevicesAdapter( 4286): Remote device name is: 1265R25491392BLE type = 2 CC:DB:A7:D8:28:E6
06-29 13:17:53.699 D/HyperRemoteDevicesAdapter( 4286): update name for XX:XX:XX:XX:28:E6 type = 2 name = 1265R25491392BLE 0
06-29 13:17:53.699 D/HyperRemoteDevicesAdapter( 4286): Update property, device=CC:DB:A7:D8:28:E6, type: 4
06-29 13:17:53.699 D/HyperRemoteDevicesAdapter( 4286): Update property, device=CC:DB:A7:D8:28:E6, type: 5
06-29 13:17:53.699 V/ScanController( 4286): onScanResult() - eventType=0x1b, addressType=0, address=XX:XX:XX:XX:28:E6, primaryPhy=1, secondaryPhy=0, advertisingSid=0xff, txPower=127, rssi=-49, periodicAdvInt=0x0, originalAddress=CC:DB:A7:D8:28:E6
06-29 13:17:53.699 E/FirebaseMessaging(31480): Topic operation failed: SERVICE_NOT_AVAILABLE. Will retry Topic operation.
06-29 13:17:53.699 V/ScanController( 4286): Skipping client: permission=true matches=false
06-29 13:17:53.700 V/ScanController( 4286): Skipping client: permission=true matches=false
06-29 13:17:53.700 V/ScanController( 4286): Skipping client: permission=true matches=false
06-29 13:17:53.700 V/ScanController( 4286): Skipping client: permission=true matches=false
06-29 13:17:53.701 V/ScanController( 4286): Skipping client: permission=true matches=false
06-29 13:17:53.701 E/CamOpt_Service( 2823): Error reading temp from /sys/class/thermal/thermal_zone8/temp: read failed: ETIMEDOUT (Connection timed out)
06-29 13:17:53.705 E/HwcComposer( 2037): presentOrValidateDisplay 0 presentFence:-1
06-29 13:17:53.706 W/SDM     ( 1897): HWEventsDRM::SetEventState: Registration of already registered hw event 14 occurred!!
06-29 13:17:53.708 I/lyra-msg-act(13451): ActuatorControl::ActuatorControlProcess:310 monitor queueMap :0
06-29 13:17:53.714 E/HwcComposer( 2037): presentOrValidateDisplay 0 presentFence:-1
06-29 13:17:53.714 W/SDM     ( 1897): HWEventsDRM::SetEventState: Registration of already registered hw event 14 occurred!!
06-29 13:17:53.722 E/CamOpt_Service( 2823): Error reading temp from /sys/class/thermal/thermal_zone11/temp: read failed: ETIMEDOUT (Connection timed out)
06-29 13:17:53.722 I/AudioEffect(15666): getParameter: param: 5, param2: -1
06-29 13:17:53.722 E/HwcComposer( 2037): presentOrValidateDisplay 0 presentFence:-1
06-29 13:17:53.723 V/EffectHandle( 2012): command(), cmdCode: 8, mHasControl: 1, mEffect: 0xb400007b4459d470
06-29 13:17:53.723 V/EffectModule( 2012): command, DAP_offload cmdCode: 8, mEffectInterface: 0xb400007b345b47a0
06-29 13:17:53.723 W/SDM     ( 1897): HWEventsDRM::SetEventState: Registration of already registered hw event 14 occurred!!
06-29 13:17:53.724 W/QcomEffectPresenter(15666): isSpatialAudioActive Unsupported Device
06-29 13:17:53.726 I/AudioEffect(15666): getParameter: param: 5, param2: -1
06-29 13:17:53.726 V/EffectHandle( 2012): command(), cmdCode: 8, mHasControl: 1, mEffect: 0xb400007b4459d470
06-29 13:17:53.726 V/EffectModule( 2012): command, DAP_offload cmdCode: 8, mEffectInterface: 0xb400007b345b47a0
06-29 13:17:53.727 W/QcomEffectPresenter(15666): isSpatialAudioActive Unsupported Device
06-29 13:17:53.731 E/HwcComposer( 2037): presentOrValidateDisplay 0 presentFence:-1
06-29 13:17:53.731 I/AdapterProperties( 4286): getBondedDevices: length=4
06-29 13:17:53.731 D/BtGatt.GattService( 4286): getDeviceType() - device=XX:XX:XX:XX:60:BF, type=2
06-29 13:17:53.731 D/BtGatt.GattService( 4286): getDeviceType() - device=XX:XX:XX:XX:37:04, type=1
06-29 13:17:53.732 D/BtGatt.GattService( 4286): getDeviceType() - device=XX:XX:XX:XX:0C:22, type=3
06-29 13:17:53.732 D/BtGatt.GattService( 4286): getDeviceType() - device=XX:XX:XX:XX:E5:3F, type=3
06-29 13:17:53.732 W/SDM     ( 1897): HWEventsDRM::SetEventState: Registration of already registered hw event 14 occurred!!
06-29 13:17:53.734 W/MiuiBooster( 2252): "doCpuFreqTimeout, perf_handle 22312"
06-29 13:17:53.736 E/ACameraDeviceVendor( 1853): onCaptureStarted: request = 0xb400006e17c95840
06-29 13:17:53.736 I/vendor.qti.bluetooth@1.0-ibs_handler( 1773): ProcessIbsCmd: Received IBS_SLEEP_IND: 0xFE
06-29 13:17:53.736 D/vendor.qti.bluetooth@1.0-ibs_handler( 1773): SerialClockVote: vote for UART CLK OFF
06-29 13:17:53.739 I/vendor.qti.bluetooth@1.0-ibs_handler( 1773): ProcessIbsCmd: Received IBS_WAKE_IND: 0xFD
06-29 13:17:53.739 D/vendor.qti.bluetooth@1.0-ibs_handler( 1773): SerialClockVote: vote for UART CLK ON
06-29 13:17:53.739 I/vendor.qti.bluetooth@1.0-ibs_handler( 1773): ProcessIbsCmd: Writing IBS_WAKE_ACK
06-29 13:17:53.739 E/HwcComposer( 2037): presentOrValidateDisplay 0 presentFence:-1
06-29 13:17:53.740 W/SDM     ( 1897): HWEventsDRM::SetEventState: Registration of already registered hw event 14 occurred!!
06-29 13:17:53.743 D/BluetoothRemoteDevices( 4286): Update property, device=XX:XX:XX:XX:28:E6, type: 1
06-29 13:17:53.743 D/BluetoothRemoteDevices( 4286): Skip name update for XX:XX:XX:XX:28:E6
06-29 13:17:53.743 D/BluetoothRemoteDevices( 4286): Update property, device=XX:XX:XX:XX:28:E6, type: 4
06-29 13:17:53.743 D/BluetoothRemoteDevices( 4286): Skip class update, device=XX:XX:XX:XX:28:E6, cod=0x1f00
06-29 13:17:53.743 D/BluetoothRemoteDevices( 4286): Update property, device=XX:XX:XX:XX:28:E6, type: 5
06-29 13:17:53.743 D/BluetoothRemoteDevices( 4286):  BT_PROPERTY_TYPE_OF_DEVICE addr:CC:DB:A7:D8:28:E6 deviceType:2
06-29 13:17:53.743 D/HyperRemoteDevicesAdapter( 4286): Update property, device=CC:DB:A7:D8:28:E6, type: 1
06-29 13:17:53.743 D/HyperRemoteDevicesAdapter( 4286): Remote device name is: 1265R25491392BLE type = 2 CC:DB:A7:D8:28:E6
06-29 13:17:53.743 D/HyperRemoteDevicesAdapter( 4286): update name for XX:XX:XX:XX:28:E6 type = 2 name = 1265R25491392BLE 0
06-29 13:17:53.743 D/HyperRemoteDevicesAdapter( 4286): Update property, device=CC:DB:A7:D8:28:E6, type: 4
06-29 13:17:53.743 D/HyperRemoteDevicesAdapter( 4286): Update property, device=CC:DB:A7:D8:28:E6, type: 5
06-29 13:17:53.744 E/CamOpt_Service( 2823): Error reading temp from /sys/class/thermal/thermal_zone18/temp: read failed: ETIMEDOUT (Connection timed out)
06-29 13:17:53.744 V/ScanController( 4286): onScanResult() - eventType=0x1b, addressType=0, address=XX:XX:XX:XX:28:E6, primaryPhy=1, secondaryPhy=0, advertisingSid=0xff, txPower=127, rssi=-49, periodicAdvInt=0x0, originalAddress=CC:DB:A7:D8:28:E6
06-29 13:17:53.744 V/ScanController( 4286): Skipping client: permission=true matches=false
06-29 13:17:53.744 V/ScanController( 4286): Skipping client: permission=true matches=false
06-29 13:17:53.744 V/ScanController( 4286): Skipping client: permission=true matches=false
06-29 13:17:53.745 V/ScanController( 4286): Skipping client: permission=true matches=false
06-29 13:17:53.746 V/ScanController( 4286): Skipping client: permission=true matches=false
06-29 13:17:53.748 E/HwcComposer( 2037): presentOrValidateDisplay 0 presentFence:-1
06-29 13:17:53.749 W/SDM     ( 1897): HWEventsDRM::SetEventState: Registration of already registered hw event 14 occurred!!
06-29 13:17:53.755 E/HwcComposer( 2037): presentOrValidateDisplay 0 presentFence:-1
06-29 13:17:53.756 W/SDM     ( 1897): HWEventsDRM::SetEventState: Registration of already registered hw event 14 occurred!!
06-29 13:17:53.756 E/libhme  ( 1879): hme_process: 1066: hme_dsp_process done, rc = 
06-29 13:17:53.758 W/CHIUSECASE( 1879): [WARN   ] chifeature2realtime.cpp:1813 PopulateSensorModeOnMetadataResult() [InSensorZoom] FRO-URO:19_RealtimeFG:RealTime_0 Fail to translate ROI metadata for InSensorZoom: Required data unavailable: pMetadata: 0xb400006ff5fbaab0, pInSensorZoomInfo: 0x0, m_pRoiTranslator: 0x0 pCameraInfo 0x6ee645ffe8
06-29 13:17:53.758 E/HwcComposer( 2037): getLuts failed Status(-129, EX_TRANSACTION_FAILED): 'UNKNOWN_TRANSACTION: '
06-29 13:17:53.764 W/CHIUSECASE( 1879): [WARN   ] chifeature2graph.cpp:3753 ProcessResultMetadataMessage() pOutputLinkData->linkState in unexpected state: 1; expected OutputPending
06-29 13:17:53.764 I/miface-camera( 1853): on_image_available enter, frame_event_counter: 20, state: process
06-29 13:17:53.764 E/HwcComposer( 2037): presentOrValidateDisplay 0 presentFence:-1
06-29 13:17:53.765 W/CHIUSECASE( 1879): [WARN   ] chifeature2usecaserequestobject.cpp:532 Initialize() pUsecaseSettings is NULL!!
06-29 13:17:53.765 W/SDM     ( 1897): HWEventsDRM::SetEventState: Registration of already registered hw event 14 occurred!!
06-29 13:17:53.769 E/FileUtil(15666): FileUtil
06-29 13:17:53.769 E/FileUtil(15666): java.io.IOException: read failed: ETIMEDOUT (Connection timed out)
06-29 13:17:53.769 E/FileUtil(15666): 	at libcore.io.IoBridge.read(IoBridge.java:614)
06-29 13:17:53.769 E/FileUtil(15666): 	at java.io.FileInputStream.read(FileInputStream.java:353)
06-29 13:17:53.769 E/FileUtil(15666): 	at sun.nio.cs.StreamDecoder.readBytes(StreamDecoder.java:309)
06-29 13:17:53.769 E/FileUtil(15666): 	at sun.nio.cs.StreamDecoder.implRead(StreamDecoder.java:373)
06-29 13:17:53.769 E/FileUtil(15666): 	at sun.nio.cs.StreamDecoder.read(StreamDecoder.java:183)
06-29 13:17:53.769 E/FileUtil(15666): 	at java.io.InputStreamReader.read(InputStreamReader.java:177)
06-29 13:17:53.769 E/FileUtil(15666): 	at java.io.BufferedReader.fill(BufferedReader.java:172)
06-29 13:17:53.769 E/FileUtil(15666): 	at java.io.BufferedReader.readLine(BufferedReader.java:337)
06-29 13:17:53.769 E/FileUtil(15666): 	at java.io.BufferedReader.readLine(BufferedReader.java:403)
06-29 13:17:53.769 E/FileUtil(15666): 	at com.miui.powerkeeper.utils.FileUtil.getFileString(FileUtil.java:7)
06-29 13:17:53.769 E/FileUtil(15666): 	at com.miui.powerkeeper.utils.FileUtil.getFileString(FileUtil.java:2)
06-29 13:17:53.769 E/FileUtil(15666): 	at com.miui.powerkeeper.thermalcollector.collector.ThermalPlusCollector.readNtcTemp(ThermalPlusCollector.java:17)
06-29 13:17:53.769 E/FileUtil(15666): 	at com.miui.powerkeeper.thermalcollector.collector.ThermalPlusCollector.lambda$getNtcThermalTemp$0(ThermalPlusCollector.java:11)
06-29 13:17:53.769 E/FileUtil(15666): 	at com.miui.powerkeeper.thermalcollector.collector.ThermalPlusCollector.a(ThermalPlusCollector.java:1)
06-29 13:17:53.769 E/FileUtil(15666): 	at com.miui.powerkeeper.thermalcollector.collector.g.apply(R8$$SyntheticClass:5)
06-29 13:17:53.769 E/FileUtil(15666): 	at java.util.stream.Collectors.lambda$uniqKeysMapAccumulator$1(Collectors.java:180)
06-29 13:17:53.769 E/FileUtil(15666): 	at java.util.stream.Collectors$$ExternalSyntheticLambda1.accept(D8$$SyntheticClass:0)
06-29 13:17:53.769 E/FileUtil(15666): 	at java.util.stream.ReduceOps$3ReducingSink.accept(ReduceOps.java:169)
06-29 13:17:53.769 E/FileUtil(15666): 	at java.util.HashMap$EntrySpliterator.forEachRemaining(HashMap.java:1857)
06-29 13:17:53.769 E/FileUtil(15666): 	at java.util.stream.AbstractPipeline.copyInto(AbstractPipeline.java:574)
06-29 13:17:53.769 E/FileUtil(15666): 	at java.util.stream.AbstractPipeline.wrapAndCopyInto(AbstractPipeline.java:564)
06-29 13:17:53.769 E/FileUtil(15666): 	at java.util.stream.ReduceOps$ReduceOp.evaluateSequential(ReduceOps.java:921)
06-29 13:17:53.769 E/FileUtil(15666): 	at java.util.stream.AbstractPipeline.evaluate(AbstractPipeline.java:267)
06-29 13:17:53.769 E/FileUtil(15666): 	at java.util.stream.ReferencePipeline.collect(ReferencePipeline.java:748)
06-29 13:17:53.769 E/FileUtil(15666): 	at com.miui.powerkeeper.thermalcollector.collector.ThermalPlusCollector.getNtcThermalTemp(ThermalPlusCollector.java:25)
06-29 13:17:53.769 E/FileUtil(15666): 	at com.miui.powerkeeper.thermalcollector.collector.ThermalPlusCollector.collect(ThermalPlusCollector.java:41)
06-29 13:17:53.769 E/FileUtil(15666): 	at com.miui.powerkeeper.thermalcollector.collector.BaseCollector.collectData(BaseCollector.java:1)
06-29 13:17:53.769 E/FileUtil(15666): 	at com.miui.powerkeeper.thermalcollector.q.apply(R8$$SyntheticClass:3)
06-29 13:17:53.769 E/FileUtil(15666): 	at java.util.stream.ReferencePipeline$3$1.accept(ReferencePipeline.java:227)
06-29 13:17:53.769 E/FileUtil(15666): 	at java.util.stream.ReferencePipeline$2$1.accept(ReferencePipeline.java:209)
06-29 13:17:53.769 E/FileUtil(15666): 	at java.util.stream.ReferencePipeline$3$1.accept(ReferencePipeline.java:227)
06-29 13:17:53.769 E/FileUtil(15666): 	at java.util.HashMap$KeySpliterator.forEachRemaining(HashMap.java:1714)
06-29 13:17:53.769 E/FileUtil(15666): 	at java.util.stream.AbstractPipeline.copyInto(AbstractPipeline.java:574)
06-29 13:17:53.769 E/FileUtil(15666): 	at java.util.stream.AbstractPipeline.wrapAndCopyInto(AbstractPipeline.java:564)
06-29 13:17:53.769 E/FileUtil(15666): 	at java.util.stream.ReduceOps$ReduceOp.evaluateSequential(ReduceOps.java:921)
06-29 13:17:53.769 E/FileUtil(15666): 	at java.util.stream.AbstractPipeline.evaluate(AbstractPipeline.java:267)
06-29 13:17:53.769 E/FileUtil(15666): 	at java.util.stream.ReferencePipeline.collect(ReferencePipeline.java:748)
06-29 13:17:53.769 E/FileUtil(15666): 	at com.miui.powerkeeper.thermalcollector.CollectorManager$TriggerCallback.collect(CollectorManager.java:45)
06-29 13:17:53.769 E/FileUtil(15666): 	at com.miui.powerkeeper.thermalcollector.trigger.BaseTrigger.handleRuleMessage(BaseTrigger.java:94)
06-29 13:17:53.769 E/FileUtil(15666): 	at com.miui.powerkeeper.thermalcollector.trigger.ForegroundTrigger.onStateChanged(ForegroundTrigger.java:13)
06-29 13:17:53.769 E/FileUtil(15666): 	at com.miui.powerkeeper.thermalcollector.trigger.BaseTrigger$TriggerHandler.handleMessage(BaseTrigger.java:3)
06-29 13:17:53.769 E/FileUtil(15666): 	at android.os.Handler.dispatchMessage(Handler.java:114)
06-29 13:17:53.769 E/FileUtil(15666): 	at android.os.Looper.loopOnce(Looper.java:274)
06-29 13:17:53.769 E/FileUtil(15666): 	at android.os.Looper.loop(Looper.java:369)
06-29 13:17:53.769 E/FileUtil(15666): 	at android.os.HandlerThread.run(HandlerThread.java:85)
06-29 13:17:53.769 E/FileUtil(15666): Caused by: android.system.ErrnoException: read failed: ETIMEDOUT (Connection timed out)
06-29 13:17:53.769 E/FileUtil(15666): 	at libcore.io.Linux.readBytes(Native Method)
06-29 13:17:53.769 E/FileUtil(15666): 	at libcore.io.Linux.read(Linux.java:232)
06-29 13:17:53.769 E/FileUtil(15666): 	at libcore.io.ForwardingOs.read(ForwardingOs.java:629)
06-29 13:17:53.769 E/FileUtil(15666): 	at libcore.io.BlockGuardOs.read(BlockGuardOs.java:325)
06-29 13:17:53.769 E/FileUtil(15666): 	at libcore.io.ForwardingOs.read(ForwardingOs.java:629)
06-29 13:17:53.769 E/FileUtil(15666): 	at libcore.io.IoBridge.read(IoBridge.java:604)
06-29 13:17:53.769 E/FileUtil(15666): 	... 44 more
06-29 13:17:53.772 I/miface-ree( 1853): [Error][Faceulock] detect_align(596):detect no face.
06-29 13:17:53.772 E/HwcComposer( 2037): presentOrValidateDisplay 0 presentFence:-1
06-29 13:17:53.773 W/SDM     ( 1897): HWEventsDRM::SetEventState: Registration of already registered hw event 14 occurred!!
06-29 13:17:53.777 I/miface-ree( 1853): [Error][Faceulock] detect_align(596):detect no face.
06-29 13:17:53.780 I/vendor.qti.bluetooth@1.0-ibs_handler( 1773): ProcessIbsCmd: Received IBS_SLEEP_IND: 0xFE
06-29 13:17:53.780 D/vendor.qti.bluetooth@1.0-ibs_handler( 1773): SerialClockVote: vote for UART CLK OFF
06-29 13:17:53.780 E/HwcComposer( 2037): presentOrValidateDisplay 0 presentFence:-1
06-29 13:17:53.781 W/SDM     ( 1897): HWEventsDRM::SetEventState: Registration of already registered hw event 14 occurred!!
06-29 13:17:53.782 I/miface-ree( 1853): [Error][Faceulock] detect_align(596):detect no face.
06-29 13:17:53.783 I/SmartPower: com.mi.appfinder/10171(16873)( 2823): background->idle(3000ms) R(broadcast start Intent { act=android.intent.action.SCREEN_ON flg=0x50200010 }) adj=0.
06-29 13:17:53.787 I/miface-ree( 1853): [Error][Faceulock] detect_align(596):detect no face.
06-29 13:17:53.787 I/miface-ree( 1853): [Error][Faceulock] st_tee_detect(784):All directions align failed!
06-29 13:17:53.787 I/miface-unlock( 1853): frame[20:19] algo code: 5, compare time: 22ms
06-29 13:17:53.788 E/HwcComposer( 2037): presentOrValidateDisplay 0 presentFence:-1
06-29 13:17:53.789 W/SDM     ( 1897): HWEventsDRM::SetEventState: Registration of already registered hw event 14 occurred!!
06-29 13:17:53.790 D/BiometricStatusRepositoryImpl( 4790): authenticationState updated: Acquired(biometricSourceType=FACE, requestReason=DeviceEntryAuthentication, acquiredInfo=11)
06-29 13:17:53.791 D/BiometricStatusRepositoryImpl( 4790): authenticationState updated: Help(biometricSourceType=FACE, helpString=Gledajte izravnije prema uređaju., helpCode=11, requestReason=DeviceEntryAuthentication)
06-29 13:17:53.797 E/HwcComposer( 2037): presentOrValidateDisplay 0 presentFence:-1
06-29 13:17:53.798 W/SDM     ( 1897): HWEventsDRM::SetEventState: Registration of already registered hw event 14 occurred!!
06-29 13:17:53.806 E/HwcComposer( 2037): presentOrValidateDisplay 0 presentFence:-1
06-29 13:17:53.807 W/SDM     ( 1897): HWEventsDRM::SetEventState: Registration of already registered hw event 14 occurred!!
06-29 13:17:53.815 E/HwcComposer( 2037): presentOrValidateDisplay 0 presentFence:-1
06-29 13:17:53.817 W/SDM     ( 1897): HWEventsDRM::SetEventState: Registration of already registered hw event 14 occurred!!
06-29 13:17:53.824 E/HwcComposer( 2037): presentOrValidateDisplay 0 presentFence:-1
06-29 13:17:53.825 W/SDM     ( 1897): HWEventsDRM::SetEventState: Registration of already registered hw event 14 occurred!!
06-29 13:17:53.832 E/HwcComposer( 2037): presentOrValidateDisplay 0 presentFence:-1
06-29 13:17:53.833 W/SDM     ( 1897): HWEventsDRM::SetEventState: Registration of already registered hw event 14 occurred!!
06-29 13:17:53.837 E/ACameraDeviceVendor( 1853): onCaptureStarted: request = 0xb400006e17c95840
06-29 13:17:53.839 I/SmartPower: com.miui.analytics/10187(31210)( 2823): background->idle(3006ms) R(broadcast start Intent { act=android.intent.action.SCREEN_ON flg=0x50200010 }) adj=100.
06-29 13:17:53.840 E/HwcComposer( 2037): presentOrValidateDisplay 0 presentFence:-1
06-29 13:17:53.841 W/SDM     ( 1897): HWEventsDRM::SetEventState: Registration of already registered hw event 14 occurred!!
06-29 13:17:53.849 E/HwcComposer( 2037): presentOrValidateDisplay 0 presentFence:-1
06-29 13:17:53.851 W/SDM     ( 1897): HWEventsDRM::SetEventState: Registration of already registered hw event 14 occurred!!
06-29 13:17:53.855 E/libhme  ( 1879): hme_process: 1066: hme_dsp_process done, rc = 
06-29 13:17:53.856 W/CHIUSECASE( 1879): [WARN   ] chifeature2realtime.cpp:1813 PopulateSensorModeOnMetadataResult() [InSensorZoom] FRO-URO:20_RealtimeFG:RealTime_0 Fail to translate ROI metadata for InSensorZoom: Required data unavailable: pMetadata: 0xb400006ff5fcff50, pInSensorZoomInfo: 0x0, m_pRoiTranslator: 0x0 pCameraInfo 0x6ee645ffe8
06-29 13:17:53.857 E/HwcComposer( 2037): presentOrValidateDisplay 0 presentFence:-1
06-29 13:17:53.858 W/SDM     ( 1897): HWEventsDRM::SetEventState: Registration of already registered hw event 14 occurred!!
06-29 13:17:53.865 E/HwcComposer( 2037): presentOrValidateDisplay 0 presentFence:-1
06-29 13:17:53.866 I/miface-camera( 1853): on_image_available enter, frame_event_counter: 21, state: process
06-29 13:17:53.866 W/CHIUSECASE( 1879): [WARN   ] chifeature2graph.cpp:3753 ProcessResultMetadataMessage() pOutputLinkData->linkState in unexpected state: 1; expected OutputPending
06-29 13:17:53.866 W/CHIUSECASE( 1879): [WARN   ] chifeature2usecaserequestobject.cpp:532 Initialize() pUsecaseSettings is NULL!!
06-29 13:17:53.866 W/SDM     ( 1897): HWEventsDRM::SetEventState: Registration of already registered hw event 14 occurred!!
06-29 13:17:53.871 I/SmartPower: com.xiaomi.discover/10203(31336)( 2823): background->idle(3024ms) R(broadcast start Intent { act=android.intent.action.SCREEN_ON flg=0x50200010 }) adj=800.
06-29 13:17:53.872 E/HwcComposer( 2037): presentOrValidateDisplay 0 presentFence:-1
06-29 13:17:53.873 W/SDM     ( 1897): HWEventsDRM::SetEventState: Registration of already registered hw event 14 occurred!!
06-29 13:17:53.873 I/miface-ree( 1853): [Error][Faceulock] detect_align(596):detect no face.
06-29 13:17:53.879 I/miface-ree( 1853): [Error][Faceulock] detect_align(596):detect no face.
06-29 13:17:53.880 E/HwcComposer( 2037): presentOrValidateDisplay 0 presentFence:-1
06-29 13:17:53.880 I/vendor.qti.hardware.display.composer-service( 1897): Sensor: notify citsensorservice to trigger cwb, misForced = 0
06-29 13:17:53.881 W/SDM     ( 1897): HWEventsDRM::SetEventState: Registration of already registered hw event 14 occurred!!
06-29 13:17:53.882 I/SDM     ( 1897): CWB config passed by cwb_client : tappoint 1  CWB_ROI : (79.000000 0.000000 480.000000 481.000000)
06-29 13:17:53.884 I/miface-ree( 1853): [Error][Faceulock] detect_align(596):detect no face.
06-29 13:17:53.888 E/HwcComposer( 2037): presentOrValidateDisplay 0 presentFence:-1
06-29 13:17:53.889 W/SDM     ( 1897): HWEventsDRM::SetEventState: Registration of already registered hw event 14 occurred!!
06-29 13:17:53.889 I/miface-ree( 1853): [Error][Faceulock] detect_align(596):detect no face.
06-29 13:17:53.889 I/miface-ree( 1853): [Error][Faceulock] st_tee_detect(784):All directions align failed!
06-29 13:17:53.889 I/miface-unlock( 1853): frame[21:20] algo code: 5, compare time: 23ms
06-29 13:17:53.891 D/BiometricStatusRepositoryImpl( 4790): authenticationState updated: Acquired(biometricSourceType=FACE, requestReason=DeviceEntryAuthentication, acquiredInfo=11)
06-29 13:17:53.891 D/BiometricStatusRepositoryImpl( 4790): authenticationState updated: Help(biometricSourceType=FACE, helpString=Gledajte izravnije prema uređaju., helpCode=11, requestReason=DeviceEntryAuthentication)
06-29 13:17:53.897 E/HwcComposer( 2037): presentOrValidateDisplay 0 presentFence:-1
06-29 13:17:53.898 W/SDM     ( 1897): HWEventsDRM::SetEventState: Registration of already registered hw event 14 occurred!!
06-29 13:17:53.898 I/SDM     ( 1897): HWDeviceDRM::SetupConcurrentWriteback: Tear down the Concurrent Writeback topology
06-29 13:17:53.899 I/SmartPower: com.xiaomi.mipicks/10249(31480)( 2823): background->idle(3002ms) R(broadcast start Intent { act=android.intent.action.SCREEN_ON flg=0x50200010 }) adj=905.
06-29 13:17:53.907 E/HwcComposer( 2037): presentOrValidateDisplay 0 presentFence:-1
06-29 13:17:53.907 I/SDM     ( 1897): HWCSession::NotifyCWBStatus: Notify the client about buffer status 0.
06-29 13:17:53.908 I/SDM     ( 1897): HWCSession::ProcessCWBStatus: CWB queue is empty. Display: 0
06-29 13:17:53.908 W/SDM     ( 1897): HWEventsDRM::SetEventState: Registration of already registered hw event 14 occurred!!
06-29 13:17:53.914 E/HwcComposer( 2037): presentOrValidateDisplay 0 presentFence:-1
06-29 13:17:53.915 W/SDM     ( 1897): HWEventsDRM::SetEventState: Registration of already registered hw event 14 occurred!!
06-29 13:17:53.923 E/HwcComposer( 2037): presentOrValidateDisplay 0 presentFence:-1
06-29 13:17:53.924 W/SDM     ( 1897): HWEventsDRM::SetEventState: Registration of already registered hw event 14 occurred!!
06-29 13:17:53.927 I/SmartPower: com.miui.msa.global/10205(31550)( 2823): background->idle(3002ms) R(broadcast start Intent { act=android.intent.action.SCREEN_ON flg=0x50200010 }) adj=100.
06-29 13:17:53.930 D/vendor.qti.bluetooth@1.0-wake_lock( 1773): Release wakelock is released 
06-29 13:17:53.932 E/HwcComposer( 2037): presentOrValidateDisplay 0 presentFence:-1
06-29 13:17:53.933 W/SDM     ( 1897): HWEventsDRM::SetEventState: Registration of already registered hw event 14 occurred!!
06-29 13:17:53.936 E/ACameraDeviceVendor( 1853): onCaptureStarted: request = 0xb400006e17c95840
06-29 13:17:53.940 E/HwcComposer( 2037): presentOrValidateDisplay 0 presentFence:-1
06-29 13:17:53.941 W/SDM     ( 1897): HWEventsDRM::SetEventState: Registration of already registered hw event 14 occurred!!
06-29 13:17:53.943 I/libsensor-boledalgo( 2430): dbv:82,lux:1.2,hsv:-1.0,dc:0CWB R:4314.8,G:4353.2,B:4385.7Event ALS:2.5,IR:0.2Cali ALS:1.1,IR:0.0
06-29 13:17:53.949 E/HwcComposer( 2037): presentOrValidateDisplay 0 presentFence:-1
06-29 13:17:53.950 W/SDM     ( 1897): HWEventsDRM::SetEventState: Registration of already registered hw event 14 occurred!!
06-29 13:17:53.957 E/HwcComposer( 2037): presentOrValidateDisplay 0 presentFence:-1
06-29 13:17:53.958 E/libhme  ( 1879): hme_process: 1066: hme_dsp_process done, rc = 
06-29 13:17:53.958 W/SDM     ( 1897): HWEventsDRM::SetEventState: Registration of already registered hw event 14 occurred!!
06-29 13:17:53.958 W/CHIUSECASE( 1879): [WARN   ] chifeature2realtime.cpp:1813 PopulateSensorModeOnMetadataResult() [InSensorZoom] FRO-URO:21_RealtimeFG:RealTime_0 Fail to translate ROI metadata for InSensorZoom: Required data unavailable: pMetadata: 0xb400006ff600c4f0, pInSensorZoomInfo: 0x0, m_pRoiTranslator: 0x0 pCameraInfo 0x6ee645ffe8
06-29 13:17:53.963 I/SmartPower: com.facebook.services/10119(31959)( 2823): background->idle(3005ms) R(broadcast start Intent { act=android.intent.action.SCREEN_ON flg=0x50200010 }) adj=500.
06-29 13:17:53.964 I/SmartPower: com.whatsapp/10374(31857)( 2823): background->idle(3005ms) R(broadcast start Intent { act=android.intent.action.SCREEN_ON flg=0x50200010 }) adj=800.
06-29 13:17:53.965 E/HwcComposer( 2037): presentOrValidateDisplay 0 presentFence:-1
06-29 13:17:53.966 W/SDM     ( 1897): HWEventsDRM::SetEventState: Registration of already registered hw event 14 occurred!!
06-29 13:17:53.970 I/miface-camera( 1853): on_image_available enter, frame_event_counter: 22, state: process
06-29 13:17:53.970 W/CHIUSECASE( 1879): [WARN   ] chifeature2graph.cpp:3753 ProcessResultMetadataMessage() pOutputLinkData->linkState in unexpected state: 1; expected OutputPending
06-29 13:17:53.970 W/CHIUSECASE( 1879): [WARN   ] chifeature2usecaserequestobject.cpp:532 Initialize() pUsecaseSettings is NULL!!
06-29 13:17:53.973 E/HwcComposer( 2037): presentOrValidateDisplay 0 presentFence:-1
06-29 13:17:53.974 W/SDM     ( 1897): HWEventsDRM::SetEventState: Registration of already registered hw event 14 occurred!!
06-29 13:17:53.977 I/miface-ree( 1853): [Error][Faceulock] detect_align(596):detect no face.
06-29 13:17:53.980 E/HwcComposer( 2037): presentOrValidateDisplay 0 presentFence:-1
06-29 13:17:53.981 W/SDM     ( 1897): HWEventsDRM::SetEventState: Registration of already registered hw event 14 occurred!!
06-29 13:17:53.983 I/miface-ree( 1853): [Error][Faceulock] detect_align(596):detect no face.
06-29 13:17:53.984 E/HwcComposer( 2037): getLuts failed Status(-129, EX_TRANSACTION_FAILED): 'UNKNOWN_TRANSACTION: '
06-29 13:17:53.988 E/HwcComposer( 2037): presentOrValidateDisplay 0 presentFence:-1
06-29 13:17:53.988 I/miface-ree( 1853): [Error][Faceulock] detect_align(596):detect no face.
06-29 13:17:53.989 W/SDM     ( 1897): HWEventsDRM::SetEventState: Registration of already registered hw event 14 occurred!!
06-29 13:17:53.993 I/miface-ree( 1853): [Error][Faceulock] detect_align(596):detect no face.
06-29 13:17:53.993 I/miface-ree( 1853): [Error][Faceulock] st_tee_detect(784):All directions align failed!
06-29 13:17:53.993 I/miface-unlock( 1853): frame[22:21] algo code: 5, compare time: 23ms
06-29 13:17:53.995 D/BiometricStatusRepositoryImpl( 4790): authenticationState updated: Acquired(biometricSourceType=FACE, requestReason=DeviceEntryAuthentication, acquiredInfo=11)
06-29 13:17:53.995 D/BiometricStatusRepositoryImpl( 4790): authenticationState updated: Help(biometricSourceType=FACE, helpString=Gledajte izravnije prema uređaju., helpCode=11, requestReason=DeviceEntryAuthentication)
06-29 13:17:53.996 E/HwcComposer( 2037): presentOrValidateDisplay 0 presentFence:-1
06-29 13:17:53.996 W/SDM     ( 1897): HWEventsDRM::SetEventState: Registration of already registered hw event 14 occurred!!
06-29 13:17:54.006 E/HwcComposer( 2037): presentOrValidateDisplay 0 presentFence:-1
06-29 13:17:54.007 W/SDM     ( 1897): HWEventsDRM::SetEventState: Registration of already registered hw event 14 occurred!!
06-29 13:17:54.015 E/HwcComposer( 2037): presentOrValidateDisplay 0 presentFence:-1
06-29 13:17:54.016 W/SDM     ( 1897): HWEventsDRM::SetEventState: Registration of already registered hw event 14 occurred!!
06-29 13:17:54.019 I/SmartPower: hr.asseco.android.zaba.new/10402(2537)( 2823): background->idle(3003ms) R(broadcast start Intent { act=android.intent.action.SCREEN_ON flg=0x50200010 }) adj=900.
06-29 13:17:54.024 E/HwcComposer( 2037): presentOrValidateDisplay 0 presentFence:-1
06-29 13:17:54.025 W/SDM     ( 1897): HWEventsDRM::SetEventState: Registration of already registered hw event 14 occurred!!
06-29 13:17:54.032 E/HwcComposer( 2037): presentOrValidateDisplay 0 presentFence:-1
06-29 13:17:54.033 W/SDM     ( 1897): HWEventsDRM::SetEventState: Registration of already registered hw event 14 occurred!!
06-29 13:17:54.035 E/ACameraDeviceVendor( 1853): onCaptureStarted: request = 0xb400006e17c95840
06-29 13:17:54.040 E/HwcComposer( 2037): presentOrValidateDisplay 0 presentFence:-1
06-29 13:17:54.041 W/SDM     ( 1897): HWEventsDRM::SetEventState: Registration of already registered hw event 14 occurred!!
06-29 13:17:54.048 E/HwcComposer( 2037): presentOrValidateDisplay 0 presentFence:-1
06-29 13:17:54.050 W/SDM     ( 1897): HWEventsDRM::SetEventState: Registration of already registered hw event 14 occurred!!
06-29 13:17:54.056 E/libhme  ( 1879): hme_process: 1066: hme_dsp_process done, rc = 
06-29 13:17:54.057 W/CHIUSECASE( 1879): [WARN   ] chifeature2realtime.cpp:1813 PopulateSensorModeOnMetadataResult() [InSensorZoom] FRO-URO:22_RealtimeFG:RealTime_0 Fail to translate ROI metadata for InSensorZoom: Required data unavailable: pMetadata: 0xb400006ff601edd0, pInSensorZoomInfo: 0x0, m_pRoiTranslator: 0x0 pCameraInfo 0x6ee645ffe8
06-29 13:17:54.057 E/HwcComposer( 2037): presentOrValidateDisplay 0 presentFence:-1
06-29 13:17:54.058 W/SDM     ( 1897): HWEventsDRM::SetEventState: Registration of already registered hw event 14 occurred!!
06-29 13:17:54.065 E/HwcComposer( 2037): presentOrValidateDisplay 0 presentFence:-1
06-29 13:17:54.066 W/SDM     ( 1897): HWEventsDRM::SetEventState: Registration of already registered hw event 14 occurred!!
06-29 13:17:54.070 W/CHIUSECASE( 1879): [WARN   ] chifeature2graph.cpp:3753 ProcessResultMetadataMessage() pOutputLinkData->linkState in unexpected state: 1; expected OutputPending
06-29 13:17:54.070 I/miface-camera( 1853): on_image_available enter, frame_event_counter: 23, state: process
06-29 13:17:54.070 W/CHIUSECASE( 1879): [WARN   ] chifeature2usecaserequestobject.cpp:532 Initialize() pUsecaseSettings is NULL!!
06-29 13:17:54.073 E/HwcComposer( 2037): presentOrValidateDisplay 0 presentFence:-1
06-29 13:17:54.074 W/SDM     ( 1897): HWEventsDRM::SetEventState: Registration of already registered hw event 14 occurred!!
06-29 13:17:54.078 I/miface-ree( 1853): [Error][Faceulock] detect_align(596):detect no face.
06-29 13:17:54.081 E/HwcComposer( 2037): presentOrValidateDisplay 0 presentFence:-1
06-29 13:17:54.081 W/SDM     ( 1897): HWEventsDRM::SetEventState: Registration of already registered hw event 14 occurred!!
06-29 13:17:54.084 I/miface-ree( 1853): [Error][Faceulock] detect_align(596):detect no face.
06-29 13:17:54.088 E/HwcComposer( 2037): presentOrValidateDisplay 0 presentFence:-1
06-29 13:17:54.088 W/SDM     ( 1897): HWEventsDRM::SetEventState: Registration of already registered hw event 14 occurred!!
06-29 13:17:54.088 I/miface-ree( 1853): [Error][Faceulock] detect_align(596):detect no face.
06-29 13:17:54.093 I/miface-ree( 1853): [Error][Faceulock] detect_align(596):detect no face.
06-29 13:17:54.093 I/miface-ree( 1853): [Error][Faceulock] st_tee_detect(784):All directions align failed!
06-29 13:17:54.093 I/miface-unlock( 1853): frame[23:22] algo code: 5, compare time: 23ms
06-29 13:17:54.095 D/BiometricStatusRepositoryImpl( 4790): authenticationState updated: Acquired(biometricSourceType=FACE, requestReason=DeviceEntryAuthentication, acquiredInfo=11)
06-29 13:17:54.096 D/BiometricStatusRepositoryImpl( 4790): authenticationState updated: Help(biometricSourceType=FACE, helpString=Gledajte izravnije prema uređaju., helpCode=11, requestReason=DeviceEntryAuthentication)
06-29 13:17:54.096 E/HwcComposer( 2037): presentOrValidateDisplay 0 presentFence:-1
06-29 13:17:54.096 W/SDM     ( 1897): HWEventsDRM::SetEventState: Registration of already registered hw event 14 occurred!!
06-29 13:17:54.106 E/HwcComposer( 2037): presentOrValidateDisplay 0 presentFence:-1
06-29 13:17:54.107 W/SDM     ( 1897): HWEventsDRM::SetEventState: Registration of already registered hw event 14 occurred!!
06-29 13:17:54.115 E/HwcComposer( 2037): presentOrValidateDisplay 0 presentFence:-1
06-29 13:17:54.116 W/SDM     ( 1897): HWEventsDRM::SetEventState: Registration of already registered hw event 14 occurred!!
06-29 13:17:54.123 E/HwcComposer( 2037): presentOrValidateDisplay 0 presentFence:-1
06-29 13:17:54.124 W/SDM     ( 1897): HWEventsDRM::SetEventState: Registration of already registered hw event 14 occurred!!
06-29 13:17:54.131 E/HwcComposer( 2037): presentOrValidateDisplay 0 presentFence:-1
06-29 13:17:54.132 W/SDM     ( 1897): HWEventsDRM::SetEventState: Registration of already registered hw event 14 occurred!!
06-29 13:17:54.136 E/ACameraDeviceVendor( 1853): onCaptureStarted: request = 0xb400006e17c95840
06-29 13:17:54.158 E/libhme  ( 1879): hme_process: 1066: hme_dsp_process done, rc = 
06-29 13:17:54.158 W/CHIUSECASE( 1879): [WARN   ] chifeature2realtime.cpp:1813 PopulateSensorModeOnMetadataResult() [InSensorZoom] FRO-URO:23_RealtimeFG:RealTime_0 Fail to translate ROI metadata for InSensorZoom: Required data unavailable: pMetadata: 0xb400006ff5fbfbf0, pInSensorZoomInfo: 0x0, m_pRoiTranslator: 0x0 pCameraInfo 0x6ee645ffe8
06-29 13:17:54.161 I/SmartPower: com.google.android.as/10165(31243)( 2823): background->idle(3001ms) R(broadcast start Intent { act=android.intent.action.DREAMING_STOPPED flg=0x50000010 xflg=0x4 }) adj=100.
06-29 13:17:54.165 I/miface-camera( 1853): on_image_available enter, frame_event_counter: 24, state: process
06-29 13:17:54.165 W/CHIUSECASE( 1879): [WARN   ] chifeature2graph.cpp:3753 ProcessResultMetadataMessage() pOutputLinkData->linkState in unexpected state: 1; expected OutputPending
06-29 13:17:54.166 W/CHIUSECASE( 1879): [WARN   ] chifeature2usecaserequestobject.cpp:532 Initialize() pUsecaseSettings is NULL!!
06-29 13:17:54.171 I/miface-ree( 1853): [Error][Faceulock] detect_align(596):detect no face.
06-29 13:17:54.177 I/miface-ree( 1853): [Error][Faceulock] detect_align(596):detect no face.
06-29 13:17:54.182 I/miface-ree( 1853): [Error][Faceulock] detect_align(596):detect no face.
06-29 13:17:54.187 I/miface-ree( 1853): [Error][Faceulock] detect_align(596):detect no face.
06-29 13:17:54.187 I/miface-ree( 1853): [Error][Faceulock] st_tee_detect(784):All directions align failed!
06-29 13:17:54.187 I/miface-unlock( 1853): frame[24:23] algo code: 5, compare time: 22ms
06-29 13:17:54.189 D/BiometricStatusRepositoryImpl( 4790): authenticationState updated: Acquired(biometricSourceType=FACE, requestReason=DeviceEntryAuthentication, acquiredInfo=11)
06-29 13:17:54.189 D/BiometricStatusRepositoryImpl( 4790): authenticationState updated: Help(biometricSourceType=FACE, helpString=Gledajte izravnije prema uređaju., helpCode=11, requestReason=DeviceEntryAuthentication)
06-29 13:17:54.205 I/SmartPower: com.google.android.apps.messaging/10185(12090)( 2823): background->idle(3002ms) R(content provider start ContentProviderRecord{244bc33 u0 com.google.android.apps.messaging/.shared.datamodel.provider.sharedstorage.SharedStorageProvider}) adj=200.
06-29 13:17:54.236 E/ACameraDeviceVendor( 1853): onCaptureStarted: request = 0xb400006e17c95840
06-29 13:17:54.255 E/libhme  ( 1879): hme_process: 1066: hme_dsp_process done, rc = 
06-29 13:17:54.256 W/CHIUSECASE( 1879): [WARN   ] chifeature2realtime.cpp:1813 PopulateSensorModeOnMetadataResult() [InSensorZoom] FRO-URO:24_RealtimeFG:RealTime_0 Fail to translate ROI metadata for InSensorZoom: Required data unavailable: pMetadata: 0xb400006ff600ddf0, pInSensorZoomInfo: 0x0, m_pRoiTranslator: 0x0 pCameraInfo 0x6ee645ffe8
06-29 13:17:54.268 I/miface-camera( 1853): on_image_available enter, frame_event_counter: 25, state: process
06-29 13:17:54.268 W/CHIUSECASE( 1879): [WARN   ] chifeature2graph.cpp:3753 ProcessResultMetadataMessage() pOutputLinkData->linkState in unexpected state: 1; expected OutputPending
06-29 13:17:54.268 W/CHIUSECASE( 1879): [WARN   ] chifeature2usecaserequestobject.cpp:532 Initialize() pUsecaseSettings is NULL!!
06-29 13:17:54.265 W/faceWorkBMF( 1853): type=1400 audit(0.0:11312): avc:  denied  { read } for  name="fod_press_status" dev="sysfs" ino=103688 scontext=u:r:hal_miface_default:s0 tcontext=u:object_r:sysfs_tp_fodstatus:s0 tclass=file permissive=0
06-29 13:17:54.277 I/miface-ree( 1853): [Error][Faceulock] detect_align(596):detect no face.
06-29 13:17:54.283 I/miface-ree( 1853): [Error][Faceulock] detect_align(596):detect no face.
06-29 13:17:54.287 I/miface-ree( 1853): [Error][Faceulock] detect_align(596):detect no face.
06-29 13:17:54.292 I/miface-ree( 1853): [Error][Faceulock] detect_align(596):detect no face.
06-29 13:17:54.292 I/miface-ree( 1853): [Error][Faceulock] st_tee_detect(784):All directions align failed!
06-29 13:17:54.293 I/miface-unlock( 1853): frame[25:24] algo code: 5, compare time: 23ms
06-29 13:17:54.294 D/BiometricStatusRepositoryImpl( 4790): authenticationState updated: Acquired(biometricSourceType=FACE, requestReason=DeviceEntryAuthentication, acquiredInfo=11)
06-29 13:17:54.295 D/BiometricStatusRepositoryImpl( 4790): authenticationState updated: Help(biometricSourceType=FACE, helpString=Gledajte izravnije prema uređaju., helpCode=11, requestReason=DeviceEntryAuthentication)
06-29 13:17:54.335 E/ACameraDeviceVendor( 1853): onCaptureStarted: request = 0xb400006e17c95840
06-29 13:17:54.357 E/libhme  ( 1879): hme_process: 1066: hme_dsp_process done, rc = 
06-29 13:17:54.357 W/CHIUSECASE( 1879): [WARN   ] chifeature2realtime.cpp:1813 PopulateSensorModeOnMetadataResult() [InSensorZoom] FRO-URO:25_RealtimeFG:RealTime_0 Fail to translate ROI metadata for InSensorZoom: Required data unavailable: pMetadata: 0xb400006ff602e4b0, pInSensorZoomInfo: 0x0, m_pRoiTranslator: 0x0 pCameraInfo 0x6ee645ffe8
06-29 13:17:54.367 I/miface-camera( 1853): on_image_available enter, frame_event_counter: 26, state: process
06-29 13:17:54.367 W/CHIUSECASE( 1879): [WARN   ] chifeature2graph.cpp:3753 ProcessResultMetadataMessage() pOutputLinkData->linkState in unexpected state: 1; expected OutputPending
06-29 13:17:54.367 W/CHIUSECASE( 1879): [WARN   ] chifeature2usecaserequestobject.cpp:532 Initialize() pUsecaseSettings is NULL!!
06-29 13:17:54.361 W/faceWorkBMF( 1853): type=1400 audit(0.0:11313): avc:  denied  { read } for  name="fod_press_status" dev="sysfs" ino=103688 scontext=u:r:hal_miface_default:s0 tcontext=u:object_r:sysfs_tp_fodstatus:s0 tclass=file permissive=0
06-29 13:17:54.375 I/miface-ree( 1853): [Error][Faceulock] detect_align(596):detect no face.
06-29 13:17:54.380 I/miface-ree( 1853): [Error][Faceulock] detect_align(596):detect no face.
06-29 13:17:54.385 I/miface-ree( 1853): [Error][Faceulock] detect_align(596):detect no face.
06-29 13:17:54.390 I/miface-ree( 1853): [Error][Faceulock] detect_align(596):detect no face.
06-29 13:17:54.390 I/miface-ree( 1853): [Error][Faceulock] st_tee_detect(784):All directions align failed!
06-29 13:17:54.390 I/miface-unlock( 1853): frame[26:25] algo code: 5, compare time: 22ms
06-29 13:17:54.392 D/BiometricStatusRepositoryImpl( 4790): authenticationState updated: Acquired(biometricSourceType=FACE, requestReason=DeviceEntryAuthentication, acquiredInfo=11)
06-29 13:17:54.393 D/BiometricStatusRepositoryImpl( 4790): authenticationState updated: Help(biometricSourceType=FACE, helpString=Gledajte izravnije prema uređaju., helpCode=11, requestReason=DeviceEntryAuthentication)
06-29 13:17:54.431 I/vendor.qti.hardware.display.composer-service( 1897): Sensor: notify citsensorservice to trigger cwb, misForced = 1
06-29 13:17:54.434 D/FiveGPowerController( 4725): Screen is on
06-29 13:17:54.434 I/SDM     ( 1897): CWB config passed by cwb_client : tappoint 1  CWB_ROI : (79.000000 0.000000 480.000000 481.000000)
06-29 13:17:54.435 D/FiveGPowerController( 4725): screen state delay, oldScreenOn: true, currentScreenOn: true
06-29 13:17:54.435 I/vendor.qti.bluetooth@1.0-ibs_handler( 1773): ProcessIbsCmd: Received IBS_WAKE_IND: 0xFD
06-29 13:17:54.435 D/vendor.qti.bluetooth@1.0-ibs_handler( 1773): SerialClockVote: vote for UART CLK ON
06-29 13:17:54.435 D/vendor.qti.bluetooth@1.0-wake_lock( 1773): Acquire wakelock is acquired 
06-29 13:17:54.435 I/vendor.qti.bluetooth@1.0-ibs_handler( 1773): ProcessIbsCmd: Writing IBS_WAKE_ACK
