06-29 13:17:51.706 D/AlarmScheduler-fold( 4790): scheduleNextAlarm, key=0|com.google.android.gm|0|gig:257898084:^sq_ig_i_personal|10204, triggerTime=76430038, intent=43391646
06-29 13:17:51.706 D/AlarmScheduler-fold( 4790): setExactAlarm, key=0|com.google.android.gm|0|gig:257898084:^sq_ig_i_personal|10204, triggerTime=76430038, intent=43391646
06-29 13:17:51.706 D/AlarmScheduler-TIMEOUT( 4790): cancelCurrentAlarm, key=0|com.huawei.health|10010|null|10439, intent=182635724
06-29 13:17:51.706 D/MiuiBubbleManager( 4790): onEntryUpdated: com.android.systemui.statusbar.notification.collection.NotificationEntry@dd4d37e App
06-29 13:17:51.706 D/AlarmScheduler-TIMEOUT( 4790): scheduleNextAlarm
06-29 13:17:51.706 E/AlarmManager( 2823): not align this alarm: Alarm{569ce00 type 2 origWhen 76430038 whenElapsed 76430038 com.android.systemui}, reason=0
06-29 13:17:51.707 D/AlarmScheduler-TIMEOUT( 4790): scheduleNextAlarm, key=0|com.google.android.gm|-1976251310|gig:257898084:^sq_ig_i_personal|10204, triggerTime=313958267, intent=171551103
06-29 13:17:51.707 D/AlarmScheduler-TIMEOUT( 4790): setExactAlarm, key=0|com.google.android.gm|-1976251310|gig:257898084:^sq_ig_i_personal|10204, triggerTime=313958267, intent=171551103
06-29 13:17:51.707 E/AlarmManager( 2823): not align this alarm: Alarm{ed0e639 type 2 origWhen 313958267 whenElapsed 313958267 com.android.systemui}, reason=0
06-29 13:17:51.720 E/AnimationHelper( 4790): com.android.keyguard.clock.animation.AnimationHelper@132bf10 doAnimationToNotification hasNotification: true, fromKeyguard: true, mHasNotification: true, sToAod: false
06-29 13:17:51.726 I/ClockDeviceConfig( 4790): get bounds = Rect(0, 0 - 1080, 2392)
06-29 13:17:51.729 D/MiBridge( 4790): requestCpuHighFreq---- uid: 1000 level: 1 timeoutms:2000
06-29 13:17:51.729 D/MiBridge( 4790): requestCpuHighFreq handle: 1
06-29 13:17:51.730 W/MiuiBooster( 2252): "MiuiBoosterService requestCpuHighFreq: 1000, 1, 2000"
06-29 13:17:51.730 D/CpuBoostUtil( 4790): boostCpuToMax:0
06-29 13:17:51.730 W/MiuiBooster( 2252): "requestCpuHighFreq, final level:1, final timeoutms:2000"
06-29 13:17:51.730 W/MiuiBooster( 2252): "perf_hint_hc_QCOM start"
06-29 13:17:51.730 W/MiuiBooster( 2252): "big_core_value[level-1]:2400"
06-29 13:17:51.730 W/MiuiBooster( 2252): "little_core_value[level-1]:1804"
06-29 13:17:51.730 E/PERFHAL-CLIENT( 2252): PERFHAL-CLIENT: perf_lock_acq() 164: opcode=1082130432 isMvOpcode=0
06-29 13:17:51.730 E/PERFHAL-CLIENT( 2252): PERFHAL-CLIENT: perf_lock_acq() 164: opcode=1082130688 isMvOpcode=0
06-29 13:17:51.731 W/MiuiBooster( 2252): "requestCpuHighFreq, perf_handle:22312"
06-29 13:17:51.731 D/EmptyNotif( 4790): setContractedChild: 0|com.huawei.health|10010|null|10439  null
06-29 13:17:51.731 E/vendor.qti.hardware.perf2-hal-service( 1901): ExtendedPerfBoost: extended_perfboost_acq() 174: extended perfboost acq req->mDuration=2000 req->mThermalBoostParams=none req->mHintId=0 req->mHintType=0 duration=2000
06-29 13:17:51.731 D/NotificationRowContentBinderInjectorImpl( 4790): changeToFullAodContext: not need change full aod style
06-29 13:17:51.735 E/PERFHAL-SSLITE( 1901): PERFHAL-SSLITE: CheckOngoingScenario() 53: SSLite is disabled on this target
06-29 13:17:51.735 E/PERFHAL-SSLITE( 1901): PERFHAL-SSLITE: StartScenario() 75: SSLite is disabled on this target
06-29 13:17:51.735 E/vendor.qti.hardware.perf2-hal-service( 1901): ExtendedPerfBoost: extended_perfboost_acq() 174: extended perfboost acq req->mDuration=13 req->mThermalBoostParams=none req->mHintId=4249 req->mHintType=0 duration=13
06-29 13:17:51.737 D/PerfShielderService( 2823): com.android.systemui|com.android.systemui-Not-1939607582|192|14256597139351|132|5|4
06-29 13:17:51.738 W/MiuiPerfServiceClient(11061): interceptAndQueuing:4790|com.android.systemui|192|132|14256597139351|Slow issue draw commands|4
06-29 13:17:51.739 D/HWUI    ( 4790): ImageDecoder_nDecodeBitmap: width = 45, height = 45, encodedFormat = 6
06-29 13:17:51.739 W/HWUI    ( 4790): Image decoding logging dropped!
06-29 13:17:51.740 D/NotificationHeaderExpandController( 4790): onExpansionChanged: progress =  1.0
06-29 13:17:51.741 E/HwcComposer( 2037): presentOrValidateDisplay 0 presentFence:-1
06-29 13:17:51.741 I/vendor.qti.hardware.display.composer-service( 1897): Sensor: notify citsensorservice to trigger cwb, misForced = 0
06-29 13:17:51.742 W/SDM     ( 1897): HWEventsDRM::SetEventState: Registration of already registered hw event 14 occurred!!
06-29 13:17:51.743 I/SDM     ( 1897): CWB config passed by cwb_client : tappoint 1  CWB_ROI : (79.000000 0.000000 480.000000 481.000000)
06-29 13:17:51.744 E/HwcComposer( 2037): getLuts failed Status(-129, EX_TRANSACTION_FAILED): 'UNKNOWN_TRANSACTION: '
06-29 13:17:51.746 E/libhme  ( 1879): hme_init: 457:HME_v0.2.4 
06-29 13:17:51.746 E/libhme  ( 1879): hme_init: 476: img_width_high 480, img_height_high 360, img_width_low 240, img_height_low 180
06-29 13:17:51.746 E/libhme  ( 1879): hme_init: 477: input_format 0, use_nsp 1, gen_ds8 1, use_prev_internal 1
06-29 13:17:51.746 I/libhme  ( 1879): dsp_uri=file:///libhme_dsp_skel.so?hme_dsp_skel_handle_invoke&_modver=1.0&_dom=cdsp
06-29 13:17:51.746 W/vendor.qti.camera.provider-service_64( 1879): vendor/qcom/proprietary/adsprpc/src/fastrpc_apps_user.c:1425:Warning: remote_handle_invoke: Non-domain usage of FastRPC will be deprecated, use domains to offload to DSP using FastRPC
06-29 13:17:51.744 D/HWUI    ( 4790): ImageDecoder_nDecodeBitmap: width = 45, height = 45, encodedFormat = 6
06-29 13:17:51.748 I/vendor.qti.camera.provider-service_64( 1879): vendor/qcom/proprietary/adsprpc/src/apps_std_imp.c:1043: Successfully opened file libhme_dsp_skel.so
06-29 13:17:51.748 E/ACameraDeviceVendor( 1853): onCaptureStarted: request = 0xb400006e17c95840
06-29 13:17:51.748 W/vendor.qti.camera.provider-service_64( 1879): vendor/qcom/proprietary/adsprpc/src/fastrpc_apps_user.c:1425:Warning: remote_handle_invoke: Non-domain usage of FastRPC will be deprecated, use domains to offload to DSP using FastRPC
06-29 13:17:51.749 W/vendor.qti.camera.provider-service_64( 1879): vendor/qcom/proprietary/adsprpc/src/fastrpc_apps_user.c:1425:Warning: remote_handle_invoke: Non-domain usage of FastRPC will be deprecated, use domains to offload to DSP using FastRPC
06-29 13:17:51.750 W/vendor.qti.camera.provider-service_64( 1879): vendor/qcom/proprietary/adsprpc/src/fastrpc_apps_user.c:1425:Warning: remote_handle_invoke: Non-domain usage of FastRPC will be deprecated, use domains to offload to DSP using FastRPC
06-29 13:17:51.750 E/HwcComposer( 2037): presentOrValidateDisplay 0 presentFence:-1
06-29 13:17:51.751 W/SDM     ( 1897): HWEventsDRM::SetEventState: Registration of already registered hw event 14 occurred!!
06-29 13:17:51.752 W/vendor.qti.camera.provider-service_64( 1879): vendor/qcom/proprietary/adsprpc/src/fastrpc_apps_user.c:1425:Warning: remote_handle_invoke: Non-domain usage of FastRPC will be deprecated, use domains to offload to DSP using FastRPC
06-29 13:17:51.753 W/vendor.qti.camera.provider-service_64( 1879): vendor/qcom/proprietary/adsprpc/src/fastrpc_apps_user.c:1425:Warning: remote_handle_invoke: Non-domain usage of FastRPC will be deprecated, use domains to offload to DSP using FastRPC
06-29 13:17:51.753 I/SnapAlloc( 1888): Using graphics libs for alignment calculations
06-29 13:17:51.753 W/SnapAlloc( 1888): Failed to open smmu proxy node = /dev/qti-smmu-proxy, error = No such file or directory
06-29 13:17:51.753 W/SnapAlloc( 1888): Failed to open smmu proxy node = /dev/qti-smmu-proxy, error = No such file or directory
06-29 13:17:51.754 W/vendor.qti.camera.provider-service_64( 1879): vendor/qcom/proprietary/adsprpc/src/fastrpc_apps_user.c:1425:Warning: remote_handle_invoke: Non-domain usage of FastRPC will be deprecated, use domains to offload to DSP using FastRPC
06-29 13:17:51.754 W/vendor.qti.camera.provider-service_64( 1879): vendor/qcom/proprietary/adsprpc/src/fastrpc_apps_user.c:1425:Warning: remote_handle_invoke: Non-domain usage of FastRPC will be deprecated, use domains to offload to DSP using FastRPC
06-29 13:17:51.755 W/HWUI    ( 4790): Image decoding logging dropped!
06-29 13:17:51.755 D/HWUI    ( 4790): ImageDecoder_nDecodeBitmap: width = 45, height = 45, encodedFormat = 6
06-29 13:17:51.755 W/vendor.qti.camera.provider-service_64( 1879): vendor/qcom/proprietary/adsprpc/src/fastrpc_apps_user.c:1425:Warning: remote_handle_invoke: Non-domain usage of FastRPC will be deprecated, use domains to offload to DSP using FastRPC
06-29 13:17:51.756 I/SnapAlloc( 1888): Using graphics libs for alignment calculations
06-29 13:17:51.756 W/SnapAlloc( 1888): Failed to open smmu proxy node = /dev/qti-smmu-proxy, error = No such file or directory
06-29 13:17:51.756 W/vendor.qti.camera.provider-service_64( 1879): vendor/qcom/proprietary/adsprpc/src/fastrpc_apps_user.c:1425:Warning: remote_handle_invoke: Non-domain usage of FastRPC will be deprecated, use domains to offload to DSP using FastRPC
06-29 13:17:51.756 W/SnapAlloc( 1888): Failed to open smmu proxy node = /dev/qti-smmu-proxy, error = No such file or directory
06-29 13:17:51.756 W/vendor.qti.camera.provider-service_64( 1879): vendor/qcom/proprietary/adsprpc/src/fastrpc_apps_user.c:1425:Warning: remote_handle_invoke: Non-domain usage of FastRPC will be deprecated, use domains to offload to DSP using FastRPC
06-29 13:17:51.758 E/HwcComposer( 2037): presentOrValidateDisplay 0 presentFence:-1
06-29 13:17:51.758 W/SDM     ( 1897): HWEventsDRM::SetEventState: Registration of already registered hw event 14 occurred!!
06-29 13:17:51.758 I/SDM     ( 1897): HWDeviceDRM::SetupConcurrentWriteback: Tear down the Concurrent Writeback topology
06-29 13:17:51.759 W/vendor.qti.camera.provider-service_64( 1879): vendor/qcom/proprietary/adsprpc/src/fastrpc_apps_user.c:1425:Warning: remote_handle_invoke: Non-domain usage of FastRPC will be deprecated, use domains to offload to DSP using FastRPC
06-29 13:17:51.760 W/HWUI    ( 4790): Image decoding logging dropped!
06-29 13:17:51.762 W/vendor.qti.camera.provider-service_64( 1879): vendor/qcom/proprietary/adsprpc/src/fastrpc_apps_user.c:1425:Warning: remote_handle_invoke: Non-domain usage of FastRPC will be deprecated, use domains to offload to DSP using FastRPC
06-29 13:17:51.763 I/vendor.qti.camera.provider-service_64( 1879): vendor/qcom/proprietary/adsprpc/src/fastrpc_apps_user.c:1828: remote_handle64_open: opened handle 0xb40000710614d090 (remote 0x12b420c0) for file:///libhme_dsp_skel.so?hme_dsp_skel_handle_invoke&_modver=1.0&_dom=cdsp on domain 3 (spawn time 2 us, load time 17145 us), refs 2
06-29 13:17:51.764 I/ClockDeviceConfig( 4790): get bounds = Rect(0, 0 - 1080, 2392)
06-29 13:17:51.768 I/SDM     ( 1897): HWCSession::NotifyCWBStatus: Notify the client about buffer status 0.
06-29 13:17:51.768 I/SDM     ( 1897): HWCSession::ProcessCWBStatus: CWB queue is empty. Display: 0
06-29 13:17:51.768 D/AlertCoordinator( 4790): onViewBound, buzzBeep for 0|com.huawei.health|10010|null|10439
06-29 13:17:51.769 E/libhme  ( 1879): hme_process: 1066: hme_dsp_process done, rc = 
06-29 13:17:51.770 W/CHIUSECASE( 1879): [WARN   ] chifeature2realtime.cpp:1813 PopulateSensorModeOnMetadataResult() [InSensorZoom] FRO-URO:0_RealtimeFG:RealTime_0 Fail to translate ROI metadata for InSensorZoom: Required data unavailable: pMetadata: 0xb400006ff5ffaed0, pInSensorZoomInfo: 0x0, m_pRoiTranslator: 0x0 pCameraInfo 0x6ee645ffe8
06-29 13:17:51.770 E/AnimationHelper( 4790): com.android.keyguard.clock.animation.AnimationHelper@132bf10 doAnimationToNotification hasNotification: true, fromKeyguard: true, mHasNotification: true, sToAod: false
06-29 13:17:51.773 I/ClockDeviceConfig( 4790): get bounds = Rect(0, 0 - 1080, 2392)
06-29 13:17:51.774 E/HwcComposer( 2037): presentOrValidateDisplay 0 presentFence:-1
06-29 13:17:51.775 W/SDM     ( 1897): HWEventsDRM::SetEventState: Registration of already registered hw event 14 occurred!!
06-29 13:17:51.782 W/BpBinder( 2222): PerfMonitor binderTransact: time=346ms interface=android.hardware.camera.device.ICameraDeviceSession code=8
06-29 13:17:51.783 E/HwcComposer( 2037): presentOrValidateDisplay 0 presentFence:-1
06-29 13:17:51.783 D/SLM-SRV-SLAService( 2823): checktemp temperature = 32993 temperature_average = 34246 isPerformanceMode = false thermal_enable_slm = true
06-29 13:17:51.783 E/PERFHAL-SSLITE( 1901): PERFHAL-SSLITE: CheckOngoingScenario() 53: SSLite is disabled on this target
06-29 13:17:51.783 W/SnapAlloc( 1888): Failed to open smmu proxy node = /dev/qti-smmu-proxy, error = No such file or directory
06-29 13:17:51.783 E/PERFHAL-SSLITE( 1901): PERFHAL-SSLITE: StartScenario() 75: SSLite is disabled on this target
06-29 13:17:51.783 W/SnapAlloc( 1888): Failed to open smmu proxy node = /dev/qti-smmu-proxy, error = No such file or directory
06-29 13:17:51.783 W/SDM     ( 1897): HWEventsDRM::SetEventState: Registration of already registered hw event 14 occurred!!
06-29 13:17:51.784 W/libc    ( 1853): Access denied finding property "sys.debug.graphic_buffer_maxsize"
06-29 13:17:51.784 E/vendor.qti.hardware.perf2-hal-service( 1901): ExtendedPerfBoost: extended_perfboost_acq() 174: extended perfboost acq req->mDuration=0 req->mThermalBoostParams=none req->mHintId=4912 req->mHintType=-1 duration=3000
06-29 13:17:51.786 W/CHIUSECASE( 1879): [WARN   ] chifeature2graph.cpp:3753 ProcessResultMetadataMessage() pOutputLinkData->linkState in unexpected state: 1; expected OutputPending
06-29 13:17:51.786 W/CHIUSECASE( 1879): [WARN   ] chifeature2usecaserequestobject.cpp:532 Initialize() pUsecaseSettings is NULL!!
06-29 13:17:51.789 I/miface-camera( 1853): on_image_available enter, frame_event_counter: 1, state: process
06-29 13:17:51.791 D/vendor.qti.bluetooth@1.0-wake_lock( 1773): Release wakelock is released 
06-29 13:17:51.844 I/libsensor-boledalgo( 2430): dbv:82,lux:1.2,hsv:-1.0,dc:0CWB R:4314.8,G:4353.2,B:4385.7Event ALS:2.5,IR:0.2Cali ALS:1.1,IR:0.0
06-29 13:17:51.900 D/JavaheapMonitor(10513): Java heap used=8M max=512M, proc: android.process.acore
06-29 13:17:51.900 V/JavaheapMonitor(10513): Check java heap usage finished! Next check delay: 300000
06-29 13:17:51.914 D/AurogonImmobulusMode( 2823):  update wallpaper pacakge name status mLockWallPaperPackageName =  mLockWallPaperUid = -1 mDeskWallPaperPackageName = com.miui.miwallpaper mDeskWallPaperUid = 10220
06-29 13:17:51.916 D/GreezeManager( 2823): FZ uid = 10374 reason =from system success !
06-29 13:17:51.918 D/ActionExecute( 2823): frozen uid = 10374 reason=from system
06-29 13:17:51.918 D/ActionExecute( 2823): setPkgData uid = 10374 time=0
06-29 13:17:51.918 D/ExternalInterface( 2823): setUidState, uid = 10374 allow = false
06-29 13:17:51.918 D/ActionExecute( 2823): setPkgData uid = 10374 time=3000
06-29 13:17:51.936 E/ACameraDeviceVendor( 1853): onCaptureStarted: request = 0xb400006e17c95840
06-29 13:17:51.954 W/FirebaseRemoteConfig( 6323): No value of type 'String' exists for parameter key 'switch_ribbon_show'.
06-29 13:17:51.955 I/Ad      ( 6323): isPersonalizedAdEnabled getAdSettings: 3
06-29 13:17:51.956 E/libhme  ( 1879): hme_process: 1066: hme_dsp_process done, rc = 
06-29 13:17:51.957 W/CHIUSECASE( 1879): [WARN   ] chifeature2realtime.cpp:1813 PopulateSensorModeOnMetadataResult() [InSensorZoom] FRO-URO:1_RealtimeFG:RealTime_0 Fail to translate ROI metadata for InSensorZoom: Required data unavailable: pMetadata: 0xb400006ff5fce010, pInSensorZoomInfo: 0x0, m_pRoiTranslator: 0x0 pCameraInfo 0x6ee645ffe8
06-29 13:17:51.963 I/miface-camera( 1853): on_image_available enter, frame_event_counter: 2, state: drop
06-29 13:17:51.964 W/CHIUSECASE( 1879): [WARN   ] chifeature2usecaserequestobject.cpp:532 Initialize() pUsecaseSettings is NULL!!
06-29 13:17:51.964 W/CHIUSECASE( 1879): [WARN   ] chifeature2graph.cpp:3753 ProcessResultMetadataMessage() pOutputLinkData->linkState in unexpected state: 1; expected OutputPending
06-29 13:17:51.969 W/miface-ree( 1853): ca face algorithm sdk ver is: v1.1.0.012.4-ree-cpu-97773b8 =======
06-29 13:17:51.977 E/HwcComposer( 2037): getLuts failed Status(-129, EX_TRANSACTION_FAILED): 'UNKNOWN_TRANSACTION: '
06-29 13:17:51.982 I/miface-ree( 1853): [Error][Faceulock] detect_align(596):detect no face.
06-29 13:17:51.988 I/miface-ree( 1853): [Error][Faceulock] detect_align(596):detect no face.
06-29 13:17:51.993 I/miface-ree( 1853): [Error][Faceulock] detect_align(596):detect no face.
06-29 13:17:52.000 I/miface-ree( 1853): [Error][Faceulock] detect_align(596):detect no face.
06-29 13:17:52.000 I/miface-ree( 1853): [Error][Faceulock] st_tee_detect(784):All directions align failed!
06-29 13:17:52.000 I/miface-unlock( 1853): frame[1:1] algo code: 5, compare time: 210ms
06-29 13:17:52.001 D/BiometricStatusRepositoryImpl( 4790): authenticationState updated: Acquired(biometricSourceType=FACE, requestReason=DeviceEntryAuthentication, acquiredInfo=11)
06-29 13:17:52.002 D/BiometricStatusRepositoryImpl( 4790): authenticationState updated: Help(biometricSourceType=FACE, helpString=Gledajte izravnije prema uređaju., helpCode=11, requestReason=DeviceEntryAuthentication)
06-29 13:17:52.006 I/enyd    (10985): (REDACTED) HDM. appOpsListener %s %s
06-29 13:17:52.007 I/enyd    (10985): (REDACTED) HDM. Ignoring irrelevant audio permission changes for package %s
06-29 13:17:52.017 E/PERFHAL-SSLITE( 1901): PERFHAL-SSLITE: CheckOngoingScenario() 53: SSLite is disabled on this target
06-29 13:17:52.017 E/PERFHAL-SSLITE( 1901): PERFHAL-SSLITE: StartScenario() 75: SSLite is disabled on this target
06-29 13:17:52.018 E/vendor.qti.hardware.perf2-hal-service( 1901): ExtendedPerfBoost: extended_perfboost_acq() 174: extended perfboost acq req->mDuration=13 req->mThermalBoostParams=none req->mHintId=4249 req->mHintType=0 duration=13
06-29 13:17:52.023 D/RefreshRateSelector( 2037): Touch Boost
06-29 13:17:52.024 E/HwcComposer( 2037): presentOrValidateDisplay 0 presentFence:-1
06-29 13:17:52.024 W/SDM     ( 1897): HWEventsDRM::SetEventState: Registration of already registered hw event 14 occurred!!
06-29 13:17:52.033 E/HwcComposer( 2037): presentOrValidateDisplay 0 presentFence:-1
06-29 13:17:52.033 W/SDM     ( 1897): HWEventsDRM::SetEventState: Registration of already registered hw event 14 occurred!!
06-29 13:17:52.036 E/ACameraDeviceVendor( 1853): onCaptureStarted: request = 0xb400006e17c95840
06-29 13:17:52.041 E/HwcComposer( 2037): presentOrValidateDisplay 0 presentFence:-1
06-29 13:17:52.041 W/SDM     ( 1897): HWEventsDRM::SetEventState: Registration of already registered hw event 14 occurred!!
06-29 13:17:52.049 E/HwcComposer( 2037): presentOrValidateDisplay 0 presentFence:-1
06-29 13:17:52.050 W/SDM     ( 1897): HWEventsDRM::SetEventState: Registration of already registered hw event 14 occurred!!
06-29 13:17:52.056 E/libhme  ( 1879): hme_process: 1066: hme_dsp_process done, rc = 
06-29 13:17:52.057 W/CHIUSECASE( 1879): [WARN   ] chifeature2realtime.cpp:1813 PopulateSensorModeOnMetadataResult() [InSensorZoom] FRO-URO:2_RealtimeFG:RealTime_0 Fail to translate ROI metadata for InSensorZoom: Required data unavailable: pMetadata: 0xb400006ff6001f50, pInSensorZoomInfo: 0x0, m_pRoiTranslator: 0x0 pCameraInfo 0x6ee645ffe8
06-29 13:17:52.058 E/HwcComposer( 2037): presentOrValidateDisplay 0 presentFence:-1
06-29 13:17:52.059 W/SDM     ( 1897): HWEventsDRM::SetEventState: Registration of already registered hw event 14 occurred!!
06-29 13:17:52.060 D/GnssSsruImpl( 2823): onLocationPermissionsChanged provider:network packageName:hr.asseco.android.zaba.new
06-29 13:17:52.060 D/GnssSsruImpl( 2823): onLocationPermissionsChanged provider:passive packageName:hr.asseco.android.zaba.new
06-29 13:17:52.060 D/GnssSsruImpl( 2823): onLocationPermissionsChanged provider:fused packageName:hr.asseco.android.zaba.new
06-29 13:17:52.065 W/CHIUSECASE( 1879): [WARN   ] chifeature2graph.cpp:3753 ProcessResultMetadataMessage() pOutputLinkData->linkState in unexpected state: 1; expected OutputPending
06-29 13:17:52.065 I/miface-camera( 1853): on_image_available enter, frame_event_counter: 3, state: process
06-29 13:17:52.065 W/CHIUSECASE( 1879): [WARN   ] chifeature2usecaserequestobject.cpp:532 Initialize() pUsecaseSettings is NULL!!
06-29 13:17:52.066 E/HwcComposer( 2037): presentOrValidateDisplay 0 presentFence:-1
06-29 13:17:52.061 W/faceWorkBMF( 1853): type=1400 audit(0.0:11290): avc:  denied  { read } for  name="fod_press_status" dev="sysfs" ino=103688 scontext=u:r:hal_miface_default:s0 tcontext=u:object_r:sysfs_tp_fodstatus:s0 tclass=file permissive=0
06-29 13:17:52.067 W/SDM     ( 1897): HWEventsDRM::SetEventState: Registration of already registered hw event 14 occurred!!
06-29 13:17:52.067 I/NotificationController( 4790): getSortedKey: size 4
06-29 13:17:52.067 I/NotificationController( 4790): getSortedKey: 0|com.huawei.health|10010|null|10439__0|com.google.android.gm|-1575277532|gig:257898084:^sq_ig_i_personal|10204__0|com.google.android.gm|1747892411|gig:257898084:^sq_ig_i_personal|10204__0|com.google.android.gm|-1976251310|gig:257898084:^sq_ig_i_personal|10204__
06-29 13:17:52.073 D/HWUI    ( 4790): ImageDecoder_nDecodeBitmap: width = 68, height = 68, encodedFormat = 4
06-29 13:17:52.073 W/HWUI    ( 4790): Image decoding logging dropped!
06-29 13:17:52.074 I/miface-ree( 1853): [Error][Faceulock] detect_align(596):detect no face.
06-29 13:17:52.074 E/HwcComposer( 2037): presentOrValidateDisplay 0 presentFence:-1
06-29 13:17:52.074 I/NotificationController( 4790): printNotificationData: notificationDataList 4
06-29 13:17:52.074 I/NotificationController( 4790): NotificationData{mPackageName='com.huawei.health', mClassName='', mTravelDisplay=false, mPostTime=1782731871239, mKey='0|com.huawei.health|10010|null|10439', mIsForegroundService=true, mHasProgressBar=true}
06-29 13:17:52.074 I/NotificationController( 4790): NotificationData{mPackageName='com.google.android.gm', mClassName='', mTravelDisplay=false, mPostTime=1782731724740, mKey='0|com.google.android.gm|-1575277532|gig:257898084:^sq_ig_i_personal|10204', mIsForegroundService=false, mHasProgressBar=false}
06-29 13:17:52.074 I/NotificationController( 4790): NotificationData{mPackageName='com.google.android.gm', mClassName='', mTravelDisplay=false, mPostTime=1782731652986, mKey='0|com.google.android.gm|1747892411|gig:257898084:^sq_ig_i_personal|10204', mIsForegroundService=false, mHasProgressBar=false}
06-29 13:17:52.074 I/NotificationController( 4790): NotificationData{mPackageName='com.google.android.gm', mClassName='', mTravelDisplay=false, mPostTime=1782731652974, mKey='0|com.google.android.gm|-1976251310|gig:257898084:^sq_ig_i_personal|10204', mIsForegroundService=false, mHasProgressBar=false}
06-29 13:17:52.075 D/NotificationController( 4790): onPostExecute getChangeType: 0
06-29 13:17:52.075 W/SDM     ( 1897): HWEventsDRM::SetEventState: Registration of already registered hw event 14 occurred!!
06-29 13:17:52.079 I/miface-ree( 1853): [Error][Faceulock] detect_align(596):detect no face.
06-29 13:17:52.083 E/HwcComposer( 2037): presentOrValidateDisplay 0 presentFence:-1
06-29 13:17:52.083 W/SDM     ( 1897): HWEventsDRM::SetEventState: Registration of already registered hw event 14 occurred!!
06-29 13:17:52.085 I/miface-ree( 1853): [Error][Faceulock] detect_align(596):detect no face.
06-29 13:17:52.090 I/miface-ree( 1853): [Error][Faceulock] detect_align(596):detect no face.
06-29 13:17:52.090 I/miface-ree( 1853): [Error][Faceulock] st_tee_detect(784):All directions align failed!
06-29 13:17:52.090 E/HwcComposer( 2037): presentOrValidateDisplay 0 presentFence:-1
06-29 13:17:52.091 I/miface-unlock( 1853): frame[3:2] algo code: 5, compare time: 25ms
06-29 13:17:52.091 W/SDM     ( 1897): HWEventsDRM::SetEventState: Registration of already registered hw event 14 occurred!!
06-29 13:17:52.091 D/BiometricStatusRepositoryImpl( 4790): authenticationState updated: Acquired(biometricSourceType=FACE, requestReason=DeviceEntryAuthentication, acquiredInfo=11)
06-29 13:17:52.092 D/BiometricStatusRepositoryImpl( 4790): authenticationState updated: Help(biometricSourceType=FACE, helpString=Gledajte izravnije prema uređaju., helpCode=11, requestReason=DeviceEntryAuthentication)
06-29 13:17:52.095 D/MiBridge( 4790): cancelCpuHighFreq---uid: 1000
06-29 13:17:52.095 D/MiBridge( 4790): cancelCpuHighFreq ret: 0
06-29 13:17:52.095 W/MiuiBooster( 2252): "MiuiBoosterService cancelCpuHighFreq: 1000"
06-29 13:17:52.095 D/CpuBoostUtil( 4790): cancelCpuHighFreq:0
06-29 13:17:52.095 W/MiuiBooster( 2252): "cancelHighFreq, perflock release, uid 1000 perf_handle 22312 index 0"
06-29 13:17:52.095 W/MiuiBooster( 2252): "cancelHighFreq, erase perf_handle 22312 index 0"
06-29 13:17:52.099 I/vendor.qti.hardware.display.composer-service( 1897): Sensor: notify citsensorservice to trigger cwb, misForced = 0
06-29 13:17:52.099 E/HwcComposer( 2037): presentOrValidateDisplay 0 presentFence:-1
06-29 13:17:52.100 W/SDM     ( 1897): HWEventsDRM::SetEventState: Registration of already registered hw event 14 occurred!!
06-29 13:17:52.100 I/SDM     ( 1897): CWB config passed by cwb_client : tappoint 1  CWB_ROI : (79.000000 0.000000 480.000000 481.000000)
06-29 13:17:52.109 E/HwcComposer( 2037): presentOrValidateDisplay 0 presentFence:-1
06-29 13:17:52.110 W/SDM     ( 1897): HWEventsDRM::SetEventState: Registration of already registered hw event 14 occurred!!
06-29 13:17:52.117 E/HwcComposer( 2037): presentOrValidateDisplay 0 presentFence:-1
06-29 13:17:52.118 W/SDM     ( 1897): HWEventsDRM::SetEventState: Registration of already registered hw event 14 occurred!!
06-29 13:17:52.119 I/SDM     ( 1897): HWDeviceDRM::SetupConcurrentWriteback: Tear down the Concurrent Writeback topology
06-29 13:17:52.126 E/HwcComposer( 2037): presentOrValidateDisplay 0 presentFence:-1
06-29 13:17:52.126 I/SDM     ( 1897): HWCSession::NotifyCWBStatus: Notify the client about buffer status 0.
06-29 13:17:52.127 I/vendor.qti.bluetooth@1.0-ibs_handler( 1773): ProcessIbsCmd: Received IBS_WAKE_IND: 0xFD
06-29 13:17:52.127 D/vendor.qti.bluetooth@1.0-ibs_handler( 1773): SerialClockVote: vote for UART CLK ON
06-29 13:17:52.127 I/SDM     ( 1897): HWCSession::ProcessCWBStatus: CWB queue is empty. Display: 0
06-29 13:17:52.127 D/vendor.qti.bluetooth@1.0-wake_lock( 1773): Acquire wakelock is acquired 
06-29 13:17:52.127 W/SDM     ( 1897): HWEventsDRM::SetEventState: Registration of already registered hw event 14 occurred!!
06-29 13:17:52.127 I/vendor.qti.bluetooth@1.0-ibs_handler( 1773): ProcessIbsCmd: Writing IBS_WAKE_ACK
06-29 13:17:52.131 D/BluetoothRemoteDevices( 4286): Update property, device=XX:XX:XX:XX:28:E6, type: 1
06-29 13:17:52.131 D/BluetoothRemoteDevices( 4286): Skip name update for XX:XX:XX:XX:28:E6
06-29 13:17:52.132 D/BluetoothRemoteDevices( 4286): Update property, device=XX:XX:XX:XX:28:E6, type: 4
06-29 13:17:52.132 D/BluetoothRemoteDevices( 4286): Skip class update, device=XX:XX:XX:XX:28:E6, cod=0x1f00
06-29 13:17:52.132 D/BluetoothRemoteDevices( 4286): Update property, device=XX:XX:XX:XX:28:E6, type: 5
06-29 13:17:52.132 D/BluetoothRemoteDevices( 4286):  BT_PROPERTY_TYPE_OF_DEVICE addr:CC:DB:A7:D8:28:E6 deviceType:2
06-29 13:17:52.132 D/HyperRemoteDevicesAdapter( 4286): Update property, device=CC:DB:A7:D8:28:E6, type: 1
06-29 13:17:52.132 D/HyperRemoteDevicesAdapter( 4286): Remote device name is: 1265R25491392BLE type = 2 CC:DB:A7:D8:28:E6
06-29 13:17:52.132 D/HyperRemoteDevicesAdapter( 4286): update name for XX:XX:XX:XX:28:E6 type = 2 name = 1265R25491392BLE 0
06-29 13:17:52.132 D/HyperRemoteDevicesAdapter( 4286): Update property, device=CC:DB:A7:D8:28:E6, type: 4
06-29 13:17:52.132 D/HyperRemoteDevicesAdapter( 4286): Update property, device=CC:DB:A7:D8:28:E6, type: 5
06-29 13:17:52.132 V/ScanController( 4286): onScanResult() - eventType=0x1b, addressType=0, address=XX:XX:XX:XX:28:E6, primaryPhy=1, secondaryPhy=0, advertisingSid=0xff, txPower=127, rssi=-55, periodicAdvInt=0x0, originalAddress=CC:DB:A7:D8:28:E6
06-29 13:17:52.132 V/ScanController( 4286): Skipping client: permission=true matches=false
06-29 13:17:52.132 V/ScanController( 4286): Skipping client: permission=true matches=false
06-29 13:17:52.132 V/ScanController( 4286): Skipping client: permission=true matches=false
06-29 13:17:52.133 V/ScanController( 4286): Skipping client: permission=true matches=false
06-29 13:17:52.134 V/ScanController( 4286): Skipping client: permission=true matches=false
06-29 13:17:52.134 E/HwcComposer( 2037): presentOrValidateDisplay 0 presentFence:-1
06-29 13:17:52.136 W/SDM     ( 1897): HWEventsDRM::SetEventState: Registration of already registered hw event 14 occurred!!
06-29 13:17:52.136 E/ACameraDeviceVendor( 1853): onCaptureStarted: request = 0xb400006e17c95840
06-29 13:17:52.142 E/HwcComposer( 2037): presentOrValidateDisplay 0 presentFence:-1
06-29 13:17:52.142 W/SDM     ( 1897): HWEventsDRM::SetEventState: Registration of already registered hw event 14 occurred!!
06-29 13:17:52.151 E/HwcComposer( 2037): presentOrValidateDisplay 0 presentFence:-1
06-29 13:17:52.152 W/SDM     ( 1897): HWEventsDRM::SetEventState: Registration of already registered hw event 14 occurred!!
06-29 13:17:52.157 E/libhme  ( 1879): hme_process: 1066: hme_dsp_process done, rc = 
06-29 13:17:52.158 W/CHIUSECASE( 1879): [WARN   ] chifeature2realtime.cpp:1813 PopulateSensorModeOnMetadataResult() [InSensorZoom] FRO-URO:3_RealtimeFG:RealTime_0 Fail to translate ROI metadata for InSensorZoom: Required data unavailable: pMetadata: 0xb400006ff5fbaab0, pInSensorZoomInfo: 0x0, m_pRoiTranslator: 0x0 pCameraInfo 0x6ee645ffe8
06-29 13:17:52.159 E/HwcComposer( 2037): presentOrValidateDisplay 0 presentFence:-1
06-29 13:17:52.161 W/SDM     ( 1897): HWEventsDRM::SetEventState: Registration of already registered hw event 14 occurred!!
06-29 13:17:52.166 D/BluetoothRemoteDevices( 4286): Update property, device=XX:XX:XX:XX:28:E6, type: 1
06-29 13:17:52.166 D/BluetoothRemoteDevices( 4286): Skip name update for XX:XX:XX:XX:28:E6
06-29 13:17:52.166 D/BluetoothRemoteDevices( 4286): Update property, device=XX:XX:XX:XX:28:E6, type: 4
06-29 13:17:52.166 D/BluetoothRemoteDevices( 4286): Skip class update, device=XX:XX:XX:XX:28:E6, cod=0x1f00
06-29 13:17:52.166 D/BluetoothRemoteDevices( 4286): Update property, device=XX:XX:XX:XX:28:E6, type: 5
06-29 13:17:52.166 D/BluetoothRemoteDevices( 4286):  BT_PROPERTY_TYPE_OF_DEVICE addr:CC:DB:A7:D8:28:E6 deviceType:2
06-29 13:17:52.166 D/HyperRemoteDevicesAdapter( 4286): Update property, device=CC:DB:A7:D8:28:E6, type: 1
06-29 13:17:52.166 D/HyperRemoteDevicesAdapter( 4286): Remote device name is: 1265R25491392BLE type = 2 CC:DB:A7:D8:28:E6
06-29 13:17:52.166 D/HyperRemoteDevicesAdapter( 4286): update name for XX:XX:XX:XX:28:E6 type = 2 name = 1265R25491392BLE 0
06-29 13:17:52.166 D/HyperRemoteDevicesAdapter( 4286): Update property, device=CC:DB:A7:D8:28:E6, type: 4
06-29 13:17:52.166 D/HyperRemoteDevicesAdapter( 4286): Update property, device=CC:DB:A7:D8:28:E6, type: 5
06-29 13:17:52.166 V/ScanController( 4286): onScanResult() - eventType=0x1b, addressType=0, address=XX:XX:XX:XX:28:E6, primaryPhy=1, secondaryPhy=0, advertisingSid=0xff, txPower=127, rssi=-55, periodicAdvInt=0x0, originalAddress=CC:DB:A7:D8:28:E6
06-29 13:17:52.166 V/ScanController( 4286): Skipping client: permission=true matches=false
06-29 13:17:52.166 V/ScanController( 4286): Skipping client: permission=true matches=false
06-29 13:17:52.166 V/ScanController( 4286): Skipping client: permission=true matches=false
06-29 13:17:52.167 E/HwcComposer( 2037): presentOrValidateDisplay 0 presentFence:-1
06-29 13:17:52.167 V/ScanController( 4286): Skipping client: permission=true matches=false
06-29 13:17:52.167 V/ScanController( 4286): Skipping client: permission=true matches=false
06-29 13:17:52.167 W/SDM     ( 1897): HWEventsDRM::SetEventState: Registration of already registered hw event 14 occurred!!
06-29 13:17:52.172 W/CHIUSECASE( 1879): [WARN   ] chifeature2usecaserequestobject.cpp:532 Initialize() pUsecaseSettings is NULL!!
06-29 13:17:52.172 W/CHIUSECASE( 1879): [WARN   ] chifeature2graph.cpp:3753 ProcessResultMetadataMessage() pOutputLinkData->linkState in unexpected state: 1; expected OutputPending
06-29 13:17:52.173 I/miface-camera( 1853): on_image_available enter, frame_event_counter: 4, state: process
06-29 13:17:52.169 W/faceWorkBMF( 1853): type=1400 audit(0.0:11291): avc:  denied  { read } for  name="fod_press_status" dev="sysfs" ino=103688 scontext=u:r:hal_miface_default:s0 tcontext=u:object_r:sysfs_tp_fodstatus:s0 tclass=file permissive=0
06-29 13:17:52.175 E/HwcComposer( 2037): presentOrValidateDisplay 0 presentFence:-1
06-29 13:17:52.176 W/SDM     ( 1897): HWEventsDRM::SetEventState: Registration of already registered hw event 14 occurred!!
06-29 13:17:52.181 I/miface-ree( 1853): [Error][Faceulock] detect_align(596):detect no face.
06-29 13:17:52.182 E/HwcComposer( 2037): presentOrValidateDisplay 0 presentFence:-1
06-29 13:17:52.183 W/SDM     ( 1897): HWEventsDRM::SetEventState: Registration of already registered hw event 14 occurred!!
06-29 13:17:52.186 E/HwcComposer( 2037): getLuts failed Status(-129, EX_TRANSACTION_FAILED): 'UNKNOWN_TRANSACTION: '
06-29 13:17:52.187 I/miface-ree( 1853): [Error][Faceulock] detect_align(596):detect no face.
06-29 13:17:52.190 E/HwcComposer( 2037): presentOrValidateDisplay 0 presentFence:-1
06-29 13:17:52.191 W/SDM     ( 1897): HWEventsDRM::SetEventState: Registration of already registered hw event 14 occurred!!
06-29 13:17:52.192 I/miface-ree( 1853): [Error][Faceulock] detect_align(596):detect no face.
06-29 13:17:52.198 D/RefreshRateSelector( 2037): Touch Boost
06-29 13:17:52.198 I/miface-ree( 1853): [Error][Faceulock] detect_align(596):detect no face.
06-29 13:17:52.198 I/miface-ree( 1853): [Error][Faceulock] st_tee_detect(784):All directions align failed!
06-29 13:17:52.198 I/miface-unlock( 1853): frame[4:3] algo code: 5, compare time: 25ms
06-29 13:17:52.199 E/HwcComposer( 2037): presentOrValidateDisplay 0 presentFence:-1
06-29 13:17:52.199 D/BiometricStatusRepositoryImpl( 4790): authenticationState updated: Acquired(biometricSourceType=FACE, requestReason=DeviceEntryAuthentication, acquiredInfo=11)
06-29 13:17:52.199 W/SDM     ( 1897): HWEventsDRM::SetEventState: Registration of already registered hw event 14 occurred!!
06-29 13:17:52.199 D/BiometricStatusRepositoryImpl( 4790): authenticationState updated: Help(biometricSourceType=FACE, helpString=Gledajte izravnije prema uređaju., helpCode=11, requestReason=DeviceEntryAuthentication)
06-29 13:17:52.203 I/vendor.qti.bluetooth@1.0-ibs_handler( 1773): ProcessIbsCmd: Received IBS_SLEEP_IND: 0xFE
06-29 13:17:52.203 D/vendor.qti.bluetooth@1.0-ibs_handler( 1773): SerialClockVote: vote for UART CLK OFF
06-29 13:17:52.207 E/HwcComposer( 2037): presentOrValidateDisplay 0 presentFence:-1
06-29 13:17:52.208 W/SDM     ( 1897): HWEventsDRM::SetEventState: Registration of already registered hw event 14 occurred!!
06-29 13:17:52.217 E/HwcComposer( 2037): presentOrValidateDisplay 0 presentFence:-1
06-29 13:17:52.218 W/SDM     ( 1897): HWEventsDRM::SetEventState: Registration of already registered hw event 14 occurred!!
06-29 13:17:52.220 I/vendor.qti.bluetooth@1.0-ibs_handler( 1773): ProcessIbsCmd: Received IBS_WAKE_IND: 0xFD
06-29 13:17:52.221 D/vendor.qti.bluetooth@1.0-ibs_handler( 1773): SerialClockVote: vote for UART CLK ON
06-29 13:17:52.221 I/vendor.qti.bluetooth@1.0-ibs_handler( 1773): ProcessIbsCmd: Writing IBS_WAKE_ACK
06-29 13:17:52.226 E/HwcComposer( 2037): presentOrValidateDisplay 0 presentFence:-1
06-29 13:17:52.227 W/SDM     ( 1897): HWEventsDRM::SetEventState: Registration of already registered hw event 14 occurred!!
06-29 13:17:52.234 E/HwcComposer( 2037): presentOrValidateDisplay 0 presentFence:-1
06-29 13:17:52.235 W/SDM     ( 1897): HWEventsDRM::SetEventState: Registration of already registered hw event 14 occurred!!
06-29 13:17:52.239 E/ACameraDeviceVendor( 1853): onCaptureStarted: request = 0xb400006e17c95840
06-29 13:17:52.242 E/HwcComposer( 2037): presentOrValidateDisplay 0 presentFence:-1
06-29 13:17:52.243 W/SDM     ( 1897): HWEventsDRM::SetEventState: Registration of already registered hw event 14 occurred!!
06-29 13:17:52.249 I/libsensor-boledalgo( 2430): dbv:82,lux:1.4,hsv:-1.0,dc:0CWB R:4314.8,G:4353.2,B:4385.7Event ALS:2.8,IR:0.2Cali ALS:1.1,IR:0.0
06-29 13:17:52.250 E/HwcComposer( 2037): presentOrValidateDisplay 0 presentFence:-1
06-29 13:17:52.251 W/SDM     ( 1897): HWEventsDRM::SetEventState: Registration of already registered hw event 14 occurred!!
06-29 13:17:52.256 E/libhme  ( 1879): hme_process: 1066: hme_dsp_process done, rc = 
06-29 13:17:52.257 W/CHIUSECASE( 1879): [WARN   ] chifeature2realtime.cpp:1813 PopulateSensorModeOnMetadataResult() [InSensorZoom] FRO-URO:4_RealtimeFG:RealTime_0 Fail to translate ROI metadata for InSensorZoom: Required data unavailable: pMetadata: 0xb400006ff5fcff50, pInSensorZoomInfo: 0x0, m_pRoiTranslator: 0x0 pCameraInfo 0x6ee645ffe8
06-29 13:17:52.258 E/HwcComposer( 2037): presentOrValidateDisplay 0 presentFence:-1
06-29 13:17:52.259 W/SDM     ( 1897): HWEventsDRM::SetEventState: Registration of already registered hw event 14 occurred!!
06-29 13:17:52.266 E/HwcComposer( 2037): presentOrValidateDisplay 0 presentFence:-1
06-29 13:17:52.266 W/SDM     ( 1897): HWEventsDRM::SetEventState: Registration of already registered hw event 14 occurred!!
06-29 13:17:52.270 W/CHIUSECASE( 1879): [WARN   ] chifeature2usecaserequestobject.cpp:532 Initialize() pUsecaseSettings is NULL!!
06-29 13:17:52.270 W/CHIUSECASE( 1879): [WARN   ] chifeature2graph.cpp:3753 ProcessResultMetadataMessage() pOutputLinkData->linkState in unexpected state: 1; expected OutputPending
06-29 13:17:52.271 I/miface-camera( 1853): on_image_available enter, frame_event_counter: 5, state: process
06-29 13:17:52.265 W/faceWorkBMF( 1853): type=1400 audit(0.0:11292): avc:  denied  { read } for  name="fod_press_status" dev="sysfs" ino=103688 scontext=u:r:hal_miface_default:s0 tcontext=u:object_r:sysfs_tp_fodstatus:s0 tclass=file permissive=0
06-29 13:17:52.274 E/HwcComposer( 2037): presentOrValidateDisplay 0 presentFence:-1
06-29 13:17:52.275 W/SDM     ( 1897): HWEventsDRM::SetEventState: Registration of already registered hw event 14 occurred!!
06-29 13:17:52.279 I/miface-ree( 1853): [Error][Faceulock] detect_align(596):detect no face.
06-29 13:17:52.283 E/HwcComposer( 2037): presentOrValidateDisplay 0 presentFence:-1
06-29 13:17:52.283 W/SDM     ( 1897): HWEventsDRM::SetEventState: Registration of already registered hw event 14 occurred!!
06-29 13:17:52.285 I/miface-ree( 1853): [Error][Faceulock] detect_align(596):detect no face.
06-29 13:17:52.291 I/miface-ree( 1853): [Error][Faceulock] detect_align(596):detect no face.
06-29 13:17:52.291 E/HwcComposer( 2037): presentOrValidateDisplay 0 presentFence:-1
06-29 13:17:52.291 W/SDM     ( 1897): HWEventsDRM::SetEventState: Registration of already registered hw event 14 occurred!!
06-29 13:17:52.296 I/miface-ree( 1853): [Error][Faceulock] detect_align(596):detect no face.
06-29 13:17:52.296 I/miface-ree( 1853): [Error][Faceulock] st_tee_detect(784):All directions align failed!
06-29 13:17:52.296 I/miface-unlock( 1853): frame[5:4] algo code: 5, compare time: 25ms
06-29 13:17:52.296 I/vendor.qti.bluetooth@1.0-ibs_handler( 1773): ProcessIbsCmd: Received IBS_SLEEP_IND: 0xFE
06-29 13:17:52.296 D/vendor.qti.bluetooth@1.0-ibs_handler( 1773): SerialClockVote: vote for UART CLK OFF
06-29 13:17:52.297 D/BiometricStatusRepositoryImpl( 4790): authenticationState updated: Acquired(biometricSourceType=FACE, requestReason=DeviceEntryAuthentication, acquiredInfo=11)
06-29 13:17:52.298 D/BiometricStatusRepositoryImpl( 4790): authenticationState updated: Help(biometricSourceType=FACE, helpString=Gledajte izravnije prema uređaju., helpCode=11, requestReason=DeviceEntryAuthentication)
06-29 13:17:52.298 E/HwcComposer( 2037): presentOrValidateDisplay 0 presentFence:-1
06-29 13:17:52.299 W/SDM     ( 1897): HWEventsDRM::SetEventState: Registration of already registered hw event 14 occurred!!
06-29 13:17:52.308 E/HwcComposer( 2037): presentOrValidateDisplay 0 presentFence:-1
06-29 13:17:52.308 W/SDM     ( 1897): HWEventsDRM::SetEventState: Registration of already registered hw event 14 occurred!!
06-29 13:17:52.317 E/HwcComposer( 2037): presentOrValidateDisplay 0 presentFence:-1
06-29 13:17:52.318 W/SDM     ( 1897): HWEventsDRM::SetEventState: Registration of already registered hw event 14 occurred!!
06-29 13:17:52.325 E/HwcComposer( 2037): presentOrValidateDisplay 0 presentFence:-1
06-29 13:17:52.326 W/SDM     ( 1897): HWEventsDRM::SetEventState: Registration of already registered hw event 14 occurred!!
06-29 13:17:52.333 E/HwcComposer( 2037): presentOrValidateDisplay 0 presentFence:-1
06-29 13:17:52.334 W/SDM     ( 1897): HWEventsDRM::SetEventState: Registration of already registered hw event 14 occurred!!
06-29 13:17:52.337 E/ACameraDeviceVendor( 1853): onCaptureStarted: request = 0xb400006e17c95840
06-29 13:17:52.338 E/CamOpt_Service( 2823): Error reading temp from /sys/class/thermal/thermal_zone16/temp: read failed: ETIMEDOUT (Connection timed out)
06-29 13:17:52.341 E/HwcComposer( 2037): presentOrValidateDisplay 0 presentFence:-1
06-29 13:17:52.342 W/SDM     ( 1897): HWEventsDRM::SetEventState: Registration of already registered hw event 14 occurred!!
06-29 13:17:52.350 E/HwcComposer( 2037): presentOrValidateDisplay 0 presentFence:-1
06-29 13:17:52.350 W/SDM     ( 1897): HWEventsDRM::SetEventState: Registration of already registered hw event 14 occurred!!
06-29 13:17:52.357 E/libhme  ( 1879): hme_process: 1066: hme_dsp_process done, rc = 
06-29 13:17:52.357 E/HwcComposer( 2037): presentOrValidateDisplay 0 presentFence:-1
06-29 13:17:52.358 W/SDM     ( 1897): HWEventsDRM::SetEventState: Registration of already registered hw event 14 occurred!!
06-29 13:17:52.359 W/CHIUSECASE( 1879): [WARN   ] chifeature2realtime.cpp:1813 PopulateSensorModeOnMetadataResult() [InSensorZoom] FRO-URO:5_RealtimeFG:RealTime_0 Fail to translate ROI metadata for InSensorZoom: Required data unavailable: pMetadata: 0xb400006ff600c4f0, pInSensorZoomInfo: 0x0, m_pRoiTranslator: 0x0 pCameraInfo 0x6ee645ffe8
06-29 13:17:52.360 E/CamOpt_Service( 2823): Error reading temp from /sys/class/thermal/thermal_zone14/temp: read failed: ETIMEDOUT (Connection timed out)
06-29 13:17:52.366 E/HwcComposer( 2037): presentOrValidateDisplay 0 presentFence:-1
06-29 13:17:52.367 W/SDM     ( 1897): HWEventsDRM::SetEventState: Registration of already registered hw event 14 occurred!!
06-29 13:17:52.374 E/HwcComposer( 2037): presentOrValidateDisplay 0 presentFence:-1
06-29 13:17:52.374 W/SDM     ( 1897): HWEventsDRM::SetEventState: Registration of already registered hw event 14 occurred!!
06-29 13:17:52.373 W/faceWorkBMF( 1853): type=1400 audit(0.0:11293): avc:  denied  { read } for  name="fod_press_status" dev="sysfs" ino=103688 scontext=u:r:hal_miface_default:s0 tcontext=u:object_r:sysfs_tp_fodstatus:s0 tclass=file permissive=0
06-29 13:17:52.377 I/miface-camera( 1853): on_image_available enter, frame_event_counter: 6, state: process
06-29 13:17:52.377 W/CHIUSECASE( 1879): [WARN   ] chifeature2graph.cpp:3753 ProcessResultMetadataMessage() pOutputLinkData->linkState in unexpected state: 1; expected OutputPending
06-29 13:17:52.377 W/CHIUSECASE( 1879): [WARN   ] chifeature2usecaserequestobject.cpp:532 Initialize() pUsecaseSettings is NULL!!
06-29 13:17:52.381 E/CamOpt_Service( 2823): Error reading temp from /sys/class/thermal/thermal_zone12/temp: read failed: ETIMEDOUT (Connection timed out)
06-29 13:17:52.382 E/HwcComposer( 2037): presentOrValidateDisplay 0 presentFence:-1
06-29 13:17:52.383 W/SDM     ( 1897): HWEventsDRM::SetEventState: Registration of already registered hw event 14 occurred!!
06-29 13:17:52.384 I/miface-ree( 1853): [Error][Faceulock] detect_align(596):detect no face.
06-29 13:17:52.390 I/miface-ree( 1853): [Error][Faceulock] detect_align(596):detect no face.
06-29 13:17:52.390 E/HwcComposer( 2037): presentOrValidateDisplay 0 presentFence:-1
06-29 13:17:52.391 W/SDM     ( 1897): HWEventsDRM::SetEventState: Registration of already registered hw event 14 occurred!!
06-29 13:17:52.391 E/msys    (32049): E[N mns:DGWClient]_LogError(328)=>Failed to resolve using system DNS resolver, getaddrinfo(): No address associated with hostname
06-29 13:17:52.393 E/HwcComposer( 2037): getLuts failed Status(-129, EX_TRANSACTION_FAILED): 'UNKNOWN_TRANSACTION: '
06-29 13:17:52.395 I/miface-ree( 1853): [Error][Faceulock] detect_align(596):detect no face.
06-29 13:17:52.399 E/HwcComposer( 2037): presentOrValidateDisplay 0 presentFence:-1
06-29 13:17:52.399 W/SDM     ( 1897): HWEventsDRM::SetEventState: Registration of already registered hw event 14 occurred!!
06-29 13:17:52.401 I/miface-ree( 1853): [Error][Faceulock] detect_align(596):detect no face.
06-29 13:17:52.401 I/miface-ree( 1853): [Error][Faceulock] st_tee_detect(784):All directions align failed!
06-29 13:17:52.401 I/miface-unlock( 1853): frame[6:5] algo code: 5, compare time: 24ms
06-29 13:17:52.402 D/BiometricStatusRepositoryImpl( 4790): authenticationState updated: Acquired(biometricSourceType=FACE, requestReason=DeviceEntryAuthentication, acquiredInfo=11)
06-29 13:17:52.402 E/CamOpt_Service( 2823): Error reading temp from /sys/class/thermal/thermal_zone3/temp: read failed: ETIMEDOUT (Connection timed out)
06-29 13:17:52.402 D/BiometricStatusRepositoryImpl( 4790): authenticationState updated: Help(biometricSourceType=FACE, helpString=Gledajte izravnije prema uređaju., helpCode=11, requestReason=DeviceEntryAuthentication)
06-29 13:17:52.407 E/HwcComposer( 2037): presentOrValidateDisplay 0 presentFence:-1
06-29 13:17:52.407 W/SDM     ( 1897): HWEventsDRM::SetEventState: Registration of already registered hw event 14 occurred!!
06-29 13:17:52.415 E/HwcComposer( 2037): presentOrValidateDisplay 0 presentFence:-1
06-29 13:17:52.416 W/SDM     ( 1897): HWEventsDRM::SetEventState: Registration of already registered hw event 14 occurred!!
06-29 13:17:52.423 E/CamOpt_Service( 2823): Error reading temp from /sys/class/thermal/thermal_zone17/temp: read failed: ETIMEDOUT (Connection timed out)
06-29 13:17:52.424 E/HwcComposer( 2037): presentOrValidateDisplay 0 presentFence:-1
06-29 13:17:52.424 W/SDM     ( 1897): HWEventsDRM::SetEventState: Registration of already registered hw event 14 occurred!!
06-29 13:17:52.432 E/HwcComposer( 2037): presentOrValidateDisplay 0 presentFence:-1
06-29 13:17:52.432 W/SDM     ( 1897): HWEventsDRM::SetEventState: Registration of already registered hw event 14 occurred!!
06-29 13:17:52.436 E/ACameraDeviceVendor( 1853): onCaptureStarted: request = 0xb400006e17c95840
06-29 13:17:52.440 E/HwcComposer( 2037): presentOrValidateDisplay 0 presentFence:-1
06-29 13:17:52.441 W/SDM     ( 1897): HWEventsDRM::SetEventState: Registration of already registered hw event 14 occurred!!
06-29 13:17:52.444 E/CamOpt_Service( 2823): Error reading temp from /sys/class/thermal/thermal_zone15/temp: read failed: ETIMEDOUT (Connection timed out)
06-29 13:17:52.446 D/vendor.qti.bluetooth@1.0-wake_lock( 1773): Release wakelock is released 
06-29 13:17:52.449 E/HwcComposer( 2037): presentOrValidateDisplay 0 presentFence:-1
06-29 13:17:52.450 W/SDM     ( 1897): HWEventsDRM::SetEventState: Registration of already registered hw event 14 occurred!!
06-29 13:17:52.456 E/libhme  ( 1879): hme_process: 1066: hme_dsp_process done, rc = 
06-29 13:17:52.457 W/CHIUSECASE( 1879): [WARN   ] chifeature2realtime.cpp:1813 PopulateSensorModeOnMetadataResult() [InSensorZoom] FRO-URO:6_RealtimeFG:RealTime_0 Fail to translate ROI metadata for InSensorZoom: Required data unavailable: pMetadata: 0xb400006ff601edd0, pInSensorZoomInfo: 0x0, m_pRoiTranslator: 0x0 pCameraInfo 0x6ee645ffe8
06-29 13:17:52.458 E/HwcComposer( 2037): presentOrValidateDisplay 0 presentFence:-1
06-29 13:17:52.458 I/vendor.qti.hardware.display.composer-service( 1897): Sensor: notify citsensorservice to trigger cwb, misForced = 0
06-29 13:17:52.459 W/SDM     ( 1897): HWEventsDRM::SetEventState: Registration of already registered hw event 14 occurred!!
06-29 13:17:52.461 I/SDM     ( 1897): CWB config passed by cwb_client : tappoint 1  CWB_ROI : (79.000000 0.000000 480.000000 481.000000)
06-29 13:17:52.465 E/HwcComposer( 2037): presentOrValidateDisplay 0 presentFence:-1
06-29 13:17:52.466 W/SDM     ( 1897): HWEventsDRM::SetEventState: Registration of already registered hw event 14 occurred!!
06-29 13:17:52.467 E/CamOpt_Service( 2823): Error reading temp from /sys/class/thermal/thermal_zone13/temp: read failed: ETIMEDOUT (Connection timed out)
06-29 13:17:52.473 E/msys    (32049): E[N mns:DGWClient]_LogError(328)=>Failed to resolve using system DNS resolver, getaddrinfo(): No address associated with hostname
06-29 13:17:52.474 E/HwcComposer( 2037): presentOrValidateDisplay 0 presentFence:-1
06-29 13:17:52.474 I/miface-camera( 1853): on_image_available enter, frame_event_counter: 7, state: process
06-29 13:17:52.474 W/CHIUSECASE( 1879): [WARN   ] chifeature2graph.cpp:3753 ProcessResultMetadataMessage() pOutputLinkData->linkState in unexpected state: 1; expected OutputPending
06-29 13:17:52.469 W/faceWorkBMF( 1853): type=1400 audit(0.0:11294): avc:  denied  { read } for  name="fod_press_status" dev="sysfs" ino=103688 scontext=u:r:hal_miface_default:s0 tcontext=u:object_r:sysfs_tp_fodstatus:s0 tclass=file permissive=0
06-29 13:17:52.475 W/SDM     ( 1897): HWEventsDRM::SetEventState: Registration of already registered hw event 14 occurred!!
06-29 13:17:52.475 I/SDM     ( 1897): HWDeviceDRM::SetupConcurrentWriteback: Tear down the Concurrent Writeback topology
06-29 13:17:52.476 W/CHIUSECASE( 1879): [WARN   ] chifeature2usecaserequestobject.cpp:532 Initialize() pUsecaseSettings is NULL!!
06-29 13:17:52.477 I/SDM     ( 1897): HWCSession::NotifyCWBStatus: Notify the client about buffer status 0.
06-29 13:17:52.478 I/SDM     ( 1897): HWCSession::ProcessCWBStatus: CWB queue is empty. Display: 0
06-29 13:17:52.481 I/miface-ree( 1853): [Error][Faceulock] detect_align(596):detect no face.
