06-29 13:17:55.469 W/CHIUSECASE( 1879): [WARN   ] chifeature2usecaserequestobject.cpp:532 Initialize() pUsecaseSettings is NULL!!
06-29 13:17:55.465 W/faceWorkBMF( 1853): type=1400 audit(0.0:11324): avc:  denied  { read } for  name="fod_press_status" dev="sysfs" ino=103688 scontext=u:r:hal_miface_default:s0 tcontext=u:object_r:sysfs_tp_fodstatus:s0 tclass=file permissive=0
06-29 13:17:55.472 E/HwcComposer( 2037): presentOrValidateDisplay 0 presentFence:-1
06-29 13:17:55.472 W/SDM     ( 1897): HWEventsDRM::SetEventState: Registration of already registered hw event 14 occurred!!
06-29 13:17:55.477 I/miface-ree( 1853): [Error][Faceulock] detect_align(596):detect no face.
06-29 13:17:55.478 E/HwcComposer( 2037): presentOrValidateDisplay 0 presentFence:-1
06-29 13:17:55.479 W/SDM     ( 1897): HWEventsDRM::SetEventState: Registration of already registered hw event 14 occurred!!
06-29 13:17:55.482 D/PolicyMaker( 2823): uid =10195 pkg=com.google.android.inputmethod.latin reason=IME_APP
06-29 13:17:55.483 I/miface-ree( 1853): [Error][Faceulock] detect_align(596):detect no face.
06-29 13:17:55.484 D/AurogonImmobulusMode( 2823):  update wallpaper pacakge name status mLockWallPaperPackageName =  mLockWallPaperUid = -1 mDeskWallPaperPackageName = com.miui.miwallpaper mDeskWallPaperUid = 10220
06-29 13:17:55.486 E/HwcComposer( 2037): presentOrValidateDisplay 0 presentFence:-1
06-29 13:17:55.487 W/SDM     ( 1897): HWEventsDRM::SetEventState: Registration of already registered hw event 14 occurred!!
06-29 13:17:55.487 D/GreezeManager( 2823): freezeUid uid=10436 return:WIDGET_APP
06-29 13:17:55.487 D/ActionExecute( 2823): setPkgData uid = 10436 time=3000
06-29 13:17:55.488 I/miface-ree( 1853): [Error][Faceulock] detect_align(596):detect no face.
06-29 13:17:55.492 I/miface-ree( 1853): [Error][Faceulock] detect_align(596):detect no face.
06-29 13:17:55.493 I/miface-ree( 1853): [Error][Faceulock] st_tee_detect(784):All directions align failed!
06-29 13:17:55.493 I/miface-unlock( 1853): frame[37:36] algo code: 5, compare time: 23ms
06-29 13:17:55.493 I/miface-unlock( 1853): meet authenticate timeout!
06-29 13:17:55.493 I/miface-ree( 1853): Cmd authenticate end! from start, spend 5006 ms
06-29 13:17:55.493 E/miface-ree( 1853): the Auth status machine is invalid
06-29 13:17:55.493 E/miface-unlock( 1853): auth end stage failed! res: 0x00000001
06-29 13:17:55.493 I/miface-camera( 1853): try stop camera, owner: face
06-29 13:17:55.493 D/miface-camera( 1853): try stop repeating
06-29 13:17:55.494 D/BiometricStatusRepositoryImpl( 4790): authenticationState updated: Acquired(biometricSourceType=FACE, requestReason=DeviceEntryAuthentication, acquiredInfo=11)
06-29 13:17:55.494 D/miface-camera( 1853): try abort captures
06-29 13:17:55.494 E/HwcComposer( 2037): presentOrValidateDisplay 0 presentFence:-1
06-29 13:17:55.495 I/miface-camera( 1853): meet on_session_active event
06-29 13:17:55.495 D/BiometricStatusRepositoryImpl( 4790): authenticationState updated: Help(biometricSourceType=FACE, helpString=Gledajte izravnije prema uređaju., helpCode=11, requestReason=DeviceEntryAuthentication)
06-29 13:17:55.495 W/SDM     ( 1897): HWEventsDRM::SetEventState: Registration of already registered hw event 14 occurred!!
06-29 13:17:55.495 I/Camera3-Device( 2222): flush: Camera 1: Flushing all requests
06-29 13:17:55.496 I/CamX    ( 1879): [ DUMP][HAL    ] camxhaldevice.cpp:3260 LogRequest() Frame Number ## REQUEST_ERROR ## RESULT_ERROR ## BUFFER_ERROR ## Shutter ##  Metadata[Rcvd/Tot] ## Output[Rcvd/Tot(inErr)] ## Input ## S0[Rcvd/StatusOK/BufErrNotify](0xb4000070b5f95898)[0] ## 
06-29 13:17:55.496 W/BiometricFrameworkStatsLogger( 2823): found a negative latency : -1
06-29 13:17:55.498 W/Biometrics/AuthenticationClient( 2823): Allowing background authentication, this is allowed only for platform or test invocations
06-29 13:17:55.499 D/BiometricSchedulerOperation( 2823): [Finished / destroy]: {[55] com.android.server.biometrics.sensors.face.aidl.FaceAuthenticationClient, proto=3, owner=com.android.systemui, cookie=0, requestId=38, userId=0}
06-29 13:17:55.499 D/BiometricStatusRepositoryImpl( 4790): authenticationState updated: Stopped(biometricSourceType=FACE, requestReason=NotRunning)
06-29 13:17:55.500 D/BiometricUnlockCtrl( 4790): onBiometricRunningStateChanged running=false
06-29 13:17:55.500 I/sensors-hal( 1798): batch:205, android.sensor.light/51, period=250000000, max_latency=0
06-29 13:17:55.500 I/sensors-hal( 1798): set_config:61, no need to adjust sample_period_ns due to reporting_mode = 2
06-29 13:17:55.500 I/sensors-hal( 1798): send_sensor_config_request:462, dt=ambient_light: convert sample_period=250000000 to batch_period=250000
06-29 13:17:55.500 I/sensors-hal( 1798): send_sync_sensor_request:340, send sync request
06-29 13:17:55.500 I/sensors-hal( 1798): send_sync_sensor_request:366, wait for notification of response
06-29 13:17:55.502 I/sensors-hal( 1798): ssc_conn_resp_cb:629, resp_value = 0
06-29 13:17:55.502 I/sensors-hal( 1798): send_sync_sensor_request:372, takes 1 ms to receive the response with 0
06-29 13:17:55.502 I/sensors-hal( 1798): batch:214, android.sensor.light/51, period=250000000, max_latency=0 request completed
06-29 13:17:55.503 E/HwcComposer( 2037): presentOrValidateDisplay 0 presentFence:-1
06-29 13:17:55.503 D/MiuiFaceManager( 4790): inernational:true supportR:[ALL] nowR:HR
06-29 13:17:55.503 I/AuthenticationPolicyService( 2823): AuthenticationStateListener#onAuthenticationFailed
06-29 13:17:55.503 D/MiuiFaceManager( 4790): inernational:true supportR:[ALL] nowR:HR
06-29 13:17:55.504 W/SDM     ( 1897): HWEventsDRM::SetEventState: Registration of already registered hw event 14 occurred!!
06-29 13:17:55.504 D/BiometricScheduler( 2823): [Finishing] {[55] com.android.server.biometrics.sensors.face.aidl.FaceAuthenticationClient, proto=3, owner=com.android.systemui, cookie=0, requestId=38, userId=0}, success: true
06-29 13:17:55.504 D/BiometricScheduler( 2823): No operations, returning to idle
06-29 13:17:55.504 I/AuthenticationPolicyService( 2823): reportAuthAttempt: numFailedAttempts=1, userId=0
06-29 13:17:55.505 E/PERFHAL-SSLITE( 1901): PERFHAL-SSLITE: CheckOngoingScenario() 53: SSLite is disabled on this target
06-29 13:17:55.505 D/AuthenticationPolicyService( 2823): Not locking the device because the device is already locked.
06-29 13:17:55.505 E/PERFHAL-SSLITE( 1901): PERFHAL-SSLITE: StartScenario() 75: SSLite is disabled on this target
06-29 13:17:55.506 E/vendor.qti.hardware.perf2-hal-service( 1901): ExtendedPerfBoost: extended_perfboost_acq() 174: extended perfboost acq req->mDuration=1000 req->mThermalBoostParams=boost:1 cpu0:1804800 cpu4:2400000 cpumask:ff req->mHintId=4920 req->mHintType=-1 duration=1000
06-29 13:17:55.506 E/vendor.qti.hardware.perf2-hal-service( 1901): ExtendedPerfBoost: extended_perfboost_applyopt() 155: FD = 89 boostparams= boost:1 cpu0:1804800 cpu4:2400000 cpumask:ff returnvalue=1
06-29 13:17:55.506 E/vendor.qti.hardware.perf2-hal-service( 1901): ExtendedPerfBoost: extended_perfboost_acq() 177: common boost time = 1000
06-29 13:17:55.506 D/ACameraDeviceVendor( 1853): Device error received, code 4, frame number 43, request ID 0, subseq ID 0 physical camera ID 
06-29 13:17:55.506 E/CHIUSECASE( 1879): [ERROR  ] chifeature2base.cpp:4882 GetFeaturePrivContext() FRO-URO:43_RealtimeFG:RealTime_0 No valid Context available
06-29 13:17:55.506 W/CHIUSECASE( 1879): [WARN   ] chitargetbuffermanager.cpp:745 UpdateTarget() [FWK_35_TBM] Target buffer of seqId 43 not found in m_pProducerList
06-29 13:17:55.506 D/MiuiFaceManager( 4790): inernational:true supportR:[ALL] nowR:HR
06-29 13:17:55.507 D/MiuiFaceManager( 4790): inernational:true supportR:[ALL] nowR:HR
06-29 13:17:55.507 D/MiuiFaceManager( 4790): inernational:true supportR:[ALL] nowR:HR
06-29 13:17:55.507 D/MiuiFaceManager( 4790): inernational:true supportR:[ALL] nowR:HR
06-29 13:17:55.508 D/MiuiFaceManager( 4790): inernational:true supportR:[ALL] nowR:HR
06-29 13:17:55.508 D/MiuiFaceManager( 4790): inernational:true supportR:[ALL] nowR:HR
06-29 13:17:55.508 D/AurogonBandwidthController( 2823): skinTemperature:32.993
06-29 13:17:55.509 D/BiometricStatusRepositoryImpl( 4790): authenticationState updated: Failed(biometricSourceType=FACE, requestReason=DeviceEntryAuthentication, userId=0)
06-29 13:17:55.509 D/AurogonBandwidthController( 2823): skinTemperature:32.993
06-29 13:17:55.509 D/BouncerMessageAuditLogger( 4790): bouncerMessage: BouncerMessageModel(message=Message(message=null, messageResId=2132017836, colorState=null, formatterArgs=null, animate=false), secondaryMessage=Message(message=null, messageResId=2132019070, colorState=null, formatterArgs=null, animate=false))
06-29 13:17:55.509 D/AurogonImmobulusMode( 2823):  update wallpaper pacakge name status mLockWallPaperPackageName =  mLockWallPaperUid = -1 mDeskWallPaperPackageName = com.miui.miwallpaper mDeskWallPaperUid = 10220
06-29 13:17:55.511 D/GreezeManager( 2823): uid = 10337 adj
06-29 13:17:55.511 E/HwcComposer( 2037): presentOrValidateDisplay 0 presentFence:-1
06-29 13:17:55.512 D/ActionExecute( 2823): setPkgData uid = 10337 time=3000
06-29 13:17:55.512 W/SDM     ( 1897): HWEventsDRM::SetEventState: Registration of already registered hw event 14 occurred!!
06-29 13:17:55.512 D/KeyguardViewMediator( 4790): handleKeyguardDoneDrawing
06-29 13:17:55.512 D/KeyguardViewMediator( 4790): KeyguardViewMediator queue processing message: KEYGUARD_DONE_DRAWING
06-29 13:17:55.513 W/CHIUSECASE( 1879): [WARN   ] chxusecase.cpp:3851 DequeueRequestInStreamBufferInfo() Frame:43 cannot be sent yet on stream:0xb4000070b5f95898, next dequeue index:38 expects  frame number:38
06-29 13:17:55.513 W/CHIUSECASE( 1879): [WARN   ] chxutils.cpp:410 NotifyAllThreads() Semaphore count exceeds the allocated number
06-29 13:17:55.514 W/CHIUSECASE( 1879): [WARN   ] chxusecase.cpp:3851 DequeueRequestInStreamBufferInfo() Frame:43 cannot be sent yet on stream:0xb4000070b5f95898, next dequeue index:39 expects  frame number:39
06-29 13:17:55.514 W/CHIUSECASE( 1879): [WARN   ] chxutils.cpp:410 NotifyAllThreads() Semaphore count exceeds the allocated number
06-29 13:17:55.515 W/CHIUSECASE( 1879): [WARN   ] chxusecase.cpp:3851 DequeueRequestInStreamBufferInfo() Frame:43 cannot be sent yet on stream:0xb4000070b5f95898, next dequeue index:40 expects  frame number:40
06-29 13:17:55.515 W/CHIUSECASE( 1879): [WARN   ] chifeature2base.cpp:7999 ProcessResult() frame callback data is not active for result 0xb400006ff603b2f0 and framenumber 37 numOutputBuffers 1
06-29 13:17:55.515 W/CHIUSECASE( 1879): [WARN   ] chifeature2base.cpp:7999 ProcessResult() frame callback data is not active for result 0xb400006ff603b348 and framenumber 38 numOutputBuffers 1
06-29 13:17:55.515 W/CHIUSECASE( 1879): [WARN   ] chifeature2base.cpp:7999 ProcessResult() frame callback data is not active for result 0xb400006ff603b3a0 and framenumber 39 numOutputBuffers 1
06-29 13:17:55.516 W/CHIUSECASE( 1879): [WARN   ] chxutils.cpp:410 NotifyAllThreads() Semaphore count exceeds the allocated number
06-29 13:17:55.516 W/CHIUSECASE( 1879): [WARN   ] chxusecase.cpp:3851 DequeueRequestInStreamBufferInfo() Frame:43 cannot be sent yet on stream:0xb4000070b5f95898, next dequeue index:41 expects  frame number:41
06-29 13:17:55.516 W/CHIUSECASE( 1879): [WARN   ] chxutils.cpp:410 NotifyAllThreads() Semaphore count exceeds the allocated number
06-29 13:17:55.517 W/CHIUSECASE( 1879): [WARN   ] chxusecase.cpp:3851 DequeueRequestInStreamBufferInfo() Frame:43 cannot be sent yet on stream:0xb4000070b5f95898, next dequeue index:42 expects  frame number:42
06-29 13:17:55.517 W/CHIUSECASE( 1879): [WARN   ] chxutils.cpp:410 NotifyAllThreads() Semaphore count exceeds the allocated number
06-29 13:17:55.517 W/CHIUSECASE( 1879): [WARN   ] chifeature2base.cpp:7999 ProcessResult() frame callback data is not active for result 0xb400006ff603b2f0 and framenumber 40 numOutputBuffers 1
06-29 13:17:55.518 W/CHIUSECASE( 1879): [WARN   ] chifeature2base.cpp:7999 ProcessResult() frame callback data is not active for result 0xb400006ff603b348 and framenumber 41 numOutputBuffers 1
06-29 13:17:55.518 W/CHIUSECASE( 1879): [WARN   ] chifeature2base.cpp:7999 ProcessResult() frame callback data is not active for result 0xb400006ff603b3a0 and framenumber 42 numOutputBuffers 1
06-29 13:17:55.518 W/InsetsSource( 2823): Has no intersection or mTmpFrame.height(), return Insets.NONE mTmpFrame.height() =0 hasIntersection =false
06-29 13:17:55.518 W/InsetsSource( 2823): Has no intersection or mTmpFrame.height(), return Insets.NONE mTmpFrame.height() =0 hasIntersection =false
06-29 13:17:55.519 D/MiuiRefreshRatePolicy( 2823): reset
06-29 13:17:55.519 E/HwcComposer( 2037): presentOrValidateDisplay 0 presentFence:-1
06-29 13:17:55.520 W/SDM     ( 1897): HWEventsDRM::SetEventState: Registration of already registered hw event 14 occurred!!
06-29 13:17:55.524 D/miface-camera( 1853): try close ACameraCaptureSession
06-29 13:17:55.524 I/miface-camera( 1853): wait for the session to complete the close action
06-29 13:17:55.524 D/ACameraDeviceVendor( 1853): Device error received, code 4, frame number 38, request ID 0, subseq ID 0 physical camera ID 
06-29 13:17:55.524 D/ACameraDeviceVendor( 1853): Device error received, code 4, frame number 39, request ID 0, subseq ID 0 physical camera ID 
06-29 13:17:55.524 D/ACameraDeviceVendor( 1853): Device error received, code 4, frame number 37, request ID 0, subseq ID 0 physical camera ID 
06-29 13:17:55.524 D/ACameraDeviceVendor( 1853): Device error received, code 5, frame number 37, request ID 0, subseq ID 0 physical camera ID 
06-29 13:17:55.524 D/ACameraDeviceVendor( 1853): Device error received, code 5, frame number 38, request ID 0, subseq ID 0 physical camera ID 
06-29 13:17:55.524 D/ACameraDeviceVendor( 1853): Device error received, code 5, frame number 39, request ID 0, subseq ID 0 physical camera ID 
06-29 13:17:55.524 D/ACameraDeviceVendor( 1853): Device error received, code 4, frame number 42, request ID 0, subseq ID 0 physical camera ID 
06-29 13:17:55.524 D/ACameraDeviceVendor( 1853): Device error received, code 4, frame number 41, request ID 0, subseq ID 0 physical camera ID 
06-29 13:17:55.524 D/ACameraDeviceVendor( 1853): Device error received, code 4, frame number 40, request ID 0, subseq ID 0 physical camera ID 
06-29 13:17:55.524 D/ACameraDeviceVendor( 1853): Device error received, code 5, frame number 40, request ID 0, subseq ID 0 physical camera ID 
06-29 13:17:55.524 E/ACameraDeviceVendor( 1853): onCaptureErrorLocked: Error: capture sequence index 0 not found!
06-29 13:17:55.524 D/ACameraDeviceVendor( 1853): Device error received, code 5, frame number 41, request ID 0, subseq ID 0 physical camera ID 
06-29 13:17:55.524 E/ACameraDeviceVendor( 1853): onCaptureErrorLocked: Error: capture sequence index 0 not found!
06-29 13:17:55.524 D/ACameraDeviceVendor( 1853): Device error received, code 5, frame number 42, request ID 0, subseq ID 0 physical camera ID 
06-29 13:17:55.524 E/ACameraDeviceVendor( 1853): onCaptureErrorLocked: Error: capture sequence index 0 not found!
06-29 13:17:55.524 D/ACameraDeviceVendor( 1853): Device error received, code 5, frame number 43, request ID 0, subseq ID 0 physical camera ID 
06-29 13:17:55.524 E/ACameraDeviceVendor( 1853): onCaptureErrorLocked: Error: capture sequence index 0 not found!
06-29 13:17:55.524 E/ACameraDeviceVendor( 1853): onDeviceIdle sending state cb
06-29 13:17:55.524 I/miface-camera( 1853): meet on_session_ready event
06-29 13:17:55.524 E/ACameraDeviceVendor( 1853): checkCameraClosedOrErrorLocked: camera device has encountered a serious error: -10006
06-29 13:17:55.524 E/ACameraDeviceVendor( 1853): Unconfigure stream failed. Device might still be configured! ret -10006
06-29 13:17:55.524 I/miface-camera( 1853): meet on_session_closed event
06-29 13:17:55.524 I/miface-camera( 1853): waiting for mutex to delete all active AImage, remaining: 0
06-29 13:17:55.524 I/miface-camera( 1853): waiting mutex lock for delete AImageReader
06-29 13:17:55.524 D/miface-camera( 1853): try delete AImageReader
06-29 13:17:55.524 D/BufferQueueConsumer( 1853): [ImageReader-640x480f23u3m4-1853-37](id:73d00000025,api:4,p:2222,c:1853) disconnect: caller 1853
06-29 13:17:55.525 D/miface-camera( 1853): try close ACameraDevice
06-29 13:17:55.525 D/ACameraDeviceVendor( 1853): disconnectLocked: binder disconnect reached
06-29 13:17:55.526 D/Camera2ClientBase( 2222): Camera 1: start to disconnect
06-29 13:17:55.526 D/Camera2ClientBase( 2222): Camera 1: serializationLock acquired
06-29 13:17:55.526 D/Camera2ClientBase( 2222): Camera 1: Shutting down
06-29 13:17:55.526 D/Camera2ClientBase( 2222): Camera 1: start to cacheDump
06-29 13:17:55.527 I/WindowManager( 2823): >>> OPEN TRANSACTION animate
06-29 13:17:55.527 I/WindowManager( 2823): <<< CLOSE TRANSACTION animate
06-29 13:17:55.528 E/HwcComposer( 2037): presentOrValidateDisplay 0 presentFence:-1
06-29 13:17:55.528 W/SDM     ( 1897): HWEventsDRM::SetEventState: Registration of already registered hw event 14 occurred!!
06-29 13:17:55.529 E/HwcComposer( 2037): getLuts failed Status(-129, EX_TRANSACTION_FAILED): 'UNKNOWN_TRANSACTION: '
06-29 13:17:55.533 I/Camera3-Device( 2222): flush: Camera 1: Flushing all requests
06-29 13:17:55.533 E/PERFHAL-SSLITE( 1901): PERFHAL-SSLITE: CheckOngoingScenario() 53: SSLite is disabled on this target
06-29 13:17:55.534 E/PERFHAL-SSLITE( 1901): PERFHAL-SSLITE: StartScenario() 75: SSLite is disabled on this target
06-29 13:17:55.534 I/Camera3-Device( 2222): disconnectImpl: Camera: 1 E
06-29 13:17:55.536 E/HwcComposer( 2037): presentOrValidateDisplay 0 presentFence:-1
06-29 13:17:55.536 W/SDM     ( 1897): HWEventsDRM::SetEventState: Registration of already registered hw event 14 occurred!!
06-29 13:17:55.538 I/CameraLatencyHistogram( 2222): ProcessCaptureRequest latency histogram (44) samples:
06-29 13:17:55.538 I/CameraLatencyHistogram( 2222):        40     80    120    160    200    240    280    320    360    inf (max ms)
06-29 13:17:55.538 I/CameraLatencyHistogram( 2222):      15.91   0.00   79.55   0.00   2.27   0.00   0.00   0.00   2.27   0.00 (%)
06-29 13:17:55.538 I/Camera3-Device( 2222): CameraServiceWatchdog watch close process
06-29 13:17:55.538 E/PERFHAL-SSLITE( 1901): PERFHAL-SSLITE: CheckOngoingScenario() 53: SSLite is disabled on this target
06-29 13:17:55.539 E/PERFHAL-SSLITE( 1901): PERFHAL-SSLITE: StartScenario() 75: SSLite is disabled on this target
06-29 13:17:55.539 I/CamX    ( 1879): [ DUMP][CORE   ] camxresourcemanager.cpp:106 DumpState() [IPEHw : 0], AvailableResource = 100
06-29 13:17:55.539 I/CamX    ( 1879): [ DUMP][CORE   ] camxresourcemanager.cpp:106 DumpState() [IFEHw : 0], AvailableResource = 34
06-29 13:17:55.539 I/CamX    ( 1879): [ DUMP][CORE   ] camxresourcemanager.cpp:106 DumpState() [SensorHw : 0], AvailableResource = 100
06-29 13:17:55.539 I/CamX    ( 1879): [ DUMP][CORE   ] camxresourcemanager.cpp:106 DumpState() [SensorHw : 1], AvailableResource = 0
06-29 13:17:55.539 I/CamX    ( 1879): [ DUMP][CORE   ] camxresourcemanager.cpp:106 DumpState() [SensorHw : 2], AvailableResource = 100
06-29 13:17:55.539 I/CamX    ( 1879): [ DUMP][CORE   ] camxresourcemanager.cpp:106 DumpState() [CSIPHYHw : 2], AvailableResource = 100
06-29 13:17:55.539 I/CamX    ( 1879): [ DUMP][CORE   ] camxresourcemanager.cpp:106 DumpState() [CSIPHYHw : 1], AvailableResource = 50
06-29 13:17:55.539 I/CamX    ( 1879): [ DUMP][CORE   ] camxresourcemanager.cpp:106 DumpState() [CSIPHYHw : 0], AvailableResource = 100
06-29 13:17:55.539 I/CamX    ( 1879): [ DUMP][CORE   ] camxresourcemanager.cpp:179 DumpState() 
06-29 13:17:55.539 I/CamX    ( 1879): 
06-29 13:17:55.539 I/CamX    ( 1879): [ DUMP][CORE   ] camxresourcemanager.cpp:180 DumpState() client {RealTimeFeatureZSLPreviewRaw_1, 0xb4000070f5f68c70}
06-29 13:17:55.539 I/CamX    ( 1879): [ DUMP][CORE   ] camxresourcemanager.cpp:181 DumpState() -------------------------
06-29 13:17:55.539 I/CamX    ( 1879): [ DUMP][CORE   ] camxresourcemanager.cpp:182 DumpState()     Key     Allocation
06-29 13:17:55.539 I/CamX    ( 1879): [ DUMP][CORE   ] camxresourcemanager.cpp:183 DumpState() -------------------------
06-29 13:17:55.539 I/CamX    ( 1879): [ DUMP][CORE   ] camxresourcemanager.cpp:192 DumpState()   {1, 1} :   100
06-29 13:17:55.539 I/CamX    ( 1879): [ DUMP][CORE   ] camxresourcemanager.cpp:192 DumpState()   {2, 0} :   66
06-29 13:17:55.539 I/CamX    ( 1879): [ DUMP][CORE   ] camxresourcemanager.cpp:192 DumpState()   {5, 1} :   50
06-29 13:17:55.539 I/SDM     ( 1897): ResourceImpl::SetMaxBandwidthMode: new bandwidth mode=0
06-29 13:17:55.544 W/SDM     ( 1897): HWEventsDRM::SetEventState: Registration of already registered hw event 14 occurred!!
06-29 13:17:55.549 I/CamX    ( 1879): [ DUMP][CORE   ] camxresourcemanager.cpp:106 DumpState() [IPEHw : 0], AvailableResource = 100
06-29 13:17:55.549 I/CamX    ( 1879): [ DUMP][CORE   ] camxresourcemanager.cpp:106 DumpState() [IFEHw : 0], AvailableResource = 100
06-29 13:17:55.549 I/CamX    ( 1879): [ DUMP][CORE   ] camxresourcemanager.cpp:106 DumpState() [SensorHw : 0], AvailableResource = 100
06-29 13:17:55.549 I/CamX    ( 1879): [ DUMP][CORE   ] camxresourcemanager.cpp:106 DumpState() [SensorHw : 1], AvailableResource = 100
06-29 13:17:55.549 I/CamX    ( 1879): [ DUMP][CORE   ] camxresourcemanager.cpp:106 DumpState() [SensorHw : 2], AvailableResource = 100
06-29 13:17:55.549 I/CamX    ( 1879): [ DUMP][CORE   ] camxresourcemanager.cpp:106 DumpState() [CSIPHYHw : 2], AvailableResource = 100
06-29 13:17:55.549 I/CamX    ( 1879): [ DUMP][CORE   ] camxresourcemanager.cpp:106 DumpState() [CSIPHYHw : 1], AvailableResource = 100
06-29 13:17:55.549 I/CamX    ( 1879): [ DUMP][CORE   ] camxresourcemanager.cpp:106 DumpState() [CSIPHYHw : 0], AvailableResource = 100
06-29 13:17:55.549 I/CamX    ( 1879): [ DUMP][CORE   ] camxresourcemanager.cpp:179 DumpState() 
06-29 13:17:55.549 I/CamX    ( 1879): 
06-29 13:17:55.549 I/CamX    ( 1879): [ DUMP][CORE   ] camxresourcemanager.cpp:180 DumpState() client {RealTimeFeatureZSLPreviewRaw_1, 0xb4000070f5f68c70}
06-29 13:17:55.549 I/CamX    ( 1879): [ DUMP][CORE   ] camxresourcemanager.cpp:181 DumpState() -------------------------
06-29 13:17:55.549 I/CamX    ( 1879): [ DUMP][CORE   ] camxresourcemanager.cpp:182 DumpState()     Key     Allocation
06-29 13:17:55.549 I/CamX    ( 1879): [ DUMP][CORE   ] camxresourcemanager.cpp:183 DumpState() -------------------------
06-29 13:17:55.552 W/SDM     ( 1897): HWEventsDRM::SetEventState: Registration of already registered hw event 14 occurred!!
06-29 13:17:55.559 I/lyra-system(13451): SystemEnvMonitorImpl::IsScreenOn:97 is_screen_on=1
06-29 13:17:55.559 I/lyra-device(13451): DeviceManagerImpl::GetDeviceListByServiceId:301 service_id=041F0323, device_filter={"medium_types":20002,"same_account":1,"same_group":0,"same_no_group":0}, size=0
06-29 13:17:55.559 I/lyra-net-ctrl(13451): NetworkingControllerImpl::RefreshOnlinedDevices:853 GetDeviceList length=0
06-29 13:17:55.560 W/SDM     ( 1897): HWEventsDRM::SetEventState: Registration of already registered hw event 14 occurred!!
06-29 13:17:55.561 I/vendor.qti.hardware.display.composer-service( 1897): Sensor: notify citsensorservice to trigger cwb, misForced = 0
06-29 13:17:55.561 I/SDM     ( 1897): CWB config passed by cwb_client : tappoint 1  CWB_ROI : (79.000000 0.000000 480.000000 481.000000)
06-29 13:17:55.564 I/minksocket( 1765): MinkIPC MESSAGE: ( 1765:1820 ) MinkIPC_QRTR_Service:301 minkipc = 0xb400007c016d62f0 sock = 16, client with node 1 port 5f4d went down
06-29 13:17:55.565 I/minksocket( 1765): MinkIPC MESSAGE: ( 1765:1833 ) MinkIPC_QRTR_Service:301 minkipc = 0xb400007c016d44b0 sock = 23, client with node 1 port 5f4d went down
06-29 13:17:55.569 D/AurogonImmobulusMode( 2823):  update wallpaper pacakge name status mLockWallPaperPackageName =  mLockWallPaperUid = -1 mDeskWallPaperPackageName = com.miui.miwallpaper mDeskWallPaperUid = 10220
06-29 13:17:55.569 D/ActionExecute( 2823): frozen uid = 10430 reason=check binder
06-29 13:17:55.569 D/ActionExecute( 2823): setPkgData uid = 10430 time=0
06-29 13:17:55.569 D/ExternalInterface( 2823): setUidState, uid = 10430 allow = false
06-29 13:17:55.569 E/HwcComposer( 2037): presentOrValidateDisplay 0 presentFence:-1
06-29 13:17:55.569 D/MiSensorServiceImpl( 2823): PowerKeeperSensor stop iUid:10430 but app has Controlled
06-29 13:17:55.570 I/NetworkBoostStatusManager( 2823): handle: 108
06-29 13:17:55.570 W/SDM     ( 1897): HWEventsDRM::SetEventState: Registration of already registered hw event 14 occurred!!
06-29 13:17:55.570 I/NetworkBoostStatusManager( 2823): registerSensorListener sensor Flag: true
06-29 13:17:55.571 D/ActionExecute( 2823): setPkgData uid = 10430 time=3000
06-29 13:17:55.571 I/libhme  ( 1879): hme_dsp_deinit done 
06-29 13:17:55.571 W/vendor.qti.camera.provider-service_64( 1879): vendor/qcom/proprietary/adsprpc/src/fastrpc_apps_user.c:1877:Warning: remote_handle_close: Non-domain usage of FastRPC will be deprecated, use domains to offload to DSP using FastRPC
06-29 13:17:55.571 W/vendor.qti.camera.provider-service_64( 1879): vendor/qcom/proprietary/adsprpc/src/fastrpc_apps_user.c:1425:Warning: remote_handle_invoke: Non-domain usage of FastRPC will be deprecated, use domains to offload to DSP using FastRPC
06-29 13:17:55.573 I/vendor.qti.camera.provider-service_64( 1879): vendor/qcom/proprietary/adsprpc/src/fastrpc_apps_user.c:1863: remote_handle_close_domain: closed handle 0x12b420c0 (skel unload time 1740 us)
06-29 13:17:55.573 I/vendor.qti.camera.provider-service_64( 1879): vendor/qcom/proprietary/adsprpc/src/fastrpc_apps_user.c:1950: remote_handle64_close: closed handle 0xb40000710614d090 remote handle 0x12b420c0 name libhme_dsp_skel.so, refs 1, domain 3, open_refs 0, non-domain handle list is empty
06-29 13:17:55.573 I/vendor.qti.camera.provider-service_64( 1879): vendor/qcom/proprietary/adsprpc/src/fastrpc_apps_user.c:1695: List of open handles on domain 3:
06-29 13:17:55.573 I/vendor.qti.camera.provider-service_64( 1879): vendor/qcom/proprietary/adsprpc/src/fastrpc_apps_user.c:1701: libbitml_nsp_v2_skel.so, handle 0x12b41b10
06-29 13:17:55.573 I/vendor.qti.camera.provider-service_64( 1879): vendor/qcom/proprietary/adsprpc/src/fastrpc_apps_user.c:1715: List of open handles in non_domain list:
06-29 13:17:55.573 I/libhme  ( 1879): hme_dsp_close done 
06-29 13:17:55.575 I/minksocket( 1765): MinkIPC MESSAGE: ( 1765:1820 ) MinkIPC_QRTR_Service:301 minkipc = 0xb400007c016d62f0 sock = 16, client with node 1 port 5f48 went down
06-29 13:17:55.575 I/minksocket( 1765): MinkIPC MESSAGE: ( 1765:1833 ) MinkIPC_QRTR_Service:301 minkipc = 0xb400007c016d44b0 sock = 23, client with node 1 port 5f48 went down
06-29 13:17:55.579 W/SDM     ( 1897): HWEventsDRM::SetEventState: Registration of already registered hw event 14 occurred!!
06-29 13:17:55.579 I/SDM     ( 1897): HWDeviceDRM::SetupConcurrentWriteback: Tear down the Concurrent Writeback topology
06-29 13:17:55.583 I/MiuiNetworkPolicy( 2823): updateUidState uid = 10337, uidState = 19
06-29 13:17:55.585 W/SDM     ( 1897): HWEventsDRM::SetEventState: Registration of already registered hw event 14 occurred!!
06-29 13:17:55.589 I/SDM     ( 1897): HWCSession::NotifyCWBStatus: Notify the client about buffer status 0.
06-29 13:17:55.589 I/MiuiNetworkPolicy( 2823): updateUidState uid = 10337, uidState = 11
06-29 13:17:55.590 I/SDM     ( 1897): HWCSession::ProcessCWBStatus: CWB queue is empty. Display: 0
06-29 13:17:55.594 W/SDM     ( 1897): HWEventsDRM::SetEventState: Registration of already registered hw event 14 occurred!!
06-29 13:17:55.599 D/InetDiagMessage( 2823): Destroyed 0 sockets, proto=IPPROTO_TCP, family=AF_INET, states=14
06-29 13:17:55.600 D/InetDiagMessage( 2823): Destroyed 0 sockets, proto=IPPROTO_TCP, family=AF_INET6, states=14
06-29 13:17:55.600 D/InetDiagMessage( 2823): Destroyed live tcp sockets for uids={10436} in 4ms
06-29 13:17:55.600 D/InetDiagMessage( 2823): Destroyed 0 sockets, proto=IPPROTO_TCP, family=AF_INET, states=14
06-29 13:17:55.601 D/InetDiagMessage( 2823): Destroyed 0 sockets, proto=IPPROTO_TCP, family=AF_INET6, states=14
06-29 13:17:55.601 D/InetDiagMessage( 2823): Destroyed live tcp sockets for uids={20436} in 1ms
06-29 13:17:55.602 W/SDM     ( 1897): HWEventsDRM::SetEventState: Registration of already registered hw event 14 occurred!!
06-29 13:17:55.603 I/minksocket( 1765): MinkIPC MESSAGE: ( 1765:1820 ) MinkIPC_QRTR_Service:301 minkipc = 0xb400007c016d62f0 sock = 16, client with node 1 port 5f52 went down
06-29 13:17:55.603 I/minksocket( 1765): MinkIPC MESSAGE: ( 1765:1833 ) MinkIPC_QRTR_Service:301 minkipc = 0xb400007c016d44b0 sock = 23, client with node 1 port 5f52 went down
06-29 13:17:55.610 W/SDM     ( 1897): HWEventsDRM::SetEventState: Registration of already registered hw event 14 occurred!!
06-29 13:17:55.619 W/SDM     ( 1897): HWEventsDRM::SetEventState: Registration of already registered hw event 14 occurred!!
06-29 13:17:55.620 I/vendor.qti.camera.provider-service_64( 1879): vendor/qcom/proprietary/adsprpc/src/fastrpc_apps_user.c:3537: domain_deinit for domain 3: dev 43
06-29 13:17:55.622 W/vendor.qti.camera.provider-service_64( 1879): vendor/qcom/proprietary/adsprpc/src/log_config.c:394:Warning: file_watcher_thread received exit for domain 3, file vendor.qti.camera.provider-service_64.farf
06-29 13:17:55.622 I/vendor.qti.camera.provider-service_64( 1879): vendor/qcom/proprietary/adsprpc/src/log_config.c:446: file_watcher_thread exiting for domain 3
06-29 13:17:55.622 I/vendor.qti.camera.provider-service_64( 1879): vendor/qcom/proprietary/adsprpc/src/mod_table.c:792: open_mod_table_close: closed reverse module apps_mem with handle 0x693bc4a8
06-29 13:17:55.622 I/vendor.qti.camera.provider-service_64( 1879): vendor/qcom/proprietary/adsprpc/src/mod_table.c:792: open_mod_table_close: closed reverse module apps_std with handle 0x693bc3a8
06-29 13:17:55.626 I/vendor.qti.camera.provider-service_64( 1879): vendor/qcom/proprietary/adsprpc/src/fastrpc_apps_user.c:3741: close_device_node: closed dev 43 on domain 3
06-29 13:17:55.627 I/vendor.qti.camera.provider-service_64( 1879): vendor/qcom/proprietary/adsprpc/src/fastrpc_apps_user.c:3583: domain_deinit: closed device 43 on domain 3 (kill time 4375 us)
06-29 13:17:55.627 I/vendor.qti.camera.provider-service_64( 1879): vendor/qcom/proprietary/adsprpc/src/fastrpc_apps_user.c:1950: remote_handle64_close: closed handle 0xb4000071061461d0 remote handle 0x12b41b10 name libbitml_nsp_v2_skel.so, refs 0, domain 3, open_refs 0, non-domain handle list is empty
06-29 13:17:55.627 I/vendor.qti.camera.provider-service_64( 1879): vendor/qcom/proprietary/adsprpc/src/fastrpc_apps_user.c:1695: List of open handles on domain 3:
06-29 13:17:55.627 I/vendor.qti.camera.provider-service_64( 1879): vendor/qcom/proprietary/adsprpc/src/fastrpc_apps_user.c:1715: List of open handles in non_domain list:
06-29 13:17:55.627 W/SDM     ( 1897): HWEventsDRM::SetEventState: Registration of already registered hw event 14 occurred!!
06-29 13:17:55.634 D/BufferQueueProducer( 1853): [ImageReader-640x480f23u3m4-1853-37](id:73d00000025,api:4,p:2222,c:1853) disconnect: api 4 (caller=2222)
06-29 13:17:55.634 I/CameraLatencyHistogram( 2222): Stream 0 dequeueBuffer latency histogram (44) samples:
06-29 13:17:55.634 I/CameraLatencyHistogram( 2222):         5     10     15     20     25     30     35     40     45    inf (max ms)
06-29 13:17:55.634 I/CameraLatencyHistogram( 2222):      97.73   0.00   2.27   0.00   0.00   0.00   0.00   0.00   0.00   0.00 (%)
06-29 13:17:55.634 I/Camera3-Device( 2222): disconnectImpl: X
06-29 13:17:55.635 W/SDM     ( 1897): HWEventsDRM::SetEventState: Registration of already registered hw event 14 occurred!!
06-29 13:17:55.636 D/GreezeManager( 2823): noteCamera uid=1000 on=false
06-29 13:17:55.637 D/CameraBlackCoveredManager( 2823): onCameraAvailable1
06-29 13:17:55.637 D/CameraBlackCoveredManager( 2823): onCameraAvailable 1
06-29 13:17:55.637 D/SatelliteUIController( 4725): onCameraAvailable:1
06-29 13:17:55.638 I/CameraService( 2222): disconnect: Disconnected client for camera 1 for PID 1853
06-29 13:17:55.638 I/Camera2ClientBase( 2222): ~Camera2ClientBase: Client object's dtor for Camera Id 1 completed. Client was: com.miui.face (PID 1853, UID 1000)
06-29 13:17:55.639 D/BufferQueueProducer( 2823): [VRI[cameraBlackCovered]#60(BLAST Consumer)60](id:b0700000046,api:1,p:2823,c:2823) disconnect: api 1 (caller=2823)
06-29 13:17:55.639 I/Camera3-Device( 2222): disconnectImpl: Camera: 1 E
06-29 13:17:55.639 I/Camera3DeviceInjectionMethods( 2222): injectionDisconnectImpl: Injection camera disconnect
06-29 13:17:55.642 D/CameraBlackCoveredManager( 2823): FrontCamera_BlackView is removed
06-29 13:17:55.642 D/MiuiInputManagerService( 2823): unregisterSrollToTopListener, windowId: 13660411
06-29 13:17:55.642 W/system_server( 2823): Binder 0xb400007e6c272a60 destroyed after setInheritRt before being parceled.
06-29 13:17:55.642 D/BufferQueueConsumer( 2823): [VRI[cameraBlackCovered]#60(BLAST Consumer)60](id:b0700000046,api:0,p:-1,c:2823) disconnect: caller 2823
06-29 13:17:55.643 I/WindowManager( 2823): selectAnimation in Window{c2b21d7 u0 cameraBlackCovered}: transit=2
06-29 13:17:55.644 D/DisplayContentStubImpl( 2823): onNewImeFrame: isImeVisible = false, imeFrame = Rect(0, 0 - 0, 0)
06-29 13:17:55.644 D/ImeExtFillUIController( 2823): onNewImeFrame: ui = null, old isImeVisible = true, new isImeVisible = false, old imeFrame = Rect(0, 0 - 0, 0), new imeFrame = Rect(0, 0 - 0, 0), old isImeShowAnimDone = true, new isImeShowAnimDone = false
06-29 13:17:55.644 W/InsetsSource( 2823): Has no intersection or mTmpFrame.height(), return Insets.NONE mTmpFrame.height() =0 hasIntersection =false
06-29 13:17:55.644 W/InsetsSource( 2823): Has no intersection or mTmpFrame.height(), return Insets.NONE mTmpFrame.height() =0 hasIntersection =false
06-29 13:17:55.644 W/SDM     ( 1897): HWEventsDRM::SetEventState: Registration of already registered hw event 14 occurred!!
06-29 13:17:55.644 D/MiuiRefreshRatePolicy( 2823): reset
06-29 13:17:55.645 I/SmartPower: system/1000(2823)( 2823): visible->invisible(5035ms) R(become invisible) adj=-900.
06-29 13:17:55.645 W/InsetsSource( 2823): Has no intersection or mTmpFrame.height(), return Insets.NONE mTmpFrame.height() =0 hasIntersection =false
06-29 13:17:55.645 W/InsetsSource( 2823): Has no intersection or mTmpFrame.height(), return Insets.NONE mTmpFrame.height() =0 hasIntersection =false
06-29 13:17:55.645 W/InsetsSource( 2823): Has no intersection or mTmpFrame.height(), return Insets.NONE mTmpFrame.height() =0 hasIntersection =false
06-29 13:17:55.646 I/BpBinder( 1853): onLastStrongRef automatically unlinking death recipients: 
06-29 13:17:55.646 I/miface-camera( 1853): finish stop camera
06-29 13:17:55.646 I/miface-unlock( 1853): camera disconnected
06-29 13:17:55.651 I/WindowManager( 2823): >>> OPEN TRANSACTION animate
06-29 13:17:55.652 W/SDM     ( 1897): HWEventsDRM::SetEventState: Registration of already registered hw event 14 occurred!!
06-29 13:17:55.652 I/WindowManager( 2823): <<< CLOSE TRANSACTION animate
06-29 13:17:55.661 W/SDM     ( 1897): HWEventsDRM::SetEventState: Registration of already registered hw event 14 occurred!!
06-29 13:17:55.667 W/ActivityManagerServiceImpl( 2823): Sending non-protected broadcast com.modemenhance.ACTION_MODEMWIFI_RSSI_POLL from system 4725:com.android.phone/1001 pkg com.android.phone. Callers=
06-29 13:17:55.669 W/libc    ( 4725): Access denied finding property "persist.vendor.wlan.disable.eht"
06-29 13:17:55.669 D/AmlSlaveWifiManager( 4725): getWifiSlaveConnectionInfo
06-29 13:17:55.669 E/AmlSlaveWifiServiceImp( 2823): getWifiSlaveConnectionInfo mActiveModeWarden = null
06-29 13:17:55.669 W/SDM     ( 1897): HWEventsDRM::SetEventState: Registration of already registered hw event 14 occurred!!
06-29 13:17:55.677 W/SDM     ( 1897): HWEventsDRM::SetEventState: Registration of already registered hw event 14 occurred!!
06-29 13:17:55.685 W/SDM     ( 1897): HWEventsDRM::SetEventState: Registration of already registered hw event 14 occurred!!
06-29 13:17:55.693 W/SDM     ( 1897): HWEventsDRM::SetEventState: Registration of already registered hw event 14 occurred!!
06-29 13:17:55.702 W/SDM     ( 1897): HWEventsDRM::SetEventState: Registration of already registered hw event 14 occurred!!
06-29 13:17:55.710 W/SDM     ( 1897): HWEventsDRM::SetEventState: Registration of already registered hw event 14 occurred!!
06-29 13:17:55.718 W/SDM     ( 1897): HWEventsDRM::SetEventState: Registration of already registered hw event 14 occurred!!
06-29 13:17:55.727 W/SDM     ( 1897): HWEventsDRM::SetEventState: Registration of already registered hw event 14 occurred!!
06-29 13:17:55.735 W/SDM     ( 1897): HWEventsDRM::SetEventState: Registration of already registered hw event 14 occurred!!
06-29 13:17:55.743 W/SDM     ( 1897): HWEventsDRM::SetEventState: Registration of already registered hw event 14 occurred!!
06-29 13:17:55.752 W/SDM     ( 1897): HWEventsDRM::SetEventState: Registration of already registered hw event 14 occurred!!
06-29 13:17:55.753 E/HwcComposer( 2037): getLuts failed Status(-129, EX_TRANSACTION_FAILED): 'UNKNOWN_TRANSACTION: '
06-29 13:17:55.760 W/SDM     ( 1897): HWEventsDRM::SetEventState: Registration of already registered hw event 14 occurred!!
06-29 13:17:55.768 W/SDM     ( 1897): HWEventsDRM::SetEventState: Registration of already registered hw event 14 occurred!!
06-29 13:17:55.777 W/SDM     ( 1897): HWEventsDRM::SetEventState: Registration of already registered hw event 14 occurred!!
06-29 13:17:55.785 W/SDM     ( 1897): HWEventsDRM::SetEventState: Registration of already registered hw event 14 occurred!!
06-29 13:17:55.793 W/SDM     ( 1897): HWEventsDRM::SetEventState: Registration of already registered hw event 14 occurred!!
06-29 13:17:55.802 W/SDM     ( 1897): HWEventsDRM::SetEventState: Registration of already registered hw event 14 occurred!!
06-29 13:17:55.810 W/SDM     ( 1897): HWEventsDRM::SetEventState: Registration of already registered hw event 14 occurred!!
06-29 13:17:55.814 I/vendor.qti.bluetooth@1.0-ibs_handler( 1773): ProcessIbsCmd: Received IBS_WAKE_IND: 0xFD
06-29 13:17:55.814 D/vendor.qti.bluetooth@1.0-ibs_handler( 1773): SerialClockVote: vote for UART CLK ON
06-29 13:17:55.814 D/vendor.qti.bluetooth@1.0-wake_lock( 1773): Acquire wakelock is acquired 
06-29 13:17:55.814 I/vendor.qti.bluetooth@1.0-ibs_handler( 1773): ProcessIbsCmd: Writing IBS_WAKE_ACK
06-29 13:17:55.815 D/BluetoothRemoteDevices( 4286): Update property, device=XX:XX:XX:XX:28:E6, type: 1
06-29 13:17:55.815 D/BluetoothRemoteDevices( 4286): Skip name update for XX:XX:XX:XX:28:E6
06-29 13:17:55.815 D/BluetoothRemoteDevices( 4286): Update property, device=XX:XX:XX:XX:28:E6, type: 4
06-29 13:17:55.815 D/BluetoothRemoteDevices( 4286): Skip class update, device=XX:XX:XX:XX:28:E6, cod=0x1f00
06-29 13:17:55.815 D/BluetoothRemoteDevices( 4286): Update property, device=XX:XX:XX:XX:28:E6, type: 5
06-29 13:17:55.815 D/BluetoothRemoteDevices( 4286):  BT_PROPERTY_TYPE_OF_DEVICE addr:CC:DB:A7:D8:28:E6 deviceType:2
06-29 13:17:55.815 D/HyperRemoteDevicesAdapter( 4286): Update property, device=CC:DB:A7:D8:28:E6, type: 1
06-29 13:17:55.815 D/HyperRemoteDevicesAdapter( 4286): Remote device name is: 1265R25491392BLE type = 2 CC:DB:A7:D8:28:E6
06-29 13:17:55.815 D/HyperRemoteDevicesAdapter( 4286): update name for XX:XX:XX:XX:28:E6 type = 2 name = 1265R25491392BLE 0
06-29 13:17:55.815 D/HyperRemoteDevicesAdapter( 4286): Update property, device=CC:DB:A7:D8:28:E6, type: 4
06-29 13:17:55.815 D/HyperRemoteDevicesAdapter( 4286): Update property, device=CC:DB:A7:D8:28:E6, type: 5
06-29 13:17:55.815 V/ScanController( 4286): onScanResult() - eventType=0x1b, addressType=0, address=XX:XX:XX:XX:28:E6, primaryPhy=1, secondaryPhy=0, advertisingSid=0xff, txPower=127, rssi=-51, periodicAdvInt=0x0, originalAddress=CC:DB:A7:D8:28:E6
06-29 13:17:55.815 V/ScanController( 4286): Skipping client: permission=true matches=false
06-29 13:17:55.815 V/ScanController( 4286): Skipping client: permission=true matches=false
06-29 13:17:55.815 V/ScanController( 4286): Skipping client: permission=true matches=false
06-29 13:17:55.816 V/ScanController( 4286): Skipping client: permission=true matches=false
06-29 13:17:55.816 V/ScanController( 4286): Skipping client: permission=true matches=false
06-29 13:17:55.818 W/SDM     ( 1897): HWEventsDRM::SetEventState: Registration of already registered hw event 14 occurred!!
06-29 13:17:55.827 W/SDM     ( 1897): HWEventsDRM::SetEventState: Registration of already registered hw event 14 occurred!!
06-29 13:17:55.835 W/SDM     ( 1897): HWEventsDRM::SetEventState: Registration of already registered hw event 14 occurred!!
06-29 13:17:55.843 W/SDM     ( 1897): HWEventsDRM::SetEventState: Registration of already registered hw event 14 occurred!!
06-29 13:17:55.851 W/SDM     ( 1897): HWEventsDRM::SetEventState: Registration of already registered hw event 14 occurred!!
06-29 13:17:55.853 D/BluetoothRemoteDevices( 4286): Update property, device=XX:XX:XX:XX:28:E6, type: 1
06-29 13:17:55.853 D/BluetoothRemoteDevices( 4286): Skip name update for XX:XX:XX:XX:28:E6
06-29 13:17:55.853 D/BluetoothRemoteDevices( 4286): Update property, device=XX:XX:XX:XX:28:E6, type: 4
06-29 13:17:55.853 D/BluetoothRemoteDevices( 4286): Skip class update, device=XX:XX:XX:XX:28:E6, cod=0x1f00
06-29 13:17:55.853 D/BluetoothRemoteDevices( 4286): Update property, device=XX:XX:XX:XX:28:E6, type: 5
06-29 13:17:55.853 D/BluetoothRemoteDevices( 4286):  BT_PROPERTY_TYPE_OF_DEVICE addr:CC:DB:A7:D8:28:E6 deviceType:2
06-29 13:17:55.853 D/HyperRemoteDevicesAdapter( 4286): Update property, device=CC:DB:A7:D8:28:E6, type: 1
06-29 13:17:55.853 D/HyperRemoteDevicesAdapter( 4286): Remote device name is: 1265R25491392BLE type = 2 CC:DB:A7:D8:28:E6
06-29 13:17:55.853 D/HyperRemoteDevicesAdapter( 4286): update name for XX:XX:XX:XX:28:E6 type = 2 name = 1265R25491392BLE 0
06-29 13:17:55.853 D/HyperRemoteDevicesAdapter( 4286): Update property, device=CC:DB:A7:D8:28:E6, type: 4
06-29 13:17:55.853 D/HyperRemoteDevicesAdapter( 4286): Update property, device=CC:DB:A7:D8:28:E6, type: 5
06-29 13:17:55.854 V/ScanController( 4286): onScanResult() - eventType=0x1b, addressType=0, address=XX:XX:XX:XX:28:E6, primaryPhy=1, secondaryPhy=0, advertisingSid=0xff, txPower=127, rssi=-51, periodicAdvInt=0x0, originalAddress=CC:DB:A7:D8:28:E6
06-29 13:17:55.854 V/ScanController( 4286): Skipping client: permission=true matches=false
06-29 13:17:55.854 V/ScanController( 4286): Skipping client: permission=true matches=false
06-29 13:17:55.854 V/ScanController( 4286): Skipping client: permission=true matches=false
06-29 13:17:55.854 V/ScanController( 4286): Skipping client: permission=true matches=false
06-29 13:17:55.854 V/ScanController( 4286): Skipping client: permission=true matches=false
06-29 13:17:55.860 W/SDM     ( 1897): HWEventsDRM::SetEventState: Registration of already registered hw event 14 occurred!!
06-29 13:17:55.868 W/SDM     ( 1897): HWEventsDRM::SetEventState: Registration of already registered hw event 14 occurred!!
06-29 13:17:55.877 W/SDM     ( 1897): HWEventsDRM::SetEventState: Registration of already registered hw event 14 occurred!!
06-29 13:17:55.885 W/SDM     ( 1897): HWEventsDRM::SetEventState: Registration of already registered hw event 14 occurred!!
06-29 13:17:55.893 I/vendor.qti.bluetooth@1.0-ibs_handler( 1773): ProcessIbsCmd: Received IBS_SLEEP_IND: 0xFE
06-29 13:17:55.893 D/vendor.qti.bluetooth@1.0-ibs_handler( 1773): SerialClockVote: vote for UART CLK OFF
06-29 13:17:55.893 W/SDM     ( 1897): HWEventsDRM::SetEventState: Registration of already registered hw event 14 occurred!!
06-29 13:17:55.902 W/SDM     ( 1897): HWEventsDRM::SetEventState: Registration of already registered hw event 14 occurred!!
06-29 13:17:55.902 I/vendor.qti.bluetooth@1.0-ibs_handler( 1773): ProcessIbsCmd: Received IBS_WAKE_IND: 0xFD
06-29 13:17:55.902 D/vendor.qti.bluetooth@1.0-ibs_handler( 1773): SerialClockVote: vote for UART CLK ON
06-29 13:17:55.902 I/vendor.qti.bluetooth@1.0-ibs_handler( 1773): ProcessIbsCmd: Writing IBS_WAKE_ACK
06-29 13:17:55.904 D/BluetoothRemoteDevices( 4286): Update property, device=XX:XX:XX:XX:28:E6, type: 1
06-29 13:17:55.904 D/BluetoothRemoteDevices( 4286): Skip name update for XX:XX:XX:XX:28:E6
06-29 13:17:55.904 D/BluetoothRemoteDevices( 4286): Update property, device=XX:XX:XX:XX:28:E6, type: 4
06-29 13:17:55.904 D/BluetoothRemoteDevices( 4286): Skip class update, device=XX:XX:XX:XX:28:E6, cod=0x1f00
06-29 13:17:55.904 D/BluetoothRemoteDevices( 4286): Update property, device=XX:XX:XX:XX:28:E6, type: 5
06-29 13:17:55.904 D/BluetoothRemoteDevices( 4286):  BT_PROPERTY_TYPE_OF_DEVICE addr:CC:DB:A7:D8:28:E6 deviceType:2
06-29 13:17:55.904 D/HyperRemoteDevicesAdapter( 4286): Update property, device=CC:DB:A7:D8:28:E6, type: 1
06-29 13:17:55.904 D/HyperRemoteDevicesAdapter( 4286): Remote device name is: 1265R25491392BLE type = 2 CC:DB:A7:D8:28:E6
06-29 13:17:55.904 D/HyperRemoteDevicesAdapter( 4286): update name for XX:XX:XX:XX:28:E6 type = 2 name = 1265R25491392BLE 0
06-29 13:17:55.904 D/HyperRemoteDevicesAdapter( 4286): Update property, device=CC:DB:A7:D8:28:E6, type: 4
06-29 13:17:55.904 D/HyperRemoteDevicesAdapter( 4286): Update property, device=CC:DB:A7:D8:28:E6, type: 5
06-29 13:17:55.904 V/ScanController( 4286): onScanResult() - eventType=0x1b, addressType=0, address=XX:XX:XX:XX:28:E6, primaryPhy=1, secondaryPhy=0, advertisingSid=0xff, txPower=127, rssi=-51, periodicAdvInt=0x0, originalAddress=CC:DB:A7:D8:28:E6
06-29 13:17:55.904 V/ScanController( 4286): Skipping client: permission=true matches=false
06-29 13:17:55.904 V/ScanController( 4286): Skipping client: permission=true matches=false
06-29 13:17:55.904 V/ScanController( 4286): Skipping client: permission=true matches=false
06-29 13:17:55.904 V/ScanController( 4286): Skipping client: permission=true matches=false
06-29 13:17:55.905 V/ScanController( 4286): Skipping client: permission=true matches=false
06-29 13:17:55.910 W/SDM     ( 1897): HWEventsDRM::SetEventState: Registration of already registered hw event 14 occurred!!
06-29 13:17:55.918 W/SDM     ( 1897): HWEventsDRM::SetEventState: Registration of already registered hw event 14 occurred!!
06-29 13:17:55.918 I/vendor.qti.hardware.display.composer-service( 1897): Sensor: notify citsensorservice to trigger cwb, misForced = 0
06-29 13:17:55.919 I/SDM     ( 1897): CWB config passed by cwb_client : tappoint 1  CWB_ROI : (79.000000 0.000000 480.000000 481.000000)
06-29 13:17:55.927 W/SDM     ( 1897): HWEventsDRM::SetEventState: Registration of already registered hw event 14 occurred!!
06-29 13:17:55.935 W/SDM     ( 1897): HWEventsDRM::SetEventState: Registration of already registered hw event 14 occurred!!
06-29 13:17:55.935 I/SDM     ( 1897): HWDeviceDRM::SetupConcurrentWriteback: Tear down the Concurrent Writeback topology
06-29 13:17:55.943 I/vendor.qti.bluetooth@1.0-ibs_handler( 1773): ProcessIbsCmd: Received IBS_SLEEP_IND: 0xFE
06-29 13:17:55.943 D/vendor.qti.bluetooth@1.0-ibs_handler( 1773): SerialClockVote: vote for UART CLK OFF
06-29 13:17:55.943 W/SDM     ( 1897): HWEventsDRM::SetEventState: Registration of already registered hw event 14 occurred!!
06-29 13:17:55.946 I/SDM     ( 1897): HWCSession::NotifyCWBStatus: Notify the client about buffer status 0.
06-29 13:17:55.946 I/vendor.qti.bluetooth@1.0-ibs_handler( 1773): ProcessIbsCmd: Received IBS_WAKE_IND: 0xFD
06-29 13:17:55.946 D/vendor.qti.bluetooth@1.0-ibs_handler( 1773): SerialClockVote: vote for UART CLK ON
06-29 13:17:55.946 I/vendor.qti.bluetooth@1.0-ibs_handler( 1773): ProcessIbsCmd: Writing IBS_WAKE_ACK
06-29 13:17:55.946 I/SDM     ( 1897): HWCSession::ProcessCWBStatus: CWB queue is empty. Display: 0
06-29 13:17:55.947 D/BluetoothRemoteDevices( 4286): Update property, device=XX:XX:XX:XX:28:E6, type: 1
06-29 13:17:55.947 D/BluetoothRemoteDevices( 4286): Skip name update for XX:XX:XX:XX:28:E6
06-29 13:17:55.947 D/BluetoothRemoteDevices( 4286): Update property, device=XX:XX:XX:XX:28:E6, type: 4
06-29 13:17:55.947 D/BluetoothRemoteDevices( 4286): Skip class update, device=XX:XX:XX:XX:28:E6, cod=0x1f00
06-29 13:17:55.947 D/BluetoothRemoteDevices( 4286): Update property, device=XX:XX:XX:XX:28:E6, type: 5
06-29 13:17:55.947 D/BluetoothRemoteDevices( 4286):  BT_PROPERTY_TYPE_OF_DEVICE addr:CC:DB:A7:D8:28:E6 deviceType:2
06-29 13:17:55.947 D/HyperRemoteDevicesAdapter( 4286): Update property, device=CC:DB:A7:D8:28:E6, type: 1
06-29 13:17:55.948 D/HyperRemoteDevicesAdapter( 4286): Remote device name is: 1265R25491392BLE type = 2 CC:DB:A7:D8:28:E6
06-29 13:17:55.948 D/HyperRemoteDevicesAdapter( 4286): update name for XX:XX:XX:XX:28:E6 type = 2 name = 1265R25491392BLE 0
06-29 13:17:55.948 D/HyperRemoteDevicesAdapter( 4286): Update property, device=CC:DB:A7:D8:28:E6, type: 4
06-29 13:17:55.948 D/HyperRemoteDevicesAdapter( 4286): Update property, device=CC:DB:A7:D8:28:E6, type: 5
06-29 13:17:55.948 V/ScanController( 4286): onScanResult() - eventType=0x1b, addressType=0, address=XX:XX:XX:XX:28:E6, primaryPhy=1, secondaryPhy=0, advertisingSid=0xff, txPower=127, rssi=-51, periodicAdvInt=0x0, originalAddress=CC:DB:A7:D8:28:E6
06-29 13:17:55.948 V/ScanController( 4286): Skipping client: permission=true matches=false
06-29 13:17:55.948 V/ScanController( 4286): Skipping client: permission=true matches=false
06-29 13:17:55.948 V/ScanController( 4286): Skipping client: permission=true matches=false
06-29 13:17:55.948 V/ScanController( 4286): Skipping client: permission=true matches=false
06-29 13:17:55.948 V/ScanController( 4286): Skipping client: permission=true matches=false
06-29 13:17:55.951 W/SDM     ( 1897): HWEventsDRM::SetEventState: Registration of already registered hw event 14 occurred!!
06-29 13:17:55.960 W/SDM     ( 1897): HWEventsDRM::SetEventState: Registration of already registered hw event 14 occurred!!
